{
    "-profile test_taxid": {
        "content": [
            {
                "BEDTOOLS_GENOMECOV": {
                    "bedtools": "2.31.1"
                },
                "BLAST_BLASTN": {
                    "blast": "2.16.0+"
                },
                "BOWTIE2_ALIGN": {
                    "bowtie2": "2.5.4",
                    "samtools": 1.21,
                    "pigz": 2.8
                },
                "BOWTIE2_BUILD": {
                    "bowtie2": "2.5.4"
                },
                "DIAMOND_BLASTX": {
                    "diamond": "2.1.12"
                },
                "FASTQC": {
                    "fastqc": "0.12.1"
                },
                "FILTER_BLASTN": {
                    "python": "3.12.3"
                },
                "FILTER_BLASTX": {
                    "python": "3.12.3"
                },
                "IGVREPORTS": {
                    "igvreports": "0.1.0"
                },
                "MINIMAP2_ALIGN": {
                    "minimap2": "2.29-r1283",
                    "samtools": 1.21
                },
                "MINIMAP2_INDEX": {
                    "minimap2": "2.29-r1283"
                },
                "PIGZ_UNCOMPRESS": {
                    "pigz": 2.8
                },
                "SAMTOOLS_FAIDX": {
                    "samtools": 1.21
                },
                "SAMTOOLS_FASTA": {
                    "samtools": 1.21
                },
                "SAMTOOLS_FLAGSTAT": {
                    "samtools": 1.21
                },
                "SAMTOOLS_IDXSTATS": {
                    "samtools": 1.21
                },
                "SAMTOOLS_INDEX": {
                    "samtools": 1.21
                },
                "SAMTOOLS_INDEX_FAIL": {
                    "samtools": 1.21
                },
                "SAMTOOLS_INDEX_PASS": {
                    "samtools": 1.21
                },
                "SAMTOOLS_SORT": {
                    "samtools": 1.21
                },
                "SAMTOOLS_SORT_FAIL": {
                    "samtools": 1.21
                },
                "SAMTOOLS_SORT_PASS": {
                    "samtools": 1.21
                },
                "SAMTOOLS_STATS": {
                    "samtools": 1.21
                },
                "SUBSET_BAM_FAIL": {
                    "samtools": 1.21
                },
                "SUBSET_BAM_PASS": {
                    "samtools": 1.21
                },
                "UNTAR_BLASTN": {
                    "untar": 1.34
                },
                "Workflow": {
                    "genomic-medicine-sweden/metaval": "v1.0dev"
                }
            }
        ],
        "meta": {
            "nf-test": "0.9.3",
            "nextflow": "25.04.8"
        },
        "timestamp": "2025-11-26T15:39:34.123547012"
    },
    "extracted_reads": {
        "content": [
            [
                [
                    "SRR13439790_878220.extracted_centrifuge_read1.fa:md5,5ec9f96f09847667c1a27bff29f9d697",
                    "SRR13439790_878220.extracted_centrifuge_read2.fa:md5,8486e2e949da0f392ce7123ce8623d65",
                    "SRR13439799_211044.extracted_centrifuge_read.fa:md5,de63484d995564c1bdec65408efa6a7b",
                    "SRR13439802_878220.extracted_centrifuge_read1.fa:md5,491f9867e5a307db6b1f9c05b02d12cf",
                    "SRR13439802_878220.extracted_centrifuge_read2.fa:md5,7544e195ea106dc6fb16d98c8bea72d1",
                    "SRR13439813_878220.extracted_centrifuge_read1.fa:md5,4ada0019d46103ac38bbbe4650c76a55",
                    "SRR13439813_878220.extracted_centrifuge_read2.fa:md5,348622c85a82e7e7dc18dbf6f35f6894"
                ],
                [
                    "SRR13439790_1920753.extracted_diamond_read1.fa:md5,5fad85280d0d281d0f0688bf6cf0b6cb",
                    "SRR13439790_1920753.extracted_diamond_read2.fa:md5,16eb466f4e8d847e17a7fba6191dde3d",
                    "SRR13439813_1920753.extracted_diamond_read1.fa:md5,6ba2d1aea0b0148c53ac9a95a3178790",
                    "SRR13439813_1920753.extracted_diamond_read2.fa:md5,1209f258ba3576498c750751fa763959",
                    "SRR13439813_878220.extracted_diamond_read1.fa:md5,950ef8f2e18398d6abf48b17be044c8e",
                    "SRR13439813_878220.extracted_diamond_read2.fa:md5,fcd68f18c4768cc3ef6074ad854b386f"
                ],
                [
                    "SRR13439790_1920753.extracted_kraken2_read_1.fa:md5,106d87a30333bf371d797b367c87d71b",
                    "SRR13439790_1920753.extracted_kraken2_read_2.fa:md5,2c0a0d0c31479667dc8130a2e7481b9b",
                    "SRR13439799_211044.extracted_kraken2_read.fa:md5,415086e10a205ff05b092304166f7415",
                    "SRR13439813_1920753.extracted_kraken2_read_1.fa:md5,456441682fb4c1c1ea88cd4be20f11c6",
                    "SRR13439813_1920753.extracted_kraken2_read_2.fa:md5,8ea657a5431dbe137e517c4497edb02f",
                    "SRR13439813_878220.extracted_kraken2_read_1.fa:md5,1a9c931f760c3077cce015bcb18ed2da",
                    "SRR13439813_878220.extracted_kraken2_read_2.fa:md5,bb6d2a3df63da1fd93a8d6ad2f7121f1"
                ]
            ]
        ],
        "meta": {
            "nf-test": "0.9.3",
            "nextflow": "25.04.8"
        },
        "timestamp": "2025-11-26T15:39:34.362677957"
    },
    "blastx": {
        "content": [
            true,
            true,
            true,
            true,
            true,
            true,
            true,
            true,
            true,
            true,
            true,
            true,
            true,
            true,
            true,
            true,
            true,
            true,
            true,
            true,
            true,
            [
                "centrifuge/SRR13439790_878220_blastx.txt",
                "centrifuge/SRR13439799_211044_blastx.txt",
                "centrifuge/SRR13439799_211044_blastx_filtered.txt",
                "centrifuge/SRR13439799_211044_blastx_filtered_summary.txt",
                "centrifuge/SRR13439802_878220_blastx.txt",
                "centrifuge/SRR13439813_878220_blastx.txt",
                "centrifuge/SRR13439813_878220_blastx_filtered.txt",
                "centrifuge/SRR13439813_878220_blastx_filtered_summary.txt",
                "diamond/SRR13439790_1920753_blastx.txt",
                "diamond/SRR13439813_1920753_blastx.txt",
                "diamond/SRR13439813_878220_blastx.txt",
                "diamond/SRR13439813_878220_blastx_filtered.txt",
                "diamond/SRR13439813_878220_blastx_filtered_summary.txt",
                "kraken2/SRR13439790_1920753_blastx.txt",
                "kraken2/SRR13439799_211044_blastx.txt",
                "kraken2/SRR13439799_211044_blastx_filtered.txt",
                "kraken2/SRR13439799_211044_blastx_filtered_summary.txt",
                "kraken2/SRR13439813_1920753_blastx.txt",
                "kraken2/SRR13439813_1920753_blastx_filtered.txt",
                "kraken2/SRR13439813_1920753_blastx_filtered_summary.txt",
                "kraken2/SRR13439813_878220_blastx.txt",
                "kraken2/SRR13439813_878220_blastx_filtered.txt",
                "kraken2/SRR13439813_878220_blastx_filtered_summary.txt"
            ]
        ],
        "meta": {
            "nf-test": "0.9.3",
            "nextflow": "25.04.8"
        },
        "timestamp": "2025-11-26T15:39:34.354137501"
    },
    "blastn": {
        "content": [
            true,
            true,
            true,
            true,
            true,
            true,
            true,
            true,
            true,
            true,
            true,
            true,
            true,
            true,
            true,
            true,
            true,
            true,
            true,
            true,
            true,
            true,
            true,
            true,
            false,
            true,
            true,
            [
                "centrifuge/SRR13439790_878220_blast.txt",
                "centrifuge/SRR13439790_878220_blast_filtered.txt",
                "centrifuge/SRR13439790_878220_blast_filtered_summary.txt",
                "centrifuge/SRR13439799_211044_blast.txt",
                "centrifuge/SRR13439799_211044_blast_filtered.txt",
                "centrifuge/SRR13439799_211044_blast_filtered_summary.txt",
                "centrifuge/SRR13439802_878220_blast.txt",
                "centrifuge/SRR13439802_878220_blast_filtered.txt",
                "centrifuge/SRR13439802_878220_blast_filtered_summary.txt",
                "centrifuge/SRR13439813_878220_blast.txt",
                "centrifuge/SRR13439813_878220_blast_filtered.txt",
                "centrifuge/SRR13439813_878220_blast_filtered_summary.txt",
                "diamond/SRR13439790_1920753_blast.txt",
                "diamond/SRR13439813_1920753_blast.txt",
                "diamond/SRR13439813_1920753_blast_filtered.txt",
                "diamond/SRR13439813_1920753_blast_filtered_summary.txt",
                "diamond/SRR13439813_878220_blast.txt",
                "diamond/SRR13439813_878220_blast_filtered.txt",
                "diamond/SRR13439813_878220_blast_filtered_summary.txt",
                "kraken2/SRR13439790_1920753_blast.txt",
                "kraken2/SRR13439790_1920753_blast_filtered.txt",
                "kraken2/SRR13439790_1920753_blast_filtered_summary.txt",
                "kraken2/SRR13439799_211044_blast.txt",
                "kraken2/SRR13439799_211044_blast_filtered.txt",
                "kraken2/SRR13439799_211044_blast_filtered_summary.txt",
                "kraken2/SRR13439813_1920753_blast.txt",
                "kraken2/SRR13439813_1920753_blast_filtered.txt",
                "kraken2/SRR13439813_1920753_blast_filtered_summary.txt",
                "kraken2/SRR13439813_878220_blast.txt",
                "kraken2/SRR13439813_878220_blast_filtered.txt",
                "kraken2/SRR13439813_878220_blast_filtered_summary.txt"
            ]
        ],
        "meta": {
            "nf-test": "0.9.3",
            "nextflow": "25.04.8"
        },
        "timestamp": "2025-11-26T15:39:34.327600609"
    }
}