{
    "-profile test_taxid": {
        "content": [
            {
                "BEDTOOLS_GENOMECOV": {
                    "bedtools": "2.31.1"
                },
                "BLAST_BLASTN": {
                    "blast": "2.16.0+"
                },
                "BOWTIE2_ALIGN": {
                    "bowtie2": "2.5.4",
                    "samtools": 1.21,
                    "pigz": 2.8
                },
                "BOWTIE2_BUILD": {
                    "bowtie2": "2.5.4"
                },
                "DIAMOND_BLASTX": {
                    "diamond": "2.1.12"
                },
                "FASTQC": {
                    "fastqc": "0.12.1"
                },
                "FILTER_BLASTN": {
                    "python": "3.12.3"
                },
                "FILTER_BLASTX": {
                    "python": "3.12.3"
                },
                "IGVREPORTS": {
                    "igvreports": "0.1.0"
                },
                "MINIMAP2_ALIGN": {
                    "minimap2": "2.29-r1283",
                    "samtools": 1.21
                },
                "MINIMAP2_INDEX": {
                    "minimap2": "2.29-r1283"
                },
                "PIGZ_UNCOMPRESS": {
                    "pigz": 2.8
                },
                "SAMTOOLS_FAIDX": {
                    "samtools": 1.21
                },
                "SAMTOOLS_FASTA": {
                    "samtools": 1.21
                },
                "SAMTOOLS_FLAGSTAT": {
                    "samtools": 1.21
                },
                "SAMTOOLS_IDXSTATS": {
                    "samtools": 1.21
                },
                "SAMTOOLS_INDEX": {
                    "samtools": 1.21
                },
                "SAMTOOLS_INDEX_FAIL": {
                    "samtools": 1.21
                },
                "SAMTOOLS_INDEX_PASS": {
                    "samtools": 1.21
                },
                "SAMTOOLS_SORT": {
                    "samtools": 1.21
                },
                "SAMTOOLS_SORT_FAIL": {
                    "samtools": 1.21
                },
                "SAMTOOLS_SORT_PASS": {
                    "samtools": 1.21
                },
                "SAMTOOLS_STATS": {
                    "samtools": 1.21
                },
                "SUBSET_BAM_FAIL": {
                    "samtools": 1.21
                },
                "SUBSET_BAM_PASS": {
                    "samtools": 1.21
                },
                "UNTAR_BLASTN": {
                    "untar": 1.34
                },
                "Workflow": {
                    "genomic-medicine-sweden/metaval": "v1.0dev"
                }
            }
        ],
        "meta": {
            "nf-test": "0.9.3",
            "nextflow": "25.04.8"
        },
        "timestamp": "2025-11-26T14:33:04.093295281"
    },
    "blastx": {
        "content": [
            [
                [
                    "SRR13439790_878220_blastx.txt:md5,d41d8cd98f00b204e9800998ecf8427e",
                    "SRR13439799_211044_blastx.txt:md5,acbbf4d89a2f8c018ddf3c2629943eb1",
                    "SRR13439799_211044_blastx_filtered.txt:md5,635c70126c3dabb9f6204e427f89e043",
                    "SRR13439799_211044_blastx_filtered_summary.txt:md5,0c7135e73a37f2a48e1a6b2b825f01b7",
                    "SRR13439802_878220_blastx.txt:md5,9912811b3a68cdc5af88275f5f9089e5",
                    "SRR13439813_878220_blastx.txt:md5,0f4bf0e695c6b1860e84a882b8b404b8",
                    "SRR13439813_878220_blastx_filtered.txt:md5,adbc8dad9d7bd59a9df5aa369d50701a",
                    "SRR13439813_878220_blastx_filtered_summary.txt:md5,1de1a3ac921fbc1e478817317aa04749"
                ],
                [
                    "SRR13439790_1920753_blastx.txt:md5,d0dea90b4a31443943e92a3a460d8180",
                    "SRR13439813_1920753_blastx.txt:md5,655c30608a580e8cb0728e4c63b214fe",
                    "SRR13439813_878220_blastx.txt:md5,583dc6fdc16e475808797cde08c5befb",
                    "SRR13439813_878220_blastx_filtered.txt:md5,2f9e8de0b5d800f97fb2a27d9f5809fb",
                    "SRR13439813_878220_blastx_filtered_summary.txt:md5,1d8922173df709be367b587b377457ff"
                ],
                [
                    "SRR13439790_1920753_blastx.txt:md5,bb8b7175925fd75d8366e169edb4b776",
                    "SRR13439799_211044_blastx.txt:md5,6a2e79199dfd16a9cc523ca24c6fcd43",
                    "SRR13439799_211044_blastx_filtered.txt:md5,bd22a51920e3ba14447f107b3c8ac981",
                    "SRR13439799_211044_blastx_filtered_summary.txt:md5,f93255b5f8ea0fb89da9ecbb4bc4b728",
                    "SRR13439813_1920753_blastx.txt:md5,1b806d92a4859a349cf912956f20e712",
                    "SRR13439813_1920753_blastx_filtered.txt:md5,b4ae3b02166aa286da1dd78f1149abbe",
                    "SRR13439813_1920753_blastx_filtered_summary.txt:md5,c61be191274d5dd541ccfc4a357ccf38",
                    "SRR13439813_878220_blastx.txt:md5,6e9c2ca19c60e7f3ea291de1e6bef123",
                    "SRR13439813_878220_blastx_filtered.txt:md5,69d14ebb5622f1fbf6dd0d63b055fd4b",
                    "SRR13439813_878220_blastx_filtered_summary.txt:md5,f42318744be6850f66d5ba67402a6086"
                ]
            ]
        ],
        "meta": {
            "nf-test": "0.9.3",
            "nextflow": "25.04.8"
        },
        "timestamp": "2025-11-26T14:33:04.190390646"
    },
    "blastn": {
        "content": [
            true,
            true,
            true,
            true,
            true,
            true,
            true,
            true,
            true,
            true,
            true,
            true,
            true,
            true,
            true,
            true,
            true,
            true,
            true,
            true,
            true,
            true,
            true,
            true,
            false,
            true,
            true,
            [
                "centrifuge/SRR13439790_878220_blast.txt",
                "centrifuge/SRR13439790_878220_blast_filtered.txt",
                "centrifuge/SRR13439790_878220_blast_filtered_summary.txt",
                "centrifuge/SRR13439799_211044_blast.txt",
                "centrifuge/SRR13439799_211044_blast_filtered.txt",
                "centrifuge/SRR13439799_211044_blast_filtered_summary.txt",
                "centrifuge/SRR13439802_878220_blast.txt",
                "centrifuge/SRR13439802_878220_blast_filtered.txt",
                "centrifuge/SRR13439802_878220_blast_filtered_summary.txt",
                "centrifuge/SRR13439813_878220_blast.txt",
                "centrifuge/SRR13439813_878220_blast_filtered.txt",
                "centrifuge/SRR13439813_878220_blast_filtered_summary.txt",
                "diamond/SRR13439790_1920753_blast.txt",
                "diamond/SRR13439813_1920753_blast.txt",
                "diamond/SRR13439813_1920753_blast_filtered.txt",
                "diamond/SRR13439813_1920753_blast_filtered_summary.txt",
                "diamond/SRR13439813_878220_blast.txt",
                "diamond/SRR13439813_878220_blast_filtered.txt",
                "diamond/SRR13439813_878220_blast_filtered_summary.txt",
                "kraken2/SRR13439790_1920753_blast.txt",
                "kraken2/SRR13439790_1920753_blast_filtered.txt",
                "kraken2/SRR13439790_1920753_blast_filtered_summary.txt",
                "kraken2/SRR13439799_211044_blast.txt",
                "kraken2/SRR13439799_211044_blast_filtered.txt",
                "kraken2/SRR13439799_211044_blast_filtered_summary.txt",
                "kraken2/SRR13439813_1920753_blast.txt",
                "kraken2/SRR13439813_1920753_blast_filtered.txt",
                "kraken2/SRR13439813_1920753_blast_filtered_summary.txt",
                "kraken2/SRR13439813_878220_blast.txt",
                "kraken2/SRR13439813_878220_blast_filtered.txt",
                "kraken2/SRR13439813_878220_blast_filtered_summary.txt"
            ]
        ],
        "meta": {
            "nf-test": "0.9.3",
            "nextflow": "25.04.8"
        },
        "timestamp": "2025-11-26T14:33:04.173379142"
    }
}