{
    "-profile test_extract_centrifuge_reads": {
        "content": [
            175,
            {
                "Workflow": {
                    "genomic-medicine-sweden/metaval": "v1.0dev"
                }
            }
        ],
        "meta": {
            "nf-test": "0.9.2",
            "nextflow": "25.04.2"
        },
        "timestamp": "2025-07-31T15:47:16.507870853"
    },
    "all_files": {
        "content": [
            [
                "extracted_reads/centrifuge/SRR13439790_10752.extracted_centrifuge_read1.fastq.gz",
                "extracted_reads/centrifuge/SRR13439790_10752.extracted_centrifuge_read2.fastq.gz",
                "extracted_reads/centrifuge/SRR13439790_1204528.extracted_centrifuge_read1.fastq.gz",
                "extracted_reads/centrifuge/SRR13439790_1204528.extracted_centrifuge_read2.fastq.gz",
                "extracted_reads/centrifuge/SRR13439790_1239384.extracted_centrifuge_read1.fastq.gz",
                "extracted_reads/centrifuge/SRR13439790_1239384.extracted_centrifuge_read2.fastq.gz",
                "extracted_reads/centrifuge/SRR13439790_1391223.extracted_centrifuge_read1.fastq.gz",
                "extracted_reads/centrifuge/SRR13439790_1391223.extracted_centrifuge_read2.fastq.gz",
                "extracted_reads/centrifuge/SRR13439790_1414738.extracted_centrifuge_read1.fastq.gz",
                "extracted_reads/centrifuge/SRR13439790_1414738.extracted_centrifuge_read2.fastq.gz",
                "extracted_reads/centrifuge/SRR13439790_1604356.extracted_centrifuge_read1.fastq.gz",
                "extracted_reads/centrifuge/SRR13439790_1604356.extracted_centrifuge_read2.fastq.gz",
                "extracted_reads/centrifuge/SRR13439790_1719140.extracted_centrifuge_read1.fastq.gz",
                "extracted_reads/centrifuge/SRR13439790_1719140.extracted_centrifuge_read2.fastq.gz",
                "extracted_reads/centrifuge/SRR13439790_335341.extracted_centrifuge_read1.fastq.gz",
                "extracted_reads/centrifuge/SRR13439790_335341.extracted_centrifuge_read2.fastq.gz",
                "extracted_reads/centrifuge/SRR13439790_687349.extracted_centrifuge_read1.fastq.gz",
                "extracted_reads/centrifuge/SRR13439790_687349.extracted_centrifuge_read2.fastq.gz",
                "extracted_reads/centrifuge/SRR13439799_1450746.extracted_centrifuge_read.fastq.gz",
                "extracted_reads/centrifuge/SRR13439799_211044.extracted_centrifuge_read.fastq.gz",
                "extracted_reads/centrifuge/SRR13439799_693272.extracted_centrifuge_read.fastq.gz",
                "extracted_reads/centrifuge/SRR13439802_11676.extracted_centrifuge_read1.fastq.gz",
                "extracted_reads/centrifuge/SRR13439802_11676.extracted_centrifuge_read2.fastq.gz",
                "extracted_reads/centrifuge/SRR13439802_1349410.extracted_centrifuge_read1.fastq.gz",
                "extracted_reads/centrifuge/SRR13439802_1349410.extracted_centrifuge_read2.fastq.gz",
                "extracted_reads/centrifuge/SRR13439802_159150.extracted_centrifuge_read1.fastq.gz",
                "extracted_reads/centrifuge/SRR13439802_159150.extracted_centrifuge_read2.fastq.gz",
                "extracted_reads/centrifuge/SRR13439802_364745.extracted_centrifuge_read1.fastq.gz",
                "extracted_reads/centrifuge/SRR13439802_364745.extracted_centrifuge_read2.fastq.gz",
                "extracted_reads/centrifuge/SRR13439802_37665.extracted_centrifuge_read1.fastq.gz",
                "extracted_reads/centrifuge/SRR13439802_37665.extracted_centrifuge_read2.fastq.gz",
                "extracted_reads/centrifuge/SRR13439802_687369.extracted_centrifuge_read1.fastq.gz",
                "extracted_reads/centrifuge/SRR13439802_687369.extracted_centrifuge_read2.fastq.gz",
                "extracted_reads/centrifuge/SRR13439802_687370.extracted_centrifuge_read1.fastq.gz",
                "extracted_reads/centrifuge/SRR13439802_687370.extracted_centrifuge_read2.fastq.gz",
                "extracted_reads/centrifuge/SRR13439813_1005056.extracted_centrifuge_read1.fastq.gz",
                "extracted_reads/centrifuge/SRR13439813_1005056.extracted_centrifuge_read2.fastq.gz",
                "extracted_reads/centrifuge/SRR13439813_103442.extracted_centrifuge_read1.fastq.gz",
                "extracted_reads/centrifuge/SRR13439813_103442.extracted_centrifuge_read2.fastq.gz",
                "extracted_reads/centrifuge/SRR13439813_10406.extracted_centrifuge_read1.fastq.gz",
                "extracted_reads/centrifuge/SRR13439813_10406.extracted_centrifuge_read2.fastq.gz",
                "extracted_reads/centrifuge/SRR13439813_10407.extracted_centrifuge_read1.fastq.gz",
                "extracted_reads/centrifuge/SRR13439813_10407.extracted_centrifuge_read2.fastq.gz",
                "extracted_reads/centrifuge/SRR13439813_10454.extracted_centrifuge_read1.fastq.gz",
                "extracted_reads/centrifuge/SRR13439813_10454.extracted_centrifuge_read2.fastq.gz",
                "extracted_reads/centrifuge/SRR13439813_1051675.extracted_centrifuge_read1.fastq.gz",
                "extracted_reads/centrifuge/SRR13439813_1051675.extracted_centrifuge_read2.fastq.gz",
                "extracted_reads/centrifuge/SRR13439813_1054461.extracted_centrifuge_read1.fastq.gz",
                "extracted_reads/centrifuge/SRR13439813_1054461.extracted_centrifuge_read2.fastq.gz",
                "extracted_reads/centrifuge/SRR13439813_10699.extracted_centrifuge_read1.fastq.gz",
                "extracted_reads/centrifuge/SRR13439813_10699.extracted_centrifuge_read2.fastq.gz",
                "extracted_reads/centrifuge/SRR13439813_10704.extracted_centrifuge_read1.fastq.gz",
                "extracted_reads/centrifuge/SRR13439813_10704.extracted_centrifuge_read2.fastq.gz",
                "extracted_reads/centrifuge/SRR13439813_10752.extracted_centrifuge_read1.fastq.gz",
                "extracted_reads/centrifuge/SRR13439813_10752.extracted_centrifuge_read2.fastq.gz",
                "extracted_reads/centrifuge/SRR13439813_1109713.extracted_centrifuge_read1.fastq.gz",
                "extracted_reads/centrifuge/SRR13439813_1109713.extracted_centrifuge_read2.fastq.gz",
                "extracted_reads/centrifuge/SRR13439813_1116482.extracted_centrifuge_read1.fastq.gz",
                "extracted_reads/centrifuge/SRR13439813_1116482.extracted_centrifuge_read2.fastq.gz",
                "extracted_reads/centrifuge/SRR13439813_1128118.extracted_centrifuge_read1.fastq.gz",
                "extracted_reads/centrifuge/SRR13439813_1128118.extracted_centrifuge_read2.fastq.gz",
                "extracted_reads/centrifuge/SRR13439813_1133022.extracted_centrifuge_read1.fastq.gz",
                "extracted_reads/centrifuge/SRR13439813_1133022.extracted_centrifuge_read2.fastq.gz",
                "extracted_reads/centrifuge/SRR13439813_1141134.extracted_centrifuge_read1.fastq.gz",
                "extracted_reads/centrifuge/SRR13439813_1141134.extracted_centrifuge_read2.fastq.gz",
                "extracted_reads/centrifuge/SRR13439813_1141135.extracted_centrifuge_read1.fastq.gz",
                "extracted_reads/centrifuge/SRR13439813_1141135.extracted_centrifuge_read2.fastq.gz",
                "extracted_reads/centrifuge/SRR13439813_1151014.extracted_centrifuge_read1.fastq.gz",
                "extracted_reads/centrifuge/SRR13439813_1151014.extracted_centrifuge_read2.fastq.gz",
                "extracted_reads/centrifuge/SRR13439813_1162290.extracted_centrifuge_read1.fastq.gz",
                "extracted_reads/centrifuge/SRR13439813_1162290.extracted_centrifuge_read2.fastq.gz",
                "extracted_reads/centrifuge/SRR13439813_1162295.extracted_centrifuge_read1.fastq.gz",
                "extracted_reads/centrifuge/SRR13439813_1162295.extracted_centrifuge_read2.fastq.gz",
                "extracted_reads/centrifuge/SRR13439813_1163482.extracted_centrifuge_read1.fastq.gz",
                "extracted_reads/centrifuge/SRR13439813_1163482.extracted_centrifuge_read2.fastq.gz",
                "extracted_reads/centrifuge/SRR13439813_1173749.extracted_centrifuge_read1.fastq.gz",
                "extracted_reads/centrifuge/SRR13439813_1173749.extracted_centrifuge_read2.fastq.gz",
                "extracted_reads/centrifuge/SRR13439813_1173754.extracted_centrifuge_read1.fastq.gz",
                "extracted_reads/centrifuge/SRR13439813_1173754.extracted_centrifuge_read2.fastq.gz",
                "extracted_reads/centrifuge/SRR13439813_1173757.extracted_centrifuge_read1.fastq.gz",
                "extracted_reads/centrifuge/SRR13439813_1173757.extracted_centrifuge_read2.fastq.gz",
                "extracted_reads/centrifuge/SRR13439813_1188794.extracted_centrifuge_read1.fastq.gz",
                "extracted_reads/centrifuge/SRR13439813_1188794.extracted_centrifuge_read2.fastq.gz",
                "extracted_reads/centrifuge/SRR13439813_1204528.extracted_centrifuge_read1.fastq.gz",
                "extracted_reads/centrifuge/SRR13439813_1204528.extracted_centrifuge_read2.fastq.gz",
                "extracted_reads/centrifuge/SRR13439813_1204529.extracted_centrifuge_read1.fastq.gz",
                "extracted_reads/centrifuge/SRR13439813_1204529.extracted_centrifuge_read2.fastq.gz",
                "extracted_reads/centrifuge/SRR13439813_1206545.extracted_centrifuge_read1.fastq.gz",
                "extracted_reads/centrifuge/SRR13439813_1206545.extracted_centrifuge_read2.fastq.gz",
                "extracted_reads/centrifuge/SRR13439813_1211640.extracted_centrifuge_read1.fastq.gz",
                "extracted_reads/centrifuge/SRR13439813_1211640.extracted_centrifuge_read2.fastq.gz",
                "extracted_reads/centrifuge/SRR13439813_1217810.extracted_centrifuge_read1.fastq.gz",
                "extracted_reads/centrifuge/SRR13439813_1217810.extracted_centrifuge_read2.fastq.gz",
                "extracted_reads/centrifuge/SRR13439813_1229753.extracted_centrifuge_read1.fastq.gz",
                "extracted_reads/centrifuge/SRR13439813_1229753.extracted_centrifuge_read2.fastq.gz",
                "extracted_reads/centrifuge/SRR13439813_1235689.extracted_centrifuge_read1.fastq.gz",
                "extracted_reads/centrifuge/SRR13439813_1235689.extracted_centrifuge_read2.fastq.gz",
                "extracted_reads/centrifuge/SRR13439813_1239384.extracted_centrifuge_read1.fastq.gz",
                "extracted_reads/centrifuge/SRR13439813_1239384.extracted_centrifuge_read2.fastq.gz",
                "extracted_reads/centrifuge/SRR13439813_1269028.extracted_centrifuge_read1.fastq.gz",
                "extracted_reads/centrifuge/SRR13439813_1269028.extracted_centrifuge_read2.fastq.gz",
                "extracted_reads/centrifuge/SRR13439813_1282995.extracted_centrifuge_read1.fastq.gz",
                "extracted_reads/centrifuge/SRR13439813_1282995.extracted_centrifuge_read2.fastq.gz",
                "extracted_reads/centrifuge/SRR13439813_1303386.extracted_centrifuge_read1.fastq.gz",
                "extracted_reads/centrifuge/SRR13439813_1303386.extracted_centrifuge_read2.fastq.gz",
                "extracted_reads/centrifuge/SRR13439813_1325963.extracted_centrifuge_read1.fastq.gz",
                "extracted_reads/centrifuge/SRR13439813_1325963.extracted_centrifuge_read2.fastq.gz",
                "extracted_reads/centrifuge/SRR13439813_1335230.extracted_centrifuge_read1.fastq.gz",
                "extracted_reads/centrifuge/SRR13439813_1335230.extracted_centrifuge_read2.fastq.gz",
                "extracted_reads/centrifuge/SRR13439813_1340534.extracted_centrifuge_read1.fastq.gz",
                "extracted_reads/centrifuge/SRR13439813_1340534.extracted_centrifuge_read2.fastq.gz",
                "extracted_reads/centrifuge/SRR13439813_1340830.extracted_centrifuge_read1.fastq.gz",
                "extracted_reads/centrifuge/SRR13439813_1340830.extracted_centrifuge_read2.fastq.gz",
                "extracted_reads/centrifuge/SRR13439813_1349409.extracted_centrifuge_read1.fastq.gz",
                "extracted_reads/centrifuge/SRR13439813_1349409.extracted_centrifuge_read2.fastq.gz",
                "extracted_reads/centrifuge/SRR13439813_1349410.extracted_centrifuge_read1.fastq.gz",
                "extracted_reads/centrifuge/SRR13439813_1349410.extracted_centrifuge_read2.fastq.gz",
                "extracted_reads/centrifuge/SRR13439813_1357714.extracted_centrifuge_read1.fastq.gz",
                "extracted_reads/centrifuge/SRR13439813_1357714.extracted_centrifuge_read2.fastq.gz",
                "extracted_reads/centrifuge/SRR13439813_1391223.extracted_centrifuge_read1.fastq.gz",
                "extracted_reads/centrifuge/SRR13439813_1391223.extracted_centrifuge_read2.fastq.gz",
                "extracted_reads/centrifuge/SRR13439813_1391428.extracted_centrifuge_read1.fastq.gz",
                "extracted_reads/centrifuge/SRR13439813_1391428.extracted_centrifuge_read2.fastq.gz",
                "extracted_reads/centrifuge/SRR13439813_1395983.extracted_centrifuge_read1.fastq.gz",
                "extracted_reads/centrifuge/SRR13439813_1395983.extracted_centrifuge_read2.fastq.gz",
                "extracted_reads/centrifuge/SRR13439813_1410331.extracted_centrifuge_read1.fastq.gz",
                "extracted_reads/centrifuge/SRR13439813_1410331.extracted_centrifuge_read2.fastq.gz",
                "extracted_reads/centrifuge/SRR13439813_1414738.extracted_centrifuge_read1.fastq.gz",
                "extracted_reads/centrifuge/SRR13439813_1414738.extracted_centrifuge_read2.fastq.gz",
                "extracted_reads/centrifuge/SRR13439813_1416009.extracted_centrifuge_read1.fastq.gz",
                "extracted_reads/centrifuge/SRR13439813_1416009.extracted_centrifuge_read2.fastq.gz",
                "extracted_reads/centrifuge/SRR13439813_1429767.extracted_centrifuge_read1.fastq.gz",
                "extracted_reads/centrifuge/SRR13439813_1429767.extracted_centrifuge_read2.fastq.gz",
                "extracted_reads/centrifuge/SRR13439813_1429768.extracted_centrifuge_read1.fastq.gz",
                "extracted_reads/centrifuge/SRR13439813_1429768.extracted_centrifuge_read2.fastq.gz",
                "extracted_reads/centrifuge/SRR13439813_1458843.extracted_centrifuge_read1.fastq.gz",
                "extracted_reads/centrifuge/SRR13439813_1458843.extracted_centrifuge_read2.fastq.gz",
                "extracted_reads/centrifuge/SRR13439813_1458848.extracted_centrifuge_read1.fastq.gz",
                "extracted_reads/centrifuge/SRR13439813_1458848.extracted_centrifuge_read2.fastq.gz",
                "extracted_reads/centrifuge/SRR13439813_1458863.extracted_centrifuge_read1.fastq.gz",
                "extracted_reads/centrifuge/SRR13439813_1458863.extracted_centrifuge_read2.fastq.gz",
                "extracted_reads/centrifuge/SRR13439813_1498172.extracted_centrifuge_read1.fastq.gz",
                "extracted_reads/centrifuge/SRR13439813_1498172.extracted_centrifuge_read2.fastq.gz",
                "extracted_reads/centrifuge/SRR13439813_1508710.extracted_centrifuge_read1.fastq.gz",
                "extracted_reads/centrifuge/SRR13439813_1508710.extracted_centrifuge_read2.fastq.gz",
                "extracted_reads/centrifuge/SRR13439813_1508711.extracted_centrifuge_read1.fastq.gz",
                "extracted_reads/centrifuge/SRR13439813_1508711.extracted_centrifuge_read2.fastq.gz",
                "extracted_reads/centrifuge/SRR13439813_1511914.extracted_centrifuge_read1.fastq.gz",
                "extracted_reads/centrifuge/SRR13439813_1511914.extracted_centrifuge_read2.fastq.gz",
                "extracted_reads/centrifuge/SRR13439813_1527519.extracted_centrifuge_read1.fastq.gz",
                "extracted_reads/centrifuge/SRR13439813_1527519.extracted_centrifuge_read2.fastq.gz",
                "extracted_reads/centrifuge/SRR13439813_1536597.extracted_centrifuge_read1.fastq.gz",
                "extracted_reads/centrifuge/SRR13439813_1536597.extracted_centrifuge_read2.fastq.gz",
                "extracted_reads/centrifuge/SRR13439813_1540823.extracted_centrifuge_read1.fastq.gz",
                "extracted_reads/centrifuge/SRR13439813_1540823.extracted_centrifuge_read2.fastq.gz",
                "extracted_reads/centrifuge/SRR13439813_1541887.extracted_centrifuge_read1.fastq.gz",
                "extracted_reads/centrifuge/SRR13439813_1541887.extracted_centrifuge_read2.fastq.gz",
                "extracted_reads/centrifuge/SRR13439813_1543203.extracted_centrifuge_read1.fastq.gz",
                "extracted_reads/centrifuge/SRR13439813_1543203.extracted_centrifuge_read2.fastq.gz",
                "extracted_reads/centrifuge/SRR13439813_1543207.extracted_centrifuge_read1.fastq.gz",
                "extracted_reads/centrifuge/SRR13439813_1543207.extracted_centrifuge_read2.fastq.gz",
                "extracted_reads/centrifuge/SRR13439813_1563661.extracted_centrifuge_read1.fastq.gz",
                "extracted_reads/centrifuge/SRR13439813_1563661.extracted_centrifuge_read2.fastq.gz",
                "extracted_reads/centrifuge/SRR13439813_1566995.extracted_centrifuge_read1.fastq.gz",
                "extracted_reads/centrifuge/SRR13439813_1566995.extracted_centrifuge_read2.fastq.gz",
                "extracted_reads/centrifuge/SRR13439813_1572702.extracted_centrifuge_read1.fastq.gz",
                "extracted_reads/centrifuge/SRR13439813_1572702.extracted_centrifuge_read2.fastq.gz",
                "extracted_reads/centrifuge/SRR13439813_1579460.extracted_centrifuge_read1.fastq.gz",
                "extracted_reads/centrifuge/SRR13439813_1579460.extracted_centrifuge_read2.fastq.gz",
                "extracted_reads/centrifuge/SRR13439813_1580591.extracted_centrifuge_read1.fastq.gz",
                "extracted_reads/centrifuge/SRR13439813_1580591.extracted_centrifuge_read2.fastq.gz",
                "extracted_reads/centrifuge/SRR13439813_1585840.extracted_centrifuge_read1.fastq.gz",
                "extracted_reads/centrifuge/SRR13439813_1585840.extracted_centrifuge_read2.fastq.gz",
                "extracted_reads/centrifuge/SRR13439813_159150.extracted_centrifuge_read1.fastq.gz",
                "extracted_reads/centrifuge/SRR13439813_159150.extracted_centrifuge_read2.fastq.gz",
                "extracted_reads/centrifuge/SRR13439813_1604356.extracted_centrifuge_read1.fastq.gz",
                "extracted_reads/centrifuge/SRR13439813_1604356.extracted_centrifuge_read2.fastq.gz",
                "extracted_reads/centrifuge/SRR13439813_1647302.extracted_centrifuge_read1.fastq.gz",
                "extracted_reads/centrifuge/SRR13439813_1647302.extracted_centrifuge_read2.fastq.gz",
                "extracted_reads/centrifuge/SRR13439813_1647385.extracted_centrifuge_read1.fastq.gz",
                "extracted_reads/centrifuge/SRR13439813_1647385.extracted_centrifuge_read2.fastq.gz",
                "extracted_reads/centrifuge/SRR13439813_1647405.extracted_centrifuge_read1.fastq.gz",
                "extracted_reads/centrifuge/SRR13439813_1647405.extracted_centrifuge_read2.fastq.gz",
                "extracted_reads/centrifuge/SRR13439813_1654883.extracted_centrifuge_read1.fastq.gz",
                "extracted_reads/centrifuge/SRR13439813_1654883.extracted_centrifuge_read2.fastq.gz",
                "extracted_reads/centrifuge/SRR13439813_1654890.extracted_centrifuge_read1.fastq.gz",
                "extracted_reads/centrifuge/SRR13439813_1654890.extracted_centrifuge_read2.fastq.gz",
                "extracted_reads/centrifuge/SRR13439813_1664247.extracted_centrifuge_read1.fastq.gz",
                "extracted_reads/centrifuge/SRR13439813_1664247.extracted_centrifuge_read2.fastq.gz",
                "extracted_reads/centrifuge/SRR13439813_1673887.extracted_centrifuge_read1.fastq.gz",
                "extracted_reads/centrifuge/SRR13439813_1673887.extracted_centrifuge_read2.fastq.gz",
                "extracted_reads/centrifuge/SRR13439813_1678078.extracted_centrifuge_read1.fastq.gz",
                "extracted_reads/centrifuge/SRR13439813_1678078.extracted_centrifuge_read2.fastq.gz",
                "extracted_reads/centrifuge/SRR13439813_1689679.extracted_centrifuge_read1.fastq.gz",
                "extracted_reads/centrifuge/SRR13439813_1689679.extracted_centrifuge_read2.fastq.gz",
                "extracted_reads/centrifuge/SRR13439813_1698366.extracted_centrifuge_read1.fastq.gz",
                "extracted_reads/centrifuge/SRR13439813_1698366.extracted_centrifuge_read2.fastq.gz",
                "extracted_reads/centrifuge/SRR13439813_1701257.extracted_centrifuge_read1.fastq.gz",
                "extracted_reads/centrifuge/SRR13439813_1701257.extracted_centrifuge_read2.fastq.gz",
                "extracted_reads/centrifuge/SRR13439813_1719140.extracted_centrifuge_read1.fastq.gz",
                "extracted_reads/centrifuge/SRR13439813_1719140.extracted_centrifuge_read2.fastq.gz",
                "extracted_reads/centrifuge/SRR13439813_1729937.extracted_centrifuge_read1.fastq.gz",
                "extracted_reads/centrifuge/SRR13439813_1729937.extracted_centrifuge_read2.fastq.gz",
                "extracted_reads/centrifuge/SRR13439813_1735722.extracted_centrifuge_read1.fastq.gz",
                "extracted_reads/centrifuge/SRR13439813_1735722.extracted_centrifuge_read2.fastq.gz",
                "extracted_reads/centrifuge/SRR13439813_1747282.extracted_centrifuge_read1.fastq.gz",
                "extracted_reads/centrifuge/SRR13439813_1747282.extracted_centrifuge_read2.fastq.gz",
                "extracted_reads/centrifuge/SRR13439813_1755689.extracted_centrifuge_read1.fastq.gz",
                "extracted_reads/centrifuge/SRR13439813_1755689.extracted_centrifuge_read2.fastq.gz",
                "extracted_reads/centrifuge/SRR13439813_1777065.extracted_centrifuge_read1.fastq.gz",
                "extracted_reads/centrifuge/SRR13439813_1777065.extracted_centrifuge_read2.fastq.gz",
                "extracted_reads/centrifuge/SRR13439813_1815509.extracted_centrifuge_read1.fastq.gz",
                "extracted_reads/centrifuge/SRR13439813_1815509.extracted_centrifuge_read2.fastq.gz",
                "extracted_reads/centrifuge/SRR13439813_1826170.extracted_centrifuge_read1.fastq.gz",
                "extracted_reads/centrifuge/SRR13439813_1826170.extracted_centrifuge_read2.fastq.gz",
                "extracted_reads/centrifuge/SRR13439813_1864622.extracted_centrifuge_read1.fastq.gz",
                "extracted_reads/centrifuge/SRR13439813_1864622.extracted_centrifuge_read2.fastq.gz",
                "extracted_reads/centrifuge/SRR13439813_1864623.extracted_centrifuge_read1.fastq.gz",
                "extracted_reads/centrifuge/SRR13439813_1864623.extracted_centrifuge_read2.fastq.gz",
                "extracted_reads/centrifuge/SRR13439813_1868596.extracted_centrifuge_read1.fastq.gz",
                "extracted_reads/centrifuge/SRR13439813_1868596.extracted_centrifuge_read2.fastq.gz",
                "extracted_reads/centrifuge/SRR13439813_1871313.extracted_centrifuge_read1.fastq.gz",
                "extracted_reads/centrifuge/SRR13439813_1871313.extracted_centrifuge_read2.fastq.gz",
                "extracted_reads/centrifuge/SRR13439813_1883200.extracted_centrifuge_read1.fastq.gz",
                "extracted_reads/centrifuge/SRR13439813_1883200.extracted_centrifuge_read2.fastq.gz",
                "extracted_reads/centrifuge/SRR13439813_1883372.extracted_centrifuge_read1.fastq.gz",
                "extracted_reads/centrifuge/SRR13439813_1883372.extracted_centrifuge_read2.fastq.gz",
                "extracted_reads/centrifuge/SRR13439813_1883374.extracted_centrifuge_read1.fastq.gz",
                "extracted_reads/centrifuge/SRR13439813_1883374.extracted_centrifuge_read2.fastq.gz",
                "extracted_reads/centrifuge/SRR13439813_188763.extracted_centrifuge_read1.fastq.gz",
                "extracted_reads/centrifuge/SRR13439813_188763.extracted_centrifuge_read2.fastq.gz",
                "extracted_reads/centrifuge/SRR13439813_194699.extracted_centrifuge_read1.fastq.gz",
                "extracted_reads/centrifuge/SRR13439813_194699.extracted_centrifuge_read2.fastq.gz",
                "extracted_reads/centrifuge/SRR13439813_212035.extracted_centrifuge_read1.fastq.gz",
                "extracted_reads/centrifuge/SRR13439813_212035.extracted_centrifuge_read2.fastq.gz",
                "extracted_reads/centrifuge/SRR13439813_242861.extracted_centrifuge_read1.fastq.gz",
                "extracted_reads/centrifuge/SRR13439813_242861.extracted_centrifuge_read2.fastq.gz",
                "extracted_reads/centrifuge/SRR13439813_28874.extracted_centrifuge_read1.fastq.gz",
                "extracted_reads/centrifuge/SRR13439813_28874.extracted_centrifuge_read2.fastq.gz",
                "extracted_reads/centrifuge/SRR13439813_293644.extracted_centrifuge_read1.fastq.gz",
                "extracted_reads/centrifuge/SRR13439813_293644.extracted_centrifuge_read2.fastq.gz",
                "extracted_reads/centrifuge/SRR13439813_344021.extracted_centrifuge_read1.fastq.gz",
                "extracted_reads/centrifuge/SRR13439813_344021.extracted_centrifuge_read2.fastq.gz",
                "extracted_reads/centrifuge/SRR13439813_345585.extracted_centrifuge_read1.fastq.gz",
                "extracted_reads/centrifuge/SRR13439813_345585.extracted_centrifuge_read2.fastq.gz",
                "extracted_reads/centrifuge/SRR13439813_35269.extracted_centrifuge_read1.fastq.gz",
                "extracted_reads/centrifuge/SRR13439813_35269.extracted_centrifuge_read2.fastq.gz",
                "extracted_reads/centrifuge/SRR13439813_371730.extracted_centrifuge_read1.fastq.gz",
                "extracted_reads/centrifuge/SRR13439813_371730.extracted_centrifuge_read2.fastq.gz",
                "extracted_reads/centrifuge/SRR13439813_424947.extracted_centrifuge_read1.fastq.gz",
                "extracted_reads/centrifuge/SRR13439813_424947.extracted_centrifuge_read2.fastq.gz",
                "extracted_reads/centrifuge/SRR13439813_439491.extracted_centrifuge_read1.fastq.gz",
                "extracted_reads/centrifuge/SRR13439813_439491.extracted_centrifuge_read2.fastq.gz",
                "extracted_reads/centrifuge/SRR13439813_44561.extracted_centrifuge_read1.fastq.gz",
                "extracted_reads/centrifuge/SRR13439813_44561.extracted_centrifuge_read2.fastq.gz",
                "extracted_reads/centrifuge/SRR13439813_446529.extracted_centrifuge_read1.fastq.gz",
                "extracted_reads/centrifuge/SRR13439813_446529.extracted_centrifuge_read2.fastq.gz",
                "extracted_reads/centrifuge/SRR13439813_50290.extracted_centrifuge_read1.fastq.gz",
                "extracted_reads/centrifuge/SRR13439813_50290.extracted_centrifuge_read2.fastq.gz",
                "extracted_reads/centrifuge/SRR13439813_50292.extracted_centrifuge_read1.fastq.gz",
                "extracted_reads/centrifuge/SRR13439813_50292.extracted_centrifuge_read2.fastq.gz",
                "extracted_reads/centrifuge/SRR13439813_532075.extracted_centrifuge_read1.fastq.gz",
                "extracted_reads/centrifuge/SRR13439813_532075.extracted_centrifuge_read2.fastq.gz",
                "extracted_reads/centrifuge/SRR13439813_546805.extracted_centrifuge_read1.fastq.gz",
                "extracted_reads/centrifuge/SRR13439813_546805.extracted_centrifuge_read2.fastq.gz",
                "extracted_reads/centrifuge/SRR13439813_548914.extracted_centrifuge_read1.fastq.gz",
                "extracted_reads/centrifuge/SRR13439813_548914.extracted_centrifuge_read2.fastq.gz",
                "extracted_reads/centrifuge/SRR13439813_573591.extracted_centrifuge_read1.fastq.gz",
                "extracted_reads/centrifuge/SRR13439813_573591.extracted_centrifuge_read2.fastq.gz",
                "extracted_reads/centrifuge/SRR13439813_590739.extracted_centrifuge_read1.fastq.gz",
                "extracted_reads/centrifuge/SRR13439813_590739.extracted_centrifuge_read2.fastq.gz",
                "extracted_reads/centrifuge/SRR13439813_68416.extracted_centrifuge_read1.fastq.gz",
                "extracted_reads/centrifuge/SRR13439813_68416.extracted_centrifuge_read2.fastq.gz",
                "extracted_reads/centrifuge/SRR13439813_694060.extracted_centrifuge_read1.fastq.gz",
                "extracted_reads/centrifuge/SRR13439813_694060.extracted_centrifuge_read2.fastq.gz",
                "extracted_reads/centrifuge/SRR13439813_697227.extracted_centrifuge_read1.fastq.gz",
                "extracted_reads/centrifuge/SRR13439813_697227.extracted_centrifuge_read2.fastq.gz",
                "extracted_reads/centrifuge/SRR13439813_743813.extracted_centrifuge_read1.fastq.gz",
                "extracted_reads/centrifuge/SRR13439813_743813.extracted_centrifuge_read2.fastq.gz",
                "extracted_reads/centrifuge/SRR13439813_75320.extracted_centrifuge_read1.fastq.gz",
                "extracted_reads/centrifuge/SRR13439813_75320.extracted_centrifuge_read2.fastq.gz",
                "extracted_reads/centrifuge/SRR13439813_754073.extracted_centrifuge_read1.fastq.gz",
                "extracted_reads/centrifuge/SRR13439813_754073.extracted_centrifuge_read2.fastq.gz",
                "extracted_reads/centrifuge/SRR13439813_879630.extracted_centrifuge_read1.fastq.gz",
                "extracted_reads/centrifuge/SRR13439813_879630.extracted_centrifuge_read2.fastq.gz",
                "extracted_reads/centrifuge/SRR13439813_881953.extracted_centrifuge_read1.fastq.gz",
                "extracted_reads/centrifuge/SRR13439813_881953.extracted_centrifuge_read2.fastq.gz",
                "extracted_reads/centrifuge/SRR13439813_889338.extracted_centrifuge_read1.fastq.gz",
                "extracted_reads/centrifuge/SRR13439813_889338.extracted_centrifuge_read2.fastq.gz",
                "extracted_reads/centrifuge/SRR13439813_926067.extracted_centrifuge_read1.fastq.gz",
                "extracted_reads/centrifuge/SRR13439813_926067.extracted_centrifuge_read2.fastq.gz",
                "extracted_reads/centrifuge/SRR13439813_942016.extracted_centrifuge_read1.fastq.gz",
                "extracted_reads/centrifuge/SRR13439813_942016.extracted_centrifuge_read2.fastq.gz",
                "extracted_reads/centrifuge/SRR13439813_948870.extracted_centrifuge_read1.fastq.gz",
                "extracted_reads/centrifuge/SRR13439813_948870.extracted_centrifuge_read2.fastq.gz",
                "multiqc/multiqc_data/BETA-multiqc.parquet",
                "multiqc/multiqc_data/llms-full.txt",
                "multiqc/multiqc_data/multiqc.log",
                "multiqc/multiqc_data/multiqc_citations.txt",
                "multiqc/multiqc_data/multiqc_data.json",
                "multiqc/multiqc_data/multiqc_software_versions.txt",
                "multiqc/multiqc_data/multiqc_sources.txt",
                "multiqc/multiqc_report.html",
                "pipeline_info/genomic-medicine-sweden_metaval_software_mqc_versions.yml",
                "viral_taxids/SRR13439790_centrifuge_viral_taxids.tsv",
                "viral_taxids/SRR13439799_centrifuge_viral_taxids.tsv",
                "viral_taxids/SRR13439802_centrifuge_viral_taxids.tsv",
                "viral_taxids/SRR13439813_centrifuge_viral_taxids.tsv"
            ]
        ],
        "meta": {
            "nf-test": "0.9.2",
            "nextflow": "25.04.2"
        },
        "timestamp": "2025-07-31T15:47:16.600881898"
    },
    "fastqc": {
        "content": [
            [
                
            ],
            [
                "input/SRR13439790_10752_centrifuge_1_fastqc.html",
                "input/SRR13439790_10752_centrifuge_2_fastqc.html",
                "input/SRR13439790_1204528_centrifuge_1_fastqc.html",
                "input/SRR13439790_1204528_centrifuge_2_fastqc.html",
                "input/SRR13439790_1239384_centrifuge_1_fastqc.html",
                "input/SRR13439790_1239384_centrifuge_2_fastqc.html",
                "input/SRR13439790_1391223_centrifuge_1_fastqc.html",
                "input/SRR13439790_1391223_centrifuge_2_fastqc.html",
                "input/SRR13439790_1414738_centrifuge_1_fastqc.html",
                "input/SRR13439790_1414738_centrifuge_2_fastqc.html",
                "input/SRR13439790_1604356_centrifuge_1_fastqc.html",
                "input/SRR13439790_1604356_centrifuge_2_fastqc.html",
                "input/SRR13439790_1719140_centrifuge_1_fastqc.html",
                "input/SRR13439790_1719140_centrifuge_2_fastqc.html",
                "input/SRR13439790_335341_centrifuge_1_fastqc.html",
                "input/SRR13439790_335341_centrifuge_2_fastqc.html",
                "input/SRR13439790_687349_centrifuge_1_fastqc.html",
                "input/SRR13439790_687349_centrifuge_2_fastqc.html",
                "input/SRR13439799_1450746_centrifuge_fastqc.html",
                "input/SRR13439799_211044_centrifuge_fastqc.html",
                "input/SRR13439799_693272_centrifuge_fastqc.html",
                "input/SRR13439802_11676_centrifuge_1_fastqc.html",
                "input/SRR13439802_11676_centrifuge_2_fastqc.html",
                "input/SRR13439802_1349410_centrifuge_1_fastqc.html",
                "input/SRR13439802_1349410_centrifuge_2_fastqc.html",
                "input/SRR13439802_159150_centrifuge_1_fastqc.html",
                "input/SRR13439802_159150_centrifuge_2_fastqc.html",
                "input/SRR13439802_364745_centrifuge_1_fastqc.html",
                "input/SRR13439802_364745_centrifuge_2_fastqc.html",
                "input/SRR13439802_37665_centrifuge_1_fastqc.html",
                "input/SRR13439802_37665_centrifuge_2_fastqc.html",
                "input/SRR13439802_687369_centrifuge_1_fastqc.html",
                "input/SRR13439802_687369_centrifuge_2_fastqc.html",
                "input/SRR13439802_687370_centrifuge_1_fastqc.html",
                "input/SRR13439802_687370_centrifuge_2_fastqc.html",
                "input/SRR13439813_1005056_centrifuge_1_fastqc.html",
                "input/SRR13439813_1005056_centrifuge_2_fastqc.html",
                "input/SRR13439813_103442_centrifuge_1_fastqc.html",
                "input/SRR13439813_103442_centrifuge_2_fastqc.html",
                "input/SRR13439813_10406_centrifuge_1_fastqc.html",
                "input/SRR13439813_10406_centrifuge_2_fastqc.html",
                "input/SRR13439813_10407_centrifuge_1_fastqc.html",
                "input/SRR13439813_10407_centrifuge_2_fastqc.html",
                "input/SRR13439813_10454_centrifuge_1_fastqc.html",
                "input/SRR13439813_10454_centrifuge_2_fastqc.html",
                "input/SRR13439813_1051675_centrifuge_1_fastqc.html",
                "input/SRR13439813_1051675_centrifuge_2_fastqc.html",
                "input/SRR13439813_1054461_centrifuge_1_fastqc.html",
                "input/SRR13439813_1054461_centrifuge_2_fastqc.html",
                "input/SRR13439813_10699_centrifuge_1_fastqc.html",
                "input/SRR13439813_10699_centrifuge_2_fastqc.html",
                "input/SRR13439813_10704_centrifuge_1_fastqc.html",
                "input/SRR13439813_10704_centrifuge_2_fastqc.html",
                "input/SRR13439813_10752_centrifuge_1_fastqc.html",
                "input/SRR13439813_10752_centrifuge_2_fastqc.html",
                "input/SRR13439813_1109713_centrifuge_1_fastqc.html",
                "input/SRR13439813_1109713_centrifuge_2_fastqc.html",
                "input/SRR13439813_1116482_centrifuge_1_fastqc.html",
                "input/SRR13439813_1116482_centrifuge_2_fastqc.html",
                "input/SRR13439813_1128118_centrifuge_1_fastqc.html",
                "input/SRR13439813_1128118_centrifuge_2_fastqc.html",
                "input/SRR13439813_1133022_centrifuge_1_fastqc.html",
                "input/SRR13439813_1133022_centrifuge_2_fastqc.html",
                "input/SRR13439813_1141134_centrifuge_1_fastqc.html",
                "input/SRR13439813_1141134_centrifuge_2_fastqc.html",
                "input/SRR13439813_1141135_centrifuge_1_fastqc.html",
                "input/SRR13439813_1141135_centrifuge_2_fastqc.html",
                "input/SRR13439813_1151014_centrifuge_1_fastqc.html",
                "input/SRR13439813_1151014_centrifuge_2_fastqc.html",
                "input/SRR13439813_1162290_centrifuge_1_fastqc.html",
                "input/SRR13439813_1162290_centrifuge_2_fastqc.html",
                "input/SRR13439813_1162295_centrifuge_1_fastqc.html",
                "input/SRR13439813_1162295_centrifuge_2_fastqc.html",
                "input/SRR13439813_1163482_centrifuge_1_fastqc.html",
                "input/SRR13439813_1163482_centrifuge_2_fastqc.html",
                "input/SRR13439813_1173749_centrifuge_1_fastqc.html",
                "input/SRR13439813_1173749_centrifuge_2_fastqc.html",
                "input/SRR13439813_1173754_centrifuge_1_fastqc.html",
                "input/SRR13439813_1173754_centrifuge_2_fastqc.html",
                "input/SRR13439813_1173757_centrifuge_1_fastqc.html",
                "input/SRR13439813_1173757_centrifuge_2_fastqc.html",
                "input/SRR13439813_1188794_centrifuge_1_fastqc.html",
                "input/SRR13439813_1188794_centrifuge_2_fastqc.html",
                "input/SRR13439813_1204528_centrifuge_1_fastqc.html",
                "input/SRR13439813_1204528_centrifuge_2_fastqc.html",
                "input/SRR13439813_1204529_centrifuge_1_fastqc.html",
                "input/SRR13439813_1204529_centrifuge_2_fastqc.html",
                "input/SRR13439813_1206545_centrifuge_1_fastqc.html",
                "input/SRR13439813_1206545_centrifuge_2_fastqc.html",
                "input/SRR13439813_1211640_centrifuge_1_fastqc.html",
                "input/SRR13439813_1211640_centrifuge_2_fastqc.html",
                "input/SRR13439813_1217810_centrifuge_1_fastqc.html",
                "input/SRR13439813_1217810_centrifuge_2_fastqc.html",
                "input/SRR13439813_1229753_centrifuge_1_fastqc.html",
                "input/SRR13439813_1229753_centrifuge_2_fastqc.html",
                "input/SRR13439813_1235689_centrifuge_1_fastqc.html",
                "input/SRR13439813_1235689_centrifuge_2_fastqc.html",
                "input/SRR13439813_1239384_centrifuge_1_fastqc.html",
                "input/SRR13439813_1239384_centrifuge_2_fastqc.html",
                "input/SRR13439813_1269028_centrifuge_1_fastqc.html",
                "input/SRR13439813_1269028_centrifuge_2_fastqc.html",
                "input/SRR13439813_1282995_centrifuge_1_fastqc.html",
                "input/SRR13439813_1282995_centrifuge_2_fastqc.html",
                "input/SRR13439813_1303386_centrifuge_1_fastqc.html",
                "input/SRR13439813_1303386_centrifuge_2_fastqc.html",
                "input/SRR13439813_1325963_centrifuge_1_fastqc.html",
                "input/SRR13439813_1325963_centrifuge_2_fastqc.html",
                "input/SRR13439813_1335230_centrifuge_1_fastqc.html",
                "input/SRR13439813_1335230_centrifuge_2_fastqc.html",
                "input/SRR13439813_1340534_centrifuge_1_fastqc.html",
                "input/SRR13439813_1340534_centrifuge_2_fastqc.html",
                "input/SRR13439813_1340830_centrifuge_1_fastqc.html",
                "input/SRR13439813_1340830_centrifuge_2_fastqc.html",
                "input/SRR13439813_1349409_centrifuge_1_fastqc.html",
                "input/SRR13439813_1349409_centrifuge_2_fastqc.html",
                "input/SRR13439813_1349410_centrifuge_1_fastqc.html",
                "input/SRR13439813_1349410_centrifuge_2_fastqc.html",
                "input/SRR13439813_1357714_centrifuge_1_fastqc.html",
                "input/SRR13439813_1357714_centrifuge_2_fastqc.html",
                "input/SRR13439813_1391223_centrifuge_1_fastqc.html",
                "input/SRR13439813_1391223_centrifuge_2_fastqc.html",
                "input/SRR13439813_1391428_centrifuge_1_fastqc.html",
                "input/SRR13439813_1391428_centrifuge_2_fastqc.html",
                "input/SRR13439813_1395983_centrifuge_1_fastqc.html",
                "input/SRR13439813_1395983_centrifuge_2_fastqc.html",
                "input/SRR13439813_1410331_centrifuge_1_fastqc.html",
                "input/SRR13439813_1410331_centrifuge_2_fastqc.html",
                "input/SRR13439813_1414738_centrifuge_1_fastqc.html",
                "input/SRR13439813_1414738_centrifuge_2_fastqc.html",
                "input/SRR13439813_1416009_centrifuge_1_fastqc.html",
                "input/SRR13439813_1416009_centrifuge_2_fastqc.html",
                "input/SRR13439813_1429767_centrifuge_1_fastqc.html",
                "input/SRR13439813_1429767_centrifuge_2_fastqc.html",
                "input/SRR13439813_1429768_centrifuge_1_fastqc.html",
                "input/SRR13439813_1429768_centrifuge_2_fastqc.html",
                "input/SRR13439813_1458843_centrifuge_1_fastqc.html",
                "input/SRR13439813_1458843_centrifuge_2_fastqc.html",
                "input/SRR13439813_1458848_centrifuge_1_fastqc.html",
                "input/SRR13439813_1458848_centrifuge_2_fastqc.html",
                "input/SRR13439813_1458863_centrifuge_1_fastqc.html",
                "input/SRR13439813_1458863_centrifuge_2_fastqc.html",
                "input/SRR13439813_1498172_centrifuge_1_fastqc.html",
                "input/SRR13439813_1498172_centrifuge_2_fastqc.html",
                "input/SRR13439813_1508710_centrifuge_1_fastqc.html",
                "input/SRR13439813_1508710_centrifuge_2_fastqc.html",
                "input/SRR13439813_1508711_centrifuge_1_fastqc.html",
                "input/SRR13439813_1508711_centrifuge_2_fastqc.html",
                "input/SRR13439813_1511914_centrifuge_1_fastqc.html",
                "input/SRR13439813_1511914_centrifuge_2_fastqc.html",
                "input/SRR13439813_1527519_centrifuge_1_fastqc.html",
                "input/SRR13439813_1527519_centrifuge_2_fastqc.html",
                "input/SRR13439813_1536597_centrifuge_1_fastqc.html",
                "input/SRR13439813_1536597_centrifuge_2_fastqc.html",
                "input/SRR13439813_1540823_centrifuge_1_fastqc.html",
                "input/SRR13439813_1540823_centrifuge_2_fastqc.html",
                "input/SRR13439813_1541887_centrifuge_1_fastqc.html",
                "input/SRR13439813_1541887_centrifuge_2_fastqc.html",
                "input/SRR13439813_1543203_centrifuge_1_fastqc.html",
                "input/SRR13439813_1543203_centrifuge_2_fastqc.html",
                "input/SRR13439813_1543207_centrifuge_1_fastqc.html",
                "input/SRR13439813_1543207_centrifuge_2_fastqc.html",
                "input/SRR13439813_1563661_centrifuge_1_fastqc.html",
                "input/SRR13439813_1563661_centrifuge_2_fastqc.html",
                "input/SRR13439813_1566995_centrifuge_1_fastqc.html",
                "input/SRR13439813_1566995_centrifuge_2_fastqc.html",
                "input/SRR13439813_1572702_centrifuge_1_fastqc.html",
                "input/SRR13439813_1572702_centrifuge_2_fastqc.html",
                "input/SRR13439813_1579460_centrifuge_1_fastqc.html",
                "input/SRR13439813_1579460_centrifuge_2_fastqc.html",
                "input/SRR13439813_1580591_centrifuge_1_fastqc.html",
                "input/SRR13439813_1580591_centrifuge_2_fastqc.html",
                "input/SRR13439813_1585840_centrifuge_1_fastqc.html",
                "input/SRR13439813_1585840_centrifuge_2_fastqc.html",
                "input/SRR13439813_159150_centrifuge_1_fastqc.html",
                "input/SRR13439813_159150_centrifuge_2_fastqc.html",
                "input/SRR13439813_1604356_centrifuge_1_fastqc.html",
                "input/SRR13439813_1604356_centrifuge_2_fastqc.html",
                "input/SRR13439813_1647302_centrifuge_1_fastqc.html",
                "input/SRR13439813_1647302_centrifuge_2_fastqc.html",
                "input/SRR13439813_1647385_centrifuge_1_fastqc.html",
                "input/SRR13439813_1647385_centrifuge_2_fastqc.html",
                "input/SRR13439813_1647405_centrifuge_1_fastqc.html",
                "input/SRR13439813_1647405_centrifuge_2_fastqc.html",
                "input/SRR13439813_1654883_centrifuge_1_fastqc.html",
                "input/SRR13439813_1654883_centrifuge_2_fastqc.html",
                "input/SRR13439813_1654890_centrifuge_1_fastqc.html",
                "input/SRR13439813_1654890_centrifuge_2_fastqc.html",
                "input/SRR13439813_1664247_centrifuge_1_fastqc.html",
                "input/SRR13439813_1664247_centrifuge_2_fastqc.html",
                "input/SRR13439813_1673887_centrifuge_1_fastqc.html",
                "input/SRR13439813_1673887_centrifuge_2_fastqc.html",
                "input/SRR13439813_1678078_centrifuge_1_fastqc.html",
                "input/SRR13439813_1678078_centrifuge_2_fastqc.html",
                "input/SRR13439813_1689679_centrifuge_1_fastqc.html",
                "input/SRR13439813_1689679_centrifuge_2_fastqc.html",
                "input/SRR13439813_1698366_centrifuge_1_fastqc.html",
                "input/SRR13439813_1698366_centrifuge_2_fastqc.html",
                "input/SRR13439813_1701257_centrifuge_1_fastqc.html",
                "input/SRR13439813_1701257_centrifuge_2_fastqc.html",
                "input/SRR13439813_1719140_centrifuge_1_fastqc.html",
                "input/SRR13439813_1719140_centrifuge_2_fastqc.html",
                "input/SRR13439813_1729937_centrifuge_1_fastqc.html",
                "input/SRR13439813_1729937_centrifuge_2_fastqc.html",
                "input/SRR13439813_1735722_centrifuge_1_fastqc.html",
                "input/SRR13439813_1735722_centrifuge_2_fastqc.html",
                "input/SRR13439813_1747282_centrifuge_1_fastqc.html",
                "input/SRR13439813_1747282_centrifuge_2_fastqc.html",
                "input/SRR13439813_1755689_centrifuge_1_fastqc.html",
                "input/SRR13439813_1755689_centrifuge_2_fastqc.html",
                "input/SRR13439813_1777065_centrifuge_1_fastqc.html",
                "input/SRR13439813_1777065_centrifuge_2_fastqc.html",
                "input/SRR13439813_1815509_centrifuge_1_fastqc.html",
                "input/SRR13439813_1815509_centrifuge_2_fastqc.html",
                "input/SRR13439813_1826170_centrifuge_1_fastqc.html",
                "input/SRR13439813_1826170_centrifuge_2_fastqc.html",
                "input/SRR13439813_1864622_centrifuge_1_fastqc.html",
                "input/SRR13439813_1864622_centrifuge_2_fastqc.html",
                "input/SRR13439813_1864623_centrifuge_1_fastqc.html",
                "input/SRR13439813_1864623_centrifuge_2_fastqc.html",
                "input/SRR13439813_1868596_centrifuge_1_fastqc.html",
                "input/SRR13439813_1868596_centrifuge_2_fastqc.html",
                "input/SRR13439813_1871313_centrifuge_1_fastqc.html",
                "input/SRR13439813_1871313_centrifuge_2_fastqc.html",
                "input/SRR13439813_1883200_centrifuge_1_fastqc.html",
                "input/SRR13439813_1883200_centrifuge_2_fastqc.html",
                "input/SRR13439813_1883372_centrifuge_1_fastqc.html",
                "input/SRR13439813_1883372_centrifuge_2_fastqc.html",
                "input/SRR13439813_1883374_centrifuge_1_fastqc.html",
                "input/SRR13439813_1883374_centrifuge_2_fastqc.html",
                "input/SRR13439813_188763_centrifuge_1_fastqc.html",
                "input/SRR13439813_188763_centrifuge_2_fastqc.html",
                "input/SRR13439813_194699_centrifuge_1_fastqc.html",
                "input/SRR13439813_194699_centrifuge_2_fastqc.html",
                "input/SRR13439813_212035_centrifuge_1_fastqc.html",
                "input/SRR13439813_212035_centrifuge_2_fastqc.html",
                "input/SRR13439813_242861_centrifuge_1_fastqc.html",
                "input/SRR13439813_242861_centrifuge_2_fastqc.html",
                "input/SRR13439813_28874_centrifuge_1_fastqc.html",
                "input/SRR13439813_28874_centrifuge_2_fastqc.html",
                "input/SRR13439813_293644_centrifuge_1_fastqc.html",
                "input/SRR13439813_293644_centrifuge_2_fastqc.html",
                "input/SRR13439813_344021_centrifuge_1_fastqc.html",
                "input/SRR13439813_344021_centrifuge_2_fastqc.html",
                "input/SRR13439813_345585_centrifuge_1_fastqc.html",
                "input/SRR13439813_345585_centrifuge_2_fastqc.html",
                "input/SRR13439813_35269_centrifuge_1_fastqc.html",
                "input/SRR13439813_35269_centrifuge_2_fastqc.html",
                "input/SRR13439813_371730_centrifuge_1_fastqc.html",
                "input/SRR13439813_371730_centrifuge_2_fastqc.html",
                "input/SRR13439813_424947_centrifuge_1_fastqc.html",
                "input/SRR13439813_424947_centrifuge_2_fastqc.html",
                "input/SRR13439813_439491_centrifuge_1_fastqc.html",
                "input/SRR13439813_439491_centrifuge_2_fastqc.html",
                "input/SRR13439813_44561_centrifuge_1_fastqc.html",
                "input/SRR13439813_44561_centrifuge_2_fastqc.html",
                "input/SRR13439813_446529_centrifuge_1_fastqc.html",
                "input/SRR13439813_446529_centrifuge_2_fastqc.html",
                "input/SRR13439813_50290_centrifuge_1_fastqc.html",
                "input/SRR13439813_50290_centrifuge_2_fastqc.html",
                "input/SRR13439813_50292_centrifuge_1_fastqc.html",
                "input/SRR13439813_50292_centrifuge_2_fastqc.html",
                "input/SRR13439813_532075_centrifuge_1_fastqc.html",
                "input/SRR13439813_532075_centrifuge_2_fastqc.html",
                "input/SRR13439813_546805_centrifuge_1_fastqc.html",
                "input/SRR13439813_546805_centrifuge_2_fastqc.html",
                "input/SRR13439813_548914_centrifuge_1_fastqc.html",
                "input/SRR13439813_548914_centrifuge_2_fastqc.html",
                "input/SRR13439813_573591_centrifuge_1_fastqc.html",
                "input/SRR13439813_573591_centrifuge_2_fastqc.html",
                "input/SRR13439813_590739_centrifuge_1_fastqc.html",
                "input/SRR13439813_590739_centrifuge_2_fastqc.html",
                "input/SRR13439813_68416_centrifuge_1_fastqc.html",
                "input/SRR13439813_68416_centrifuge_2_fastqc.html",
                "input/SRR13439813_694060_centrifuge_1_fastqc.html",
                "input/SRR13439813_694060_centrifuge_2_fastqc.html",
                "input/SRR13439813_697227_centrifuge_1_fastqc.html",
                "input/SRR13439813_697227_centrifuge_2_fastqc.html",
                "input/SRR13439813_743813_centrifuge_1_fastqc.html",
                "input/SRR13439813_743813_centrifuge_2_fastqc.html",
                "input/SRR13439813_75320_centrifuge_1_fastqc.html",
                "input/SRR13439813_75320_centrifuge_2_fastqc.html",
                "input/SRR13439813_754073_centrifuge_1_fastqc.html",
                "input/SRR13439813_754073_centrifuge_2_fastqc.html",
                "input/SRR13439813_879630_centrifuge_1_fastqc.html",
                "input/SRR13439813_879630_centrifuge_2_fastqc.html",
                "input/SRR13439813_881953_centrifuge_1_fastqc.html",
                "input/SRR13439813_881953_centrifuge_2_fastqc.html",
                "input/SRR13439813_889338_centrifuge_1_fastqc.html",
                "input/SRR13439813_889338_centrifuge_2_fastqc.html",
                "input/SRR13439813_926067_centrifuge_1_fastqc.html",
                "input/SRR13439813_926067_centrifuge_2_fastqc.html",
                "input/SRR13439813_942016_centrifuge_1_fastqc.html",
                "input/SRR13439813_942016_centrifuge_2_fastqc.html",
                "input/SRR13439813_948870_centrifuge_1_fastqc.html",
                "input/SRR13439813_948870_centrifuge_2_fastqc.html"
            ]
        ],
        "meta": {
            "nf-test": "0.9.2",
            "nextflow": "25.04.2"
        },
        "timestamp": "2025-07-23T11:13:21.875536162"
    },
    "multiqc": {
        "content": [
            [
                "multiqc_data/BETA-multiqc.parquet",
                "multiqc_data/llms-full.txt",
                "multiqc_data/multiqc.log",
                "multiqc_data/multiqc_citations.txt",
                "multiqc_data/multiqc_data.json",
                "multiqc_data/multiqc_software_versions.txt",
                "multiqc_data/multiqc_sources.txt",
                "multiqc_report.html"
            ],
            [
                
            ]
        ],
        "meta": {
            "nf-test": "0.9.2",
            "nextflow": "25.04.2"
        },
        "timestamp": "2025-07-31T15:47:16.635197047"
    }
}