{
    "all_files": {
        "content": [
            [
                "extracted_reads",
                "extracted_reads/diamond",
                "extracted_reads/diamond/SRR13439790_taxid_10804_adeno-associated-virus-2.extracted_diamond_read_1.fa",
                "extracted_reads/diamond/SRR13439790_taxid_10804_adeno-associated-virus-2.extracted_diamond_read_2.fa",
                "extracted_reads/diamond/SRR13439790_taxid_11320_Influenza-A-virus.extracted_diamond_read_1.fa",
                "extracted_reads/diamond/SRR13439790_taxid_11320_Influenza-A-virus.extracted_diamond_read_2.fa",
                "extracted_reads/diamond/SRR13439790_taxid_1239384_Escherichia-phage-IME11.extracted_diamond_read_1.fa",
                "extracted_reads/diamond/SRR13439790_taxid_1239384_Escherichia-phage-IME11.extracted_diamond_read_2.fa",
                "extracted_reads/diamond/SRR13439790_taxid_1920753_Gamaleyavirus.extracted_diamond_read_1.fa",
                "extracted_reads/diamond/SRR13439790_taxid_1920753_Gamaleyavirus.extracted_diamond_read_2.fa",
                "extracted_reads/diamond/SRR13439790_taxid_2886042_Shigella-virus-Moo19.extracted_diamond_read_1.fa",
                "extracted_reads/diamond/SRR13439790_taxid_2886042_Shigella-virus-Moo19.extracted_diamond_read_2.fa",
                "extracted_reads/diamond/SRR13439799_taxid_11320_Influenza-A-virus.extracted_diamond_reads.fa",
                "extracted_reads/diamond/SRR13439802_taxid_11646_Lentivirus.extracted_diamond_read_1.fa",
                "extracted_reads/diamond/SRR13439802_taxid_11646_Lentivirus.extracted_diamond_read_2.fa",
                "extracted_reads/diamond/SRR13439802_taxid_11676_Human-immunodeficiency-virus-1.extracted_diamond_read_1.fa",
                "extracted_reads/diamond/SRR13439802_taxid_11676_Human-immunodeficiency-virus-1.extracted_diamond_read_2.fa",
                "extracted_reads/diamond/SRR13439802_taxid_2731643_Autographiviridae.extracted_diamond_read_1.fa",
                "extracted_reads/diamond/SRR13439802_taxid_2731643_Autographiviridae.extracted_diamond_read_2.fa",
                "extracted_reads/diamond/SRR13439802_taxid_2886042_Shigella-virus-Moo19.extracted_diamond_read_1.fa",
                "extracted_reads/diamond/SRR13439802_taxid_2886042_Shigella-virus-Moo19.extracted_diamond_read_2.fa",
                "extracted_reads/diamond/SRR13439813_taxid_10404_Hepadnaviridae.extracted_diamond_read_1.fa",
                "extracted_reads/diamond/SRR13439813_taxid_10404_Hepadnaviridae.extracted_diamond_read_2.fa",
                "extracted_reads/diamond/SRR13439813_taxid_10405_Orthohepadnavirus.extracted_diamond_read_1.fa",
                "extracted_reads/diamond/SRR13439813_taxid_10405_Orthohepadnavirus.extracted_diamond_read_2.fa",
                "extracted_reads/diamond/SRR13439813_taxid_1054461_Escherichia-phage-vB-EcoP-G7C.extracted_diamond_read_1.fa",
                "extracted_reads/diamond/SRR13439813_taxid_1054461_Escherichia-phage-vB-EcoP-G7C.extracted_diamond_read_2.fa",
                "extracted_reads/diamond/SRR13439813_taxid_1239384_Escherichia-phage-IME11.extracted_diamond_read_1.fa",
                "extracted_reads/diamond/SRR13439813_taxid_1239384_Escherichia-phage-IME11.extracted_diamond_read_2.fa",
                "extracted_reads/diamond/SRR13439813_taxid_153135_Gammaretrovirus.extracted_diamond_read_1.fa",
                "extracted_reads/diamond/SRR13439813_taxid_153135_Gammaretrovirus.extracted_diamond_read_2.fa",
                "extracted_reads/diamond/SRR13439813_taxid_1920753_Gamaleyavirus.extracted_diamond_read_1.fa",
                "extracted_reads/diamond/SRR13439813_taxid_1920753_Gamaleyavirus.extracted_diamond_read_2.fa",
                "extracted_reads/diamond/SRR13439813_taxid_2163996_Capuchin-monkey-hepatitis-B-virus.extracted_diamond_read_1.fa",
                "extracted_reads/diamond/SRR13439813_taxid_2163996_Capuchin-monkey-hepatitis-B-virus.extracted_diamond_read_2.fa",
                "extracted_reads/diamond/SRR13439813_taxid_2886042_Shigella-virus-Moo19.extracted_diamond_read_1.fa",
                "extracted_reads/diamond/SRR13439813_taxid_2886042_Shigella-virus-Moo19.extracted_diamond_read_2.fa",
                "pipeline_info",
                "pipeline_info/genomic-medicine-sweden_metaval_software_mqc_versions.yml",
                "spades",
                "spades/diamond",
                "spades/diamond/SRR13439802_taxid_11646_Lentivirus_diamond.contigs.fa",
                "spades/diamond/SRR13439802_taxid_11646_Lentivirus_diamond.scaffolds.fa",
                "spades/diamond/SRR13439802_taxid_11646_Lentivirus_diamond.spades.log",
                "spades/diamond/SRR13439802_taxid_11646_Lentivirus_diamond.warnings.log",
                "spades/diamond/SRR13439802_taxid_11676_Human-immunodeficiency-virus-1_diamond.contigs.fa",
                "spades/diamond/SRR13439802_taxid_11676_Human-immunodeficiency-virus-1_diamond.scaffolds.fa",
                "spades/diamond/SRR13439802_taxid_11676_Human-immunodeficiency-virus-1_diamond.spades.log",
                "spades/diamond/SRR13439813_taxid_10404_Hepadnaviridae_diamond.contigs.fa",
                "spades/diamond/SRR13439813_taxid_10404_Hepadnaviridae_diamond.scaffolds.fa",
                "spades/diamond/SRR13439813_taxid_10404_Hepadnaviridae_diamond.spades.log",
                "spades/diamond/SRR13439813_taxid_10404_Hepadnaviridae_diamond.warnings.log",
                "spades/diamond/SRR13439813_taxid_10405_Orthohepadnavirus_diamond.contigs.fa",
                "spades/diamond/SRR13439813_taxid_10405_Orthohepadnavirus_diamond.scaffolds.fa",
                "spades/diamond/SRR13439813_taxid_10405_Orthohepadnavirus_diamond.spades.log",
                "spades/diamond/SRR13439813_taxid_10405_Orthohepadnavirus_diamond.warnings.log",
                "spades/diamond/SRR13439813_taxid_1054461_Escherichia-phage-vB-EcoP-G7C_diamond.contigs.fa",
                "spades/diamond/SRR13439813_taxid_1054461_Escherichia-phage-vB-EcoP-G7C_diamond.scaffolds.fa",
                "spades/diamond/SRR13439813_taxid_1054461_Escherichia-phage-vB-EcoP-G7C_diamond.spades.log",
                "spades/diamond/SRR13439813_taxid_1054461_Escherichia-phage-vB-EcoP-G7C_diamond.warnings.log",
                "spades/diamond/SRR13439813_taxid_2163996_Capuchin-monkey-hepatitis-B-virus_diamond.contigs.fa",
                "spades/diamond/SRR13439813_taxid_2163996_Capuchin-monkey-hepatitis-B-virus_diamond.scaffolds.fa",
                "spades/diamond/SRR13439813_taxid_2163996_Capuchin-monkey-hepatitis-B-virus_diamond.spades.log",
                "spades/diamond/SRR13439813_taxid_2163996_Capuchin-monkey-hepatitis-B-virus_diamond.warnings.log",
                "taxpasta_flagged",
                "taxpasta_flagged/SRR13439790_DNA_ELB_diamond.tsv",
                "taxpasta_flagged/SRR13439799_MIX_NORMAL_diamond.tsv",
                "taxpasta_flagged/SRR13439802_DNA_HLSAN_diamond.tsv",
                "taxpasta_flagged/SRR13439813_DNA_HLSAN_diamond.tsv",
                "viral_taxids",
                "viral_taxids/SRR13439790_diamond_viral_taxids.tsv",
                "viral_taxids/SRR13439799_diamond_viral_taxids.tsv",
                "viral_taxids/SRR13439802_diamond_viral_taxids.tsv",
                "viral_taxids/SRR13439813_diamond_viral_taxids.tsv"
            ]
        ],
        "timestamp": "2026-09-16T12:19:38.42553218",
        "meta": {
            "nf-test": "0.9.5",
            "nextflow": "26.04.6"
        }
    },
    "minimap2_align": {
        "content": [
            "No BAM files",
            [
                
            ]
        ],
        "timestamp": "2026-09-16T12:19:38.857671179",
        "meta": {
            "nf-test": "0.9.5",
            "nextflow": "26.04.6"
        }
    },
    "viral_taxids": {
        "content": [
            [
                "SRR13439790_diamond_viral_taxids.tsv:md5,0ef0fccffa306f5ba737023e76203064",
                "SRR13439799_diamond_viral_taxids.tsv:md5,f0050886ae85585d42bdba12a480f335",
                "SRR13439802_diamond_viral_taxids.tsv:md5,4ff87012bae8f142f2acc99ecfd01efb",
                "SRR13439813_diamond_viral_taxids.tsv:md5,99c315cbd450d9f5985ce95adf418aa8"
            ]
        ],
        "timestamp": "2026-09-16T12:19:38.87593914",
        "meta": {
            "nf-test": "0.9.5",
            "nextflow": "26.04.6"
        }
    },
    "extracted_reads": {
        "content": [
            [
                "SRR13439790_taxid_10804_adeno-associated-virus-2.extracted_diamond_read_1.fa(extracted reads diamond) contains string:true",
                "SRR13439790_taxid_10804_adeno-associated-virus-2.extracted_diamond_read_2.fa(extracted reads diamond) contains string:true",
                "SRR13439790_taxid_11320_Influenza-A-virus.extracted_diamond_read_1.fa(extracted reads diamond) contains string:true",
                "SRR13439790_taxid_11320_Influenza-A-virus.extracted_diamond_read_2.fa(extracted reads diamond) contains string:true",
                "SRR13439790_taxid_1239384_Escherichia-phage-IME11.extracted_diamond_read_1.fa(extracted reads diamond) contains string:true",
                "SRR13439790_taxid_1239384_Escherichia-phage-IME11.extracted_diamond_read_2.fa(extracted reads diamond) contains string:true",
                "SRR13439790_taxid_1920753_Gamaleyavirus.extracted_diamond_read_1.fa(extracted reads diamond) contains string:true",
                "SRR13439790_taxid_1920753_Gamaleyavirus.extracted_diamond_read_2.fa(extracted reads diamond) contains string:true",
                "SRR13439790_taxid_2886042_Shigella-virus-Moo19.extracted_diamond_read_1.fa(extracted reads diamond) contains string:true",
                "SRR13439790_taxid_2886042_Shigella-virus-Moo19.extracted_diamond_read_2.fa(extracted reads diamond) contains string:true",
                "SRR13439799_taxid_11320_Influenza-A-virus.extracted_diamond_reads.fa(extracted reads diamond) contains string:true",
                "SRR13439802_taxid_11646_Lentivirus.extracted_diamond_read_1.fa(extracted reads diamond) contains string:true",
                "SRR13439802_taxid_11646_Lentivirus.extracted_diamond_read_2.fa(extracted reads diamond) contains string:true",
                "SRR13439802_taxid_11676_Human-immunodeficiency-virus-1.extracted_diamond_read_1.fa(extracted reads diamond) contains string:true",
                "SRR13439802_taxid_11676_Human-immunodeficiency-virus-1.extracted_diamond_read_2.fa(extracted reads diamond) contains string:true",
                "SRR13439802_taxid_2731643_Autographiviridae.extracted_diamond_read_1.fa(extracted reads diamond) contains string:true",
                "SRR13439802_taxid_2731643_Autographiviridae.extracted_diamond_read_2.fa(extracted reads diamond) contains string:true",
                "SRR13439802_taxid_2886042_Shigella-virus-Moo19.extracted_diamond_read_1.fa(extracted reads diamond) contains string:true",
                "SRR13439802_taxid_2886042_Shigella-virus-Moo19.extracted_diamond_read_2.fa(extracted reads diamond) contains string:true",
                "SRR13439813_taxid_10404_Hepadnaviridae.extracted_diamond_read_1.fa(extracted reads diamond) contains string:true",
                "SRR13439813_taxid_10404_Hepadnaviridae.extracted_diamond_read_2.fa(extracted reads diamond) contains string:true",
                "SRR13439813_taxid_10405_Orthohepadnavirus.extracted_diamond_read_1.fa(extracted reads diamond) contains string:true",
                "SRR13439813_taxid_10405_Orthohepadnavirus.extracted_diamond_read_2.fa(extracted reads diamond) contains string:true",
                "SRR13439813_taxid_1054461_Escherichia-phage-vB-EcoP-G7C.extracted_diamond_read_1.fa(extracted reads diamond) contains string:true",
                "SRR13439813_taxid_1054461_Escherichia-phage-vB-EcoP-G7C.extracted_diamond_read_2.fa(extracted reads diamond) contains string:true",
                "SRR13439813_taxid_1239384_Escherichia-phage-IME11.extracted_diamond_read_1.fa(extracted reads diamond) contains string:true",
                "SRR13439813_taxid_1239384_Escherichia-phage-IME11.extracted_diamond_read_2.fa(extracted reads diamond) contains string:true",
                "SRR13439813_taxid_153135_Gammaretrovirus.extracted_diamond_read_1.fa(extracted reads diamond) contains string:true",
                "SRR13439813_taxid_153135_Gammaretrovirus.extracted_diamond_read_2.fa(extracted reads diamond) contains string:true",
                "SRR13439813_taxid_1920753_Gamaleyavirus.extracted_diamond_read_1.fa(extracted reads diamond) contains string:true",
                "SRR13439813_taxid_1920753_Gamaleyavirus.extracted_diamond_read_2.fa(extracted reads diamond) contains string:true",
                "SRR13439813_taxid_2163996_Capuchin-monkey-hepatitis-B-virus.extracted_diamond_read_1.fa(extracted reads diamond) contains string:true",
                "SRR13439813_taxid_2163996_Capuchin-monkey-hepatitis-B-virus.extracted_diamond_read_2.fa(extracted reads diamond) contains string:true",
                "SRR13439813_taxid_2886042_Shigella-virus-Moo19.extracted_diamond_read_1.fa(extracted reads diamond) contains string:true",
                "SRR13439813_taxid_2886042_Shigella-virus-Moo19.extracted_diamond_read_2.fa(extracted reads diamond) contains string:true"
            ]
        ],
        "timestamp": "2026-09-16T12:19:38.834159999",
        "meta": {
            "nf-test": "0.9.5",
            "nextflow": "26.04.6"
        }
    },
    "spades_diamond": {
        "content": [
            [
                "SRR13439802_taxid_11646_Lentivirus_diamond.contigs.fa exists: true",
                "SRR13439802_taxid_11646_Lentivirus_diamond.scaffolds.fa exists: true",
                "SRR13439802_taxid_11646_Lentivirus_diamond.spades.log exists: true",
                "SRR13439802_taxid_11646_Lentivirus_diamond.warnings.log exists: true",
                "SRR13439802_taxid_11676_Human-immunodeficiency-virus-1_diamond.contigs.fa exists: true",
                "SRR13439802_taxid_11676_Human-immunodeficiency-virus-1_diamond.scaffolds.fa exists: true",
                "SRR13439802_taxid_11676_Human-immunodeficiency-virus-1_diamond.spades.log exists: true",
                "SRR13439813_taxid_10404_Hepadnaviridae_diamond.contigs.fa exists: true",
                "SRR13439813_taxid_10404_Hepadnaviridae_diamond.scaffolds.fa exists: true",
                "SRR13439813_taxid_10404_Hepadnaviridae_diamond.spades.log exists: true",
                "SRR13439813_taxid_10404_Hepadnaviridae_diamond.warnings.log exists: true",
                "SRR13439813_taxid_10405_Orthohepadnavirus_diamond.contigs.fa exists: true",
                "SRR13439813_taxid_10405_Orthohepadnavirus_diamond.scaffolds.fa exists: true",
                "SRR13439813_taxid_10405_Orthohepadnavirus_diamond.spades.log exists: true",
                "SRR13439813_taxid_10405_Orthohepadnavirus_diamond.warnings.log exists: true",
                "SRR13439813_taxid_1054461_Escherichia-phage-vB-EcoP-G7C_diamond.contigs.fa exists: true",
                "SRR13439813_taxid_1054461_Escherichia-phage-vB-EcoP-G7C_diamond.scaffolds.fa exists: true",
                "SRR13439813_taxid_1054461_Escherichia-phage-vB-EcoP-G7C_diamond.spades.log exists: true",
                "SRR13439813_taxid_1054461_Escherichia-phage-vB-EcoP-G7C_diamond.warnings.log exists: true",
                "SRR13439813_taxid_2163996_Capuchin-monkey-hepatitis-B-virus_diamond.contigs.fa exists: true",
                "SRR13439813_taxid_2163996_Capuchin-monkey-hepatitis-B-virus_diamond.scaffolds.fa exists: true",
                "SRR13439813_taxid_2163996_Capuchin-monkey-hepatitis-B-virus_diamond.spades.log exists: true",
                "SRR13439813_taxid_2163996_Capuchin-monkey-hepatitis-B-virus_diamond.warnings.log exists: true"
            ]
        ],
        "timestamp": "2026-09-16T12:19:38.868261379",
        "meta": {
            "nf-test": "0.9.5",
            "nextflow": "26.04.6"
        }
    },
    "-profile test_verifyspecies_diamond": {
        "content": [
            {
                "Workflow": {
                    "genomic-medicine-sweden/metaval": "v1.0dev"
                }
            }
        ],
        "timestamp": "2026-09-16T12:19:38.417591346",
        "meta": {
            "nf-test": "0.9.5",
            "nextflow": "26.04.6"
        }
    },
    "bowtie2_build": {
        "content": [
            [
                
            ]
        ],
        "timestamp": "2026-09-16T12:19:38.848855562",
        "meta": {
            "nf-test": "0.9.5",
            "nextflow": "26.04.6"
        }
    },
    "samtools_coverage": {
        "content": [
            [
                
            ]
        ],
        "timestamp": "2026-09-16T12:19:38.887212934",
        "meta": {
            "nf-test": "0.9.5",
            "nextflow": "26.04.6"
        }
    },
    "samtools_depth": {
        "content": [
            [
                
            ]
        ],
        "timestamp": "2026-09-16T12:19:38.896614162",
        "meta": {
            "nf-test": "0.9.5",
            "nextflow": "26.04.6"
        }
    },
    "bowtie2_align": {
        "content": [
            "No BAM files"
        ],
        "timestamp": "2026-09-16T12:19:38.841966782",
        "meta": {
            "nf-test": "0.9.5",
            "nextflow": "26.04.6"
        }
    },
    "taxpasta_flagged": {
        "content": [
            [
                "SRR13439790_DNA_ELB_diamond.tsv:md5,b886aa18c1c230ecc528106f36b3d885",
                "SRR13439799_MIX_NORMAL_diamond.tsv:md5,8c466ba2eb831a9ce946625553f0d763",
                "SRR13439802_DNA_HLSAN_diamond.tsv:md5,62c743a68a4128eba457792d744879bb",
                "SRR13439813_DNA_HLSAN_diamond.tsv:md5,71e3ef5c6ee3ecab9a6556fde93a3b19"
            ]
        ],
        "timestamp": "2026-09-16T12:19:38.905422309",
        "meta": {
            "nf-test": "0.9.5",
            "nextflow": "26.04.6"
        }
    }
}