{
    "all_files": {
        "content": [
            [
                "blast",
                "blast/blastn",
                "blast/blastn/diamond",
                "blast/blastn/diamond/SRR13439799_taxid_11320_Influenza-A-virus_blast_filtered.txt",
                "blast/blastn/diamond/SRR13439799_taxid_11320_Influenza-A-virus_blast_filtered_summary.txt",
                "extracted_reads",
                "extracted_reads/diamond",
                "extracted_reads/diamond/SRR13439790_taxid_10804_adeno-associated-virus-2.extracted_diamond_read_1.fa",
                "extracted_reads/diamond/SRR13439790_taxid_10804_adeno-associated-virus-2.extracted_diamond_read_2.fa",
                "extracted_reads/diamond/SRR13439790_taxid_11320_Influenza-A-virus.extracted_diamond_read_1.fa",
                "extracted_reads/diamond/SRR13439790_taxid_11320_Influenza-A-virus.extracted_diamond_read_2.fa",
                "extracted_reads/diamond/SRR13439799_taxid_11320_Influenza-A-virus.extracted_diamond_reads.fa",
                "extracted_reads/diamond/SRR13439802_taxid_11646_Lentivirus.extracted_diamond_read_1.fa",
                "extracted_reads/diamond/SRR13439802_taxid_11646_Lentivirus.extracted_diamond_read_2.fa",
                "extracted_reads/diamond/SRR13439802_taxid_11676_Human-immunodeficiency-virus-1.extracted_diamond_read_1.fa",
                "extracted_reads/diamond/SRR13439802_taxid_11676_Human-immunodeficiency-virus-1.extracted_diamond_read_2.fa",
                "extracted_reads/diamond/SRR13439802_taxid_2731643_Autographiviridae.extracted_diamond_read_1.fa",
                "extracted_reads/diamond/SRR13439802_taxid_2731643_Autographiviridae.extracted_diamond_read_2.fa",
                "extracted_reads/diamond/SRR13439813_taxid_10404_Hepadnaviridae.extracted_diamond_read_1.fa",
                "extracted_reads/diamond/SRR13439813_taxid_10404_Hepadnaviridae.extracted_diamond_read_2.fa",
                "extracted_reads/diamond/SRR13439813_taxid_10405_Orthohepadnavirus.extracted_diamond_read_1.fa",
                "extracted_reads/diamond/SRR13439813_taxid_10405_Orthohepadnavirus.extracted_diamond_read_2.fa",
                "extracted_reads/diamond/SRR13439813_taxid_153135_Gammaretrovirus.extracted_diamond_read_1.fa",
                "extracted_reads/diamond/SRR13439813_taxid_153135_Gammaretrovirus.extracted_diamond_read_2.fa",
                "extracted_reads/diamond/SRR13439813_taxid_2163996_Capuchin-monkey-hepatitis-B-virus.extracted_diamond_read_1.fa",
                "extracted_reads/diamond/SRR13439813_taxid_2163996_Capuchin-monkey-hepatitis-B-virus.extracted_diamond_read_2.fa",
                "extracted_reads/diamond/SRR13439813_taxid_2731643_Autographiviridae.extracted_diamond_read_1.fa",
                "extracted_reads/diamond/SRR13439813_taxid_2731643_Autographiviridae.extracted_diamond_read_2.fa",
                "fastqc",
                "fastqc/input",
                "fastqc/input/SRR13439799_taxid_11320_Influenza-A-virus_diamond_fastqc.html",
                "igv",
                "igv/SRR13439799_diamond_taxid_11320_Influenza-A-virus_mappingorganism_Influenza-A-virus-A-Puerto-Rico-8-1934-H1N1_GCA_037915385.1_report.html",
                "mapping",
                "mapping/minimap2",
                "mapping/minimap2/align",
                "mapping/minimap2/align/SRR13439799_diamond_taxid_11320_Influenza-A-virus_mappingorganism_Influenza-A-virus-A-Puerto-Rico-8-1934-H1N1_GCA_037915385.1_sorted.bam",
                "mapping/minimap2/align/SRR13439799_diamond_taxid_11320_Influenza-A-virus_mappingorganism_Influenza-A-virus-A-Puerto-Rico-8-1934-H1N1_GCA_037915385.1_sorted.bam.bai",
                "mapping/minimap2/index",
                "mapping/minimap2/index/mappingorganism_Influenza-A-virus-A-Puerto-Rico-8-1934-H1N1",
                "mapping/minimap2/index/mappingorganism_Influenza-A-virus-A-Puerto-Rico-8-1934-H1N1/GCA_037915385.1_ASM3791538v1_genomic.fna.mmi",
                "multiqc",
                "multiqc/multiqc_data",
                "multiqc/multiqc_data/llms-full.txt",
                "multiqc/multiqc_data/multiqc.log",
                "multiqc/multiqc_data/multiqc.parquet",
                "multiqc/multiqc_data/multiqc_citations.txt",
                "multiqc/multiqc_data/multiqc_data.json",
                "multiqc/multiqc_data/multiqc_software_versions.txt",
                "multiqc/multiqc_data/multiqc_sources.txt",
                "multiqc/multiqc_report.html",
                "pipeline_info",
                "pipeline_info/genomic-medicine-sweden_metaval_software_mqc_versions.yml",
                "spades",
                "spades/diamond",
                "spades/diamond/SRR13439802_taxid_11646_Lentivirus.contigs.fa",
                "spades/diamond/SRR13439802_taxid_11646_Lentivirus.scaffolds.fa",
                "spades/diamond/SRR13439802_taxid_11646_Lentivirus.spades.log",
                "spades/diamond/SRR13439802_taxid_11646_Lentivirus.warnings.log",
                "spades/diamond/SRR13439802_taxid_11676_Human-immunodeficiency-virus-1.contigs.fa",
                "spades/diamond/SRR13439802_taxid_11676_Human-immunodeficiency-virus-1.scaffolds.fa",
                "spades/diamond/SRR13439802_taxid_11676_Human-immunodeficiency-virus-1.spades.log",
                "spades/diamond/SRR13439802_taxid_11676_Human-immunodeficiency-virus-1.warnings.log",
                "spades/diamond/SRR13439813_taxid_10404_Hepadnaviridae.contigs.fa",
                "spades/diamond/SRR13439813_taxid_10404_Hepadnaviridae.scaffolds.fa",
                "spades/diamond/SRR13439813_taxid_10404_Hepadnaviridae.spades.log",
                "spades/diamond/SRR13439813_taxid_10404_Hepadnaviridae.warnings.log",
                "spades/diamond/SRR13439813_taxid_10405_Orthohepadnavirus.contigs.fa",
                "spades/diamond/SRR13439813_taxid_10405_Orthohepadnavirus.scaffolds.fa",
                "spades/diamond/SRR13439813_taxid_10405_Orthohepadnavirus.spades.log",
                "spades/diamond/SRR13439813_taxid_10405_Orthohepadnavirus.warnings.log",
                "spades/diamond/SRR13439813_taxid_2163996_Capuchin-monkey-hepatitis-B-virus.contigs.fa",
                "spades/diamond/SRR13439813_taxid_2163996_Capuchin-monkey-hepatitis-B-virus.scaffolds.fa",
                "spades/diamond/SRR13439813_taxid_2163996_Capuchin-monkey-hepatitis-B-virus.spades.log",
                "spades/diamond/SRR13439813_taxid_2163996_Capuchin-monkey-hepatitis-B-virus.warnings.log",
                "spades/diamond/SRR13439813_taxid_2731643_Autographiviridae.contigs.fa",
                "spades/diamond/SRR13439813_taxid_2731643_Autographiviridae.scaffolds.fa",
                "spades/diamond/SRR13439813_taxid_2731643_Autographiviridae.spades.log",
                "spades/diamond/SRR13439813_taxid_2731643_Autographiviridae.warnings.log",
                "viral_taxids",
                "viral_taxids/SRR13439790_diamond_viral_taxids.tsv",
                "viral_taxids/SRR13439799_diamond_viral_taxids.tsv",
                "viral_taxids/SRR13439802_diamond_viral_taxids.tsv",
                "viral_taxids/SRR13439813_diamond_viral_taxids.tsv"
            ]
        ],
        "timestamp": "2026-07-30T12:53:04.428384",
        "meta": {
            "nf-test": "0.9.5",
            "nextflow": "25.10.4"
        }
    },
    "minimap2_align": {
        "content": [
            [
                [
                    "SRR13439799_diamond_taxid_11320_Influenza-A-virus_mappingorganism_Influenza-A-virus-A-Puerto-Rico-8-1934-H1N1_GCA_037915385.1_sorted.bam minimap2 align md5: 2aab77ff1d9e157dd5a946b07a313ffa"
                ]
            ],
            [
                "SRR13439799_diamond_taxid_11320_Influenza-A-virus_mappingorganism_Influenza-A-virus-A-Puerto-Rico-8-1934-H1N1_GCA_037915385.1_sorted.bam:md5,7bc9b60426464be519ec93796e4fbcf6",
                "SRR13439799_diamond_taxid_11320_Influenza-A-virus_mappingorganism_Influenza-A-virus-A-Puerto-Rico-8-1934-H1N1_GCA_037915385.1_sorted.bam.bai:md5,216aae0fb095cecd17a1b40a322e64c0"
            ]
        ],
        "timestamp": "2026-07-30T12:53:04.745727",
        "meta": {
            "nf-test": "0.9.5",
            "nextflow": "25.10.4"
        }
    },
    "viral_taxids": {
        "content": [
            [
                "SRR13439790_diamond_viral_taxids.tsv:md5,e9fa86022e3f21a2112fc613a8cbbe5c",
                "SRR13439799_diamond_viral_taxids.tsv:md5,f0050886ae85585d42bdba12a480f335",
                "SRR13439802_diamond_viral_taxids.tsv:md5,ee8cca3625dac4a3ee255c8b37a0ad0b",
                "SRR13439813_diamond_viral_taxids.tsv:md5,f5a0ef841ca4531f5d827edf3157be85"
            ]
        ],
        "timestamp": "2026-07-30T12:53:04.874996",
        "meta": {
            "nf-test": "0.9.5",
            "nextflow": "25.10.4"
        }
    },
    "extracted_reads": {
        "content": [
            [
                "SRR13439790_taxid_10804_adeno-associated-virus-2.extracted_diamond_read_1.fa(extracted reads diamond) contains string:true",
                "SRR13439790_taxid_10804_adeno-associated-virus-2.extracted_diamond_read_2.fa(extracted reads diamond) contains string:true",
                "SRR13439790_taxid_11320_Influenza-A-virus.extracted_diamond_read_1.fa(extracted reads diamond) contains string:true",
                "SRR13439790_taxid_11320_Influenza-A-virus.extracted_diamond_read_2.fa(extracted reads diamond) contains string:true",
                "SRR13439799_taxid_11320_Influenza-A-virus.extracted_diamond_reads.fa(extracted reads diamond) contains string:true",
                "SRR13439802_taxid_11646_Lentivirus.extracted_diamond_read_1.fa(extracted reads diamond) contains string:true",
                "SRR13439802_taxid_11646_Lentivirus.extracted_diamond_read_2.fa(extracted reads diamond) contains string:true",
                "SRR13439802_taxid_11676_Human-immunodeficiency-virus-1.extracted_diamond_read_1.fa(extracted reads diamond) contains string:true",
                "SRR13439802_taxid_11676_Human-immunodeficiency-virus-1.extracted_diamond_read_2.fa(extracted reads diamond) contains string:true",
                "SRR13439802_taxid_2731643_Autographiviridae.extracted_diamond_read_1.fa(extracted reads diamond) contains string:true",
                "SRR13439802_taxid_2731643_Autographiviridae.extracted_diamond_read_2.fa(extracted reads diamond) contains string:true",
                "SRR13439813_taxid_10404_Hepadnaviridae.extracted_diamond_read_1.fa(extracted reads diamond) contains string:true",
                "SRR13439813_taxid_10404_Hepadnaviridae.extracted_diamond_read_2.fa(extracted reads diamond) contains string:true",
                "SRR13439813_taxid_10405_Orthohepadnavirus.extracted_diamond_read_1.fa(extracted reads diamond) contains string:true",
                "SRR13439813_taxid_10405_Orthohepadnavirus.extracted_diamond_read_2.fa(extracted reads diamond) contains string:true",
                "SRR13439813_taxid_153135_Gammaretrovirus.extracted_diamond_read_1.fa(extracted reads diamond) contains string:true",
                "SRR13439813_taxid_153135_Gammaretrovirus.extracted_diamond_read_2.fa(extracted reads diamond) contains string:true",
                "SRR13439813_taxid_2163996_Capuchin-monkey-hepatitis-B-virus.extracted_diamond_read_1.fa(extracted reads diamond) contains string:true",
                "SRR13439813_taxid_2163996_Capuchin-monkey-hepatitis-B-virus.extracted_diamond_read_2.fa(extracted reads diamond) contains string:true",
                "SRR13439813_taxid_2731643_Autographiviridae.extracted_diamond_read_1.fa(extracted reads diamond) contains string:true",
                "SRR13439813_taxid_2731643_Autographiviridae.extracted_diamond_read_2.fa(extracted reads diamond) contains string:true"
            ]
        ],
        "timestamp": "2026-07-31T11:18:29.882977",
        "meta": {
            "nf-test": "0.9.5",
            "nextflow": "25.10.4"
        }
    },
    "minimap2_index": {
        "content": [
            [
                "GCA_037915385.1_ASM3791538v1_genomic.fna.mmi exists: true"
            ]
        ],
        "timestamp": "2026-07-30T12:53:04.704584",
        "meta": {
            "nf-test": "0.9.5",
            "nextflow": "25.10.4"
        }
    },
    "spades_diamond": {
        "content": [
            [
                "SRR13439802_taxid_11646_Lentivirus.contigs.fa exists: true",
                "SRR13439802_taxid_11646_Lentivirus.scaffolds.fa exists: true",
                "SRR13439802_taxid_11646_Lentivirus.spades.log exists: true",
                "SRR13439802_taxid_11646_Lentivirus.warnings.log exists: true",
                "SRR13439802_taxid_11676_Human-immunodeficiency-virus-1.contigs.fa exists: true",
                "SRR13439802_taxid_11676_Human-immunodeficiency-virus-1.scaffolds.fa exists: true",
                "SRR13439802_taxid_11676_Human-immunodeficiency-virus-1.spades.log exists: true",
                "SRR13439802_taxid_11676_Human-immunodeficiency-virus-1.warnings.log exists: true",
                "SRR13439813_taxid_10404_Hepadnaviridae.contigs.fa exists: true",
                "SRR13439813_taxid_10404_Hepadnaviridae.scaffolds.fa exists: true",
                "SRR13439813_taxid_10404_Hepadnaviridae.spades.log exists: true",
                "SRR13439813_taxid_10404_Hepadnaviridae.warnings.log exists: true",
                "SRR13439813_taxid_10405_Orthohepadnavirus.contigs.fa exists: true",
                "SRR13439813_taxid_10405_Orthohepadnavirus.scaffolds.fa exists: true",
                "SRR13439813_taxid_10405_Orthohepadnavirus.spades.log exists: true",
                "SRR13439813_taxid_10405_Orthohepadnavirus.warnings.log exists: true",
                "SRR13439813_taxid_2163996_Capuchin-monkey-hepatitis-B-virus.contigs.fa exists: true",
                "SRR13439813_taxid_2163996_Capuchin-monkey-hepatitis-B-virus.scaffolds.fa exists: true",
                "SRR13439813_taxid_2163996_Capuchin-monkey-hepatitis-B-virus.spades.log exists: true",
                "SRR13439813_taxid_2163996_Capuchin-monkey-hepatitis-B-virus.warnings.log exists: true",
                "SRR13439813_taxid_2731643_Autographiviridae.contigs.fa exists: true",
                "SRR13439813_taxid_2731643_Autographiviridae.scaffolds.fa exists: true",
                "SRR13439813_taxid_2731643_Autographiviridae.spades.log exists: true",
                "SRR13439813_taxid_2731643_Autographiviridae.warnings.log exists: true"
            ]
        ],
        "timestamp": "2026-07-30T12:53:04.792483",
        "meta": {
            "nf-test": "0.9.5",
            "nextflow": "25.10.4"
        }
    },
    "-profile test_verifyspecies_diamond": {
        "content": [
            {
                "BEDTOOLS_GENOMECOV": {
                    "bedtools": "2.31.1"
                },
                "BLAST_BLASTN": {
                    "blastn": "2.17.0+"
                },
                "EXTRACTDIAMONDREADS": {
                    "pigz": 2.8,
                    "python": "3.13.1"
                },
                "FASTQC": {
                    "fastqc": "0.12.1"
                },
                "FILTER_BLASTN": {
                    "python": "3.12.3"
                },
                "MINIMAP2_ALIGN": {
                    "minimap2": "2.29-r1283"
                },
                "MINIMAP2_INDEX": {
                    "minimap2": "2.29-r1283"
                },
                "PIGZ_UNCOMPRESS": {
                    "pigz": 2.8
                },
                "SAMTOOLS_FAIDX": {
                    "samtools": "1.23.1"
                },
                "SAMTOOLS_FLAGSTAT": {
                    "samtools": "1.23.1"
                },
                "SAMTOOLS_IDXSTATS": {
                    "samtools": "1.23.1"
                },
                "SAMTOOLS_INDEX": {
                    "samtools": "1.23.1"
                },
                "SAMTOOLS_SORT": {
                    "samtools": "1.23.1"
                },
                "SAMTOOLS_SORT_LONGREAD": {
                    "samtools": "1.23.1"
                },
                "SAMTOOLS_STATS": {
                    "samtools": "1.23.1"
                },
                "SEQKIT_FQ2FA": {
                    "seqkit": "2.9.0"
                },
                "SEQKIT_FQ2FA_READS": {
                    "seqkit": "2.9.0"
                },
                "SPADES": {
                    "spades": "4.1.0"
                },
                "UNTAR_BLASTN": {
                    "untar": 1.34
                },
                "Workflow": {
                    "genomic-medicine-sweden/metaval": "v1.0dev"
                }
            }
        ],
        "timestamp": "2026-07-31T11:18:28.769354",
        "meta": {
            "nf-test": "0.9.5",
            "nextflow": "25.10.4"
        }
    },
    "igv": {
        "content": [
            [
                "SRR13439799_diamond_taxid_11320_Influenza-A-virus_mappingorganism_Influenza-A-virus-A-Puerto-Rico-8-1934-H1N1_GCA_037915385.1_report.html exists: true"
            ]
        ],
        "timestamp": "2026-07-30T12:53:04.754065",
        "meta": {
            "nf-test": "0.9.5",
            "nextflow": "25.10.4"
        }
    },
    "blastn": {
        "content": [
            [
                "SRR13439799_taxid_11320_Influenza-A-virus_blast_filtered.txt(diamond) contains string:true",
                "SRR13439799_taxid_11320_Influenza-A-virus_blast_filtered_summary.txt(diamond) contains string:true"
            ]
        ],
        "timestamp": "2026-07-30T12:53:04.461752",
        "meta": {
            "nf-test": "0.9.5",
            "nextflow": "25.10.4"
        }
    }
}