{
    "all_files": {
        "content": [
            [
                "extracted_reads/kraken2/SRR13439790_10804.extracted_kraken2_read_1.fastq.gz",
                "extracted_reads/kraken2/SRR13439790_10804.extracted_kraken2_read_2.fastq.gz",
                "extracted_reads/kraken2/SRR13439790_1173749.extracted_kraken2_read_1.fastq.gz",
                "extracted_reads/kraken2/SRR13439790_1173749.extracted_kraken2_read_2.fastq.gz",
                "extracted_reads/kraken2/SRR13439790_1498172.extracted_kraken2_read_1.fastq.gz",
                "extracted_reads/kraken2/SRR13439790_1498172.extracted_kraken2_read_2.fastq.gz",
                "extracted_reads/kraken2/SRR13439790_1654780.extracted_kraken2_read_1.fastq.gz",
                "extracted_reads/kraken2/SRR13439790_1654780.extracted_kraken2_read_2.fastq.gz",
                "extracted_reads/kraken2/SRR13439790_1914850.extracted_kraken2_read_1.fastq.gz",
                "extracted_reads/kraken2/SRR13439790_1914850.extracted_kraken2_read_2.fastq.gz",
                "extracted_reads/kraken2/SRR13439790_1920753.extracted_kraken2_read_1.fastq.gz",
                "extracted_reads/kraken2/SRR13439790_1920753.extracted_kraken2_read_2.fastq.gz",
                "extracted_reads/kraken2/SRR13439790_2491323.extracted_kraken2_read_1.fastq.gz",
                "extracted_reads/kraken2/SRR13439790_2491323.extracted_kraken2_read_2.fastq.gz",
                "extracted_reads/kraken2/SRR13439790_2886042.extracted_kraken2_read_1.fastq.gz",
                "extracted_reads/kraken2/SRR13439790_2886042.extracted_kraken2_read_2.fastq.gz",
                "extracted_reads/kraken2/SRR13439790_335341.extracted_kraken2_read_1.fastq.gz",
                "extracted_reads/kraken2/SRR13439790_335341.extracted_kraken2_read_2.fastq.gz",
                "extracted_reads/kraken2/SRR13439790_687358.extracted_kraken2_read_1.fastq.gz",
                "extracted_reads/kraken2/SRR13439790_687358.extracted_kraken2_read_2.fastq.gz",
                "extracted_reads/kraken2/SRR13439799_211044.extracted_kraken2_read.fastq.gz",
                "extracted_reads/kraken2/SRR13439802_11676.extracted_kraken2_read_1.fastq.gz",
                "extracted_reads/kraken2/SRR13439802_11676.extracted_kraken2_read_2.fastq.gz",
                "extracted_reads/kraken2/SRR13439802_1458841.extracted_kraken2_read_1.fastq.gz",
                "extracted_reads/kraken2/SRR13439802_1458841.extracted_kraken2_read_2.fastq.gz",
                "extracted_reads/kraken2/SRR13439802_1605721.extracted_kraken2_read_1.fastq.gz",
                "extracted_reads/kraken2/SRR13439802_1605721.extracted_kraken2_read_2.fastq.gz",
                "extracted_reads/kraken2/SRR13439802_2695847.extracted_kraken2_read_1.fastq.gz",
                "extracted_reads/kraken2/SRR13439802_2695847.extracted_kraken2_read_2.fastq.gz",
                "extracted_reads/kraken2/SRR13439802_2787014.extracted_kraken2_read_1.fastq.gz",
                "extracted_reads/kraken2/SRR13439802_2787014.extracted_kraken2_read_2.fastq.gz",
                "extracted_reads/kraken2/SRR13439802_2874884.extracted_kraken2_read_1.fastq.gz",
                "extracted_reads/kraken2/SRR13439802_2874884.extracted_kraken2_read_2.fastq.gz",
                "extracted_reads/kraken2/SRR13439802_2886042.extracted_kraken2_read_1.fastq.gz",
                "extracted_reads/kraken2/SRR13439802_2886042.extracted_kraken2_read_2.fastq.gz",
                "extracted_reads/kraken2/SRR13439802_56947.extracted_kraken2_read_1.fastq.gz",
                "extracted_reads/kraken2/SRR13439802_56947.extracted_kraken2_read_2.fastq.gz",
                "extracted_reads/kraken2/SRR13439802_687369.extracted_kraken2_read_1.fastq.gz",
                "extracted_reads/kraken2/SRR13439802_687369.extracted_kraken2_read_2.fastq.gz",
                "extracted_reads/kraken2/SRR13439813_10404.extracted_kraken2_read_1.fastq.gz",
                "extracted_reads/kraken2/SRR13439813_10404.extracted_kraken2_read_2.fastq.gz",
                "extracted_reads/kraken2/SRR13439813_10405.extracted_kraken2_read_1.fastq.gz",
                "extracted_reads/kraken2/SRR13439813_10405.extracted_kraken2_read_2.fastq.gz",
                "extracted_reads/kraken2/SRR13439813_10406.extracted_kraken2_read_1.fastq.gz",
                "extracted_reads/kraken2/SRR13439813_10406.extracted_kraken2_read_2.fastq.gz",
                "extracted_reads/kraken2/SRR13439813_1054461.extracted_kraken2_read_1.fastq.gz",
                "extracted_reads/kraken2/SRR13439813_1054461.extracted_kraken2_read_2.fastq.gz",
                "extracted_reads/kraken2/SRR13439813_10704.extracted_kraken2_read_1.fastq.gz",
                "extracted_reads/kraken2/SRR13439813_10704.extracted_kraken2_read_2.fastq.gz",
                "extracted_reads/kraken2/SRR13439813_1116482.extracted_kraken2_read_1.fastq.gz",
                "extracted_reads/kraken2/SRR13439813_1116482.extracted_kraken2_read_2.fastq.gz",
                "extracted_reads/kraken2/SRR13439813_1141135.extracted_kraken2_read_1.fastq.gz",
                "extracted_reads/kraken2/SRR13439813_1141135.extracted_kraken2_read_2.fastq.gz",
                "extracted_reads/kraken2/SRR13439813_1162290.extracted_kraken2_read_1.fastq.gz",
                "extracted_reads/kraken2/SRR13439813_1162290.extracted_kraken2_read_2.fastq.gz",
                "extracted_reads/kraken2/SRR13439813_11676.extracted_kraken2_read_1.fastq.gz",
                "extracted_reads/kraken2/SRR13439813_11676.extracted_kraken2_read_2.fastq.gz",
                "extracted_reads/kraken2/SRR13439813_1173749.extracted_kraken2_read_1.fastq.gz",
                "extracted_reads/kraken2/SRR13439813_1173749.extracted_kraken2_read_2.fastq.gz",
                "extracted_reads/kraken2/SRR13439813_1204528.extracted_kraken2_read_1.fastq.gz",
                "extracted_reads/kraken2/SRR13439813_1204528.extracted_kraken2_read_2.fastq.gz",
                "extracted_reads/kraken2/SRR13439813_1239384.extracted_kraken2_read_1.fastq.gz",
                "extracted_reads/kraken2/SRR13439813_1239384.extracted_kraken2_read_2.fastq.gz",
                "extracted_reads/kraken2/SRR13439813_1258572.extracted_kraken2_read_1.fastq.gz",
                "extracted_reads/kraken2/SRR13439813_1258572.extracted_kraken2_read_2.fastq.gz",
                "extracted_reads/kraken2/SRR13439813_1282995.extracted_kraken2_read_1.fastq.gz",
                "extracted_reads/kraken2/SRR13439813_1282995.extracted_kraken2_read_2.fastq.gz",
                "extracted_reads/kraken2/SRR13439813_1293539.extracted_kraken2_read_1.fastq.gz",
                "extracted_reads/kraken2/SRR13439813_1293539.extracted_kraken2_read_2.fastq.gz",
                "extracted_reads/kraken2/SRR13439813_1335230.extracted_kraken2_read_1.fastq.gz",
                "extracted_reads/kraken2/SRR13439813_1335230.extracted_kraken2_read_2.fastq.gz",
                "extracted_reads/kraken2/SRR13439813_1349409.extracted_kraken2_read_1.fastq.gz",
                "extracted_reads/kraken2/SRR13439813_1349409.extracted_kraken2_read_2.fastq.gz",
                "extracted_reads/kraken2/SRR13439813_1391223.extracted_kraken2_read_1.fastq.gz",
                "extracted_reads/kraken2/SRR13439813_1391223.extracted_kraken2_read_2.fastq.gz",
                "extracted_reads/kraken2/SRR13439813_1391428.extracted_kraken2_read_1.fastq.gz",
                "extracted_reads/kraken2/SRR13439813_1391428.extracted_kraken2_read_2.fastq.gz",
                "extracted_reads/kraken2/SRR13439813_1395983.extracted_kraken2_read_1.fastq.gz",
                "extracted_reads/kraken2/SRR13439813_1395983.extracted_kraken2_read_2.fastq.gz",
                "extracted_reads/kraken2/SRR13439813_1415147.extracted_kraken2_read_1.fastq.gz",
                "extracted_reads/kraken2/SRR13439813_1415147.extracted_kraken2_read_2.fastq.gz",
                "extracted_reads/kraken2/SRR13439813_1415148.extracted_kraken2_read_1.fastq.gz",
                "extracted_reads/kraken2/SRR13439813_1415148.extracted_kraken2_read_2.fastq.gz",
                "extracted_reads/kraken2/SRR13439813_1458848.extracted_kraken2_read_1.fastq.gz",
                "extracted_reads/kraken2/SRR13439813_1458848.extracted_kraken2_read_2.fastq.gz",
                "extracted_reads/kraken2/SRR13439813_1498172.extracted_kraken2_read_1.fastq.gz",
                "extracted_reads/kraken2/SRR13439813_1498172.extracted_kraken2_read_2.fastq.gz",
                "extracted_reads/kraken2/SRR13439813_1508710.extracted_kraken2_read_1.fastq.gz",
                "extracted_reads/kraken2/SRR13439813_1508710.extracted_kraken2_read_2.fastq.gz",
                "extracted_reads/kraken2/SRR13439813_1508711.extracted_kraken2_read_1.fastq.gz",
                "extracted_reads/kraken2/SRR13439813_1508711.extracted_kraken2_read_2.fastq.gz",
                "extracted_reads/kraken2/SRR13439813_1527519.extracted_kraken2_read_1.fastq.gz",
                "extracted_reads/kraken2/SRR13439813_1527519.extracted_kraken2_read_2.fastq.gz",
                "extracted_reads/kraken2/SRR13439813_1527524.extracted_kraken2_read_1.fastq.gz",
                "extracted_reads/kraken2/SRR13439813_1527524.extracted_kraken2_read_2.fastq.gz",
                "extracted_reads/kraken2/SRR13439813_1541887.extracted_kraken2_read_1.fastq.gz",
                "extracted_reads/kraken2/SRR13439813_1541887.extracted_kraken2_read_2.fastq.gz",
                "extracted_reads/kraken2/SRR13439813_1543203.extracted_kraken2_read_1.fastq.gz",
                "extracted_reads/kraken2/SRR13439813_1543203.extracted_kraken2_read_2.fastq.gz",
                "extracted_reads/kraken2/SRR13439813_1587907.extracted_kraken2_read_1.fastq.gz",
                "extracted_reads/kraken2/SRR13439813_1587907.extracted_kraken2_read_2.fastq.gz",
                "extracted_reads/kraken2/SRR13439813_1604356.extracted_kraken2_read_1.fastq.gz",
                "extracted_reads/kraken2/SRR13439813_1604356.extracted_kraken2_read_2.fastq.gz",
                "extracted_reads/kraken2/SRR13439813_1605379.extracted_kraken2_read_1.fastq.gz",
                "extracted_reads/kraken2/SRR13439813_1605379.extracted_kraken2_read_2.fastq.gz",
                "extracted_reads/kraken2/SRR13439813_1623283.extracted_kraken2_read_1.fastq.gz",
                "extracted_reads/kraken2/SRR13439813_1623283.extracted_kraken2_read_2.fastq.gz",
                "extracted_reads/kraken2/SRR13439813_1623289.extracted_kraken2_read_1.fastq.gz",
                "extracted_reads/kraken2/SRR13439813_1623289.extracted_kraken2_read_2.fastq.gz",
                "extracted_reads/kraken2/SRR13439813_1636618.extracted_kraken2_read_1.fastq.gz",
                "extracted_reads/kraken2/SRR13439813_1636618.extracted_kraken2_read_2.fastq.gz",
                "extracted_reads/kraken2/SRR13439813_1647385.extracted_kraken2_read_1.fastq.gz",
                "extracted_reads/kraken2/SRR13439813_1647385.extracted_kraken2_read_2.fastq.gz",
                "extracted_reads/kraken2/SRR13439813_1654888.extracted_kraken2_read_1.fastq.gz",
                "extracted_reads/kraken2/SRR13439813_1654888.extracted_kraken2_read_2.fastq.gz",
                "extracted_reads/kraken2/SRR13439813_1654890.extracted_kraken2_read_1.fastq.gz",
                "extracted_reads/kraken2/SRR13439813_1654890.extracted_kraken2_read_2.fastq.gz",
                "extracted_reads/kraken2/SRR13439813_1675029.extracted_kraken2_read_1.fastq.gz",
                "extracted_reads/kraken2/SRR13439813_1675029.extracted_kraken2_read_2.fastq.gz",
                "extracted_reads/kraken2/SRR13439813_1678078.extracted_kraken2_read_1.fastq.gz",
                "extracted_reads/kraken2/SRR13439813_1678078.extracted_kraken2_read_2.fastq.gz",
                "extracted_reads/kraken2/SRR13439813_1689679.extracted_kraken2_read_1.fastq.gz",
                "extracted_reads/kraken2/SRR13439813_1689679.extracted_kraken2_read_2.fastq.gz",
                "extracted_reads/kraken2/SRR13439813_1701257.extracted_kraken2_read_1.fastq.gz",
                "extracted_reads/kraken2/SRR13439813_1701257.extracted_kraken2_read_2.fastq.gz",
                "extracted_reads/kraken2/SRR13439813_1729937.extracted_kraken2_read_1.fastq.gz",
                "extracted_reads/kraken2/SRR13439813_1729937.extracted_kraken2_read_2.fastq.gz",
                "extracted_reads/kraken2/SRR13439813_1772291.extracted_kraken2_read_1.fastq.gz",
                "extracted_reads/kraken2/SRR13439813_1772291.extracted_kraken2_read_2.fastq.gz",
                "extracted_reads/kraken2/SRR13439813_1777069.extracted_kraken2_read_1.fastq.gz",
                "extracted_reads/kraken2/SRR13439813_1777069.extracted_kraken2_read_2.fastq.gz",
                "extracted_reads/kraken2/SRR13439813_1813781.extracted_kraken2_read_1.fastq.gz",
                "extracted_reads/kraken2/SRR13439813_1813781.extracted_kraken2_read_2.fastq.gz",
                "extracted_reads/kraken2/SRR13439813_1852622.extracted_kraken2_read_1.fastq.gz",
                "extracted_reads/kraken2/SRR13439813_1852622.extracted_kraken2_read_2.fastq.gz",
                "extracted_reads/kraken2/SRR13439813_1871313.extracted_kraken2_read_1.fastq.gz",
                "extracted_reads/kraken2/SRR13439813_1871313.extracted_kraken2_read_2.fastq.gz",
                "extracted_reads/kraken2/SRR13439813_187217.extracted_kraken2_read_1.fastq.gz",
                "extracted_reads/kraken2/SRR13439813_187217.extracted_kraken2_read_2.fastq.gz",
                "extracted_reads/kraken2/SRR13439813_1897739.extracted_kraken2_read_1.fastq.gz",
                "extracted_reads/kraken2/SRR13439813_1897739.extracted_kraken2_read_2.fastq.gz",
                "extracted_reads/kraken2/SRR13439813_1910976.extracted_kraken2_read_1.fastq.gz",
                "extracted_reads/kraken2/SRR13439813_1910976.extracted_kraken2_read_2.fastq.gz",
                "extracted_reads/kraken2/SRR13439813_1910991.extracted_kraken2_read_1.fastq.gz",
                "extracted_reads/kraken2/SRR13439813_1910991.extracted_kraken2_read_2.fastq.gz",
                "extracted_reads/kraken2/SRR13439813_1910992.extracted_kraken2_read_1.fastq.gz",
                "extracted_reads/kraken2/SRR13439813_1910992.extracted_kraken2_read_2.fastq.gz",
                "extracted_reads/kraken2/SRR13439813_1910993.extracted_kraken2_read_1.fastq.gz",
                "extracted_reads/kraken2/SRR13439813_1910993.extracted_kraken2_read_2.fastq.gz",
                "extracted_reads/kraken2/SRR13439813_1911928.extracted_kraken2_read_1.fastq.gz",
                "extracted_reads/kraken2/SRR13439813_1911928.extracted_kraken2_read_2.fastq.gz",
                "extracted_reads/kraken2/SRR13439813_1914850.extracted_kraken2_read_1.fastq.gz",
                "extracted_reads/kraken2/SRR13439813_1914850.extracted_kraken2_read_2.fastq.gz",
                "extracted_reads/kraken2/SRR13439813_1914851.extracted_kraken2_read_1.fastq.gz",
                "extracted_reads/kraken2/SRR13439813_1914851.extracted_kraken2_read_2.fastq.gz",
                "extracted_reads/kraken2/SRR13439813_1920753.extracted_kraken2_read_1.fastq.gz",
                "extracted_reads/kraken2/SRR13439813_1920753.extracted_kraken2_read_2.fastq.gz",
                "extracted_reads/kraken2/SRR13439813_1921407.extracted_kraken2_read_1.fastq.gz",
                "extracted_reads/kraken2/SRR13439813_1921407.extracted_kraken2_read_2.fastq.gz",
                "extracted_reads/kraken2/SRR13439813_1923889.extracted_kraken2_read_1.fastq.gz",
                "extracted_reads/kraken2/SRR13439813_1923889.extracted_kraken2_read_2.fastq.gz",
                "extracted_reads/kraken2/SRR13439813_1958913.extracted_kraken2_read_1.fastq.gz",
                "extracted_reads/kraken2/SRR13439813_1958913.extracted_kraken2_read_2.fastq.gz",
                "extracted_reads/kraken2/SRR13439813_1982099.extracted_kraken2_read_1.fastq.gz",
                "extracted_reads/kraken2/SRR13439813_1982099.extracted_kraken2_read_2.fastq.gz",
                "extracted_reads/kraken2/SRR13439813_1982576.extracted_kraken2_read_1.fastq.gz",
                "extracted_reads/kraken2/SRR13439813_1982576.extracted_kraken2_read_2.fastq.gz",
                "extracted_reads/kraken2/SRR13439813_1983557.extracted_kraken2_read_1.fastq.gz",
                "extracted_reads/kraken2/SRR13439813_1983557.extracted_kraken2_read_2.fastq.gz",
                "extracted_reads/kraken2/SRR13439813_1984776.extracted_kraken2_read_1.fastq.gz",
                "extracted_reads/kraken2/SRR13439813_1984776.extracted_kraken2_read_2.fastq.gz",
                "extracted_reads/kraken2/SRR13439813_2015839.extracted_kraken2_read_1.fastq.gz",
                "extracted_reads/kraken2/SRR13439813_2015839.extracted_kraken2_read_2.fastq.gz",
                "extracted_reads/kraken2/SRR13439813_2024312.extracted_kraken2_read_1.fastq.gz",
                "extracted_reads/kraken2/SRR13439813_2024312.extracted_kraken2_read_2.fastq.gz",
                "extracted_reads/kraken2/SRR13439813_2041350.extracted_kraken2_read_1.fastq.gz",
                "extracted_reads/kraken2/SRR13439813_2041350.extracted_kraken2_read_2.fastq.gz",
                "extracted_reads/kraken2/SRR13439813_2047764.extracted_kraken2_read_1.fastq.gz",
                "extracted_reads/kraken2/SRR13439813_2047764.extracted_kraken2_read_2.fastq.gz",
                "extracted_reads/kraken2/SRR13439813_2047765.extracted_kraken2_read_1.fastq.gz",
                "extracted_reads/kraken2/SRR13439813_2047765.extracted_kraken2_read_2.fastq.gz",
                "extracted_reads/kraken2/SRR13439813_2048975.extracted_kraken2_read_1.fastq.gz",
                "extracted_reads/kraken2/SRR13439813_2048975.extracted_kraken2_read_2.fastq.gz",
                "extracted_reads/kraken2/SRR13439813_2049933.extracted_kraken2_read_1.fastq.gz",
                "extracted_reads/kraken2/SRR13439813_2049933.extracted_kraken2_read_2.fastq.gz",
                "extracted_reads/kraken2/SRR13439813_2050037.extracted_kraken2_read_1.fastq.gz",
                "extracted_reads/kraken2/SRR13439813_2050037.extracted_kraken2_read_2.fastq.gz",
                "extracted_reads/kraken2/SRR13439813_2053702.extracted_kraken2_read_1.fastq.gz",
                "extracted_reads/kraken2/SRR13439813_2053702.extracted_kraken2_read_2.fastq.gz",
                "extracted_reads/kraken2/SRR13439813_2054272.extracted_kraken2_read_1.fastq.gz",
                "extracted_reads/kraken2/SRR13439813_2054272.extracted_kraken2_read_2.fastq.gz",
                "extracted_reads/kraken2/SRR13439813_2079581.extracted_kraken2_read_1.fastq.gz",
                "extracted_reads/kraken2/SRR13439813_2079581.extracted_kraken2_read_2.fastq.gz",
                "extracted_reads/kraken2/SRR13439813_2099850.extracted_kraken2_read_1.fastq.gz",
                "extracted_reads/kraken2/SRR13439813_2099850.extracted_kraken2_read_2.fastq.gz",
                "extracted_reads/kraken2/SRR13439813_2107574.extracted_kraken2_read_1.fastq.gz",
                "extracted_reads/kraken2/SRR13439813_2107574.extracted_kraken2_read_2.fastq.gz",
                "extracted_reads/kraken2/SRR13439813_2107708.extracted_kraken2_read_1.fastq.gz",
                "extracted_reads/kraken2/SRR13439813_2107708.extracted_kraken2_read_2.fastq.gz",
                "extracted_reads/kraken2/SRR13439813_2108109.extracted_kraken2_read_1.fastq.gz",
                "extracted_reads/kraken2/SRR13439813_2108109.extracted_kraken2_read_2.fastq.gz",
                "extracted_reads/kraken2/SRR13439813_2108116.extracted_kraken2_read_1.fastq.gz",
                "extracted_reads/kraken2/SRR13439813_2108116.extracted_kraken2_read_2.fastq.gz",
                "extracted_reads/kraken2/SRR13439813_2108120.extracted_kraken2_read_1.fastq.gz",
                "extracted_reads/kraken2/SRR13439813_2108120.extracted_kraken2_read_2.fastq.gz",
                "extracted_reads/kraken2/SRR13439813_212035.extracted_kraken2_read_1.fastq.gz",
                "extracted_reads/kraken2/SRR13439813_212035.extracted_kraken2_read_2.fastq.gz",
                "extracted_reads/kraken2/SRR13439813_2144178.extracted_kraken2_read_1.fastq.gz",
                "extracted_reads/kraken2/SRR13439813_2144178.extracted_kraken2_read_2.fastq.gz",
                "extracted_reads/kraken2/SRR13439813_2163996.extracted_kraken2_read_1.fastq.gz",
                "extracted_reads/kraken2/SRR13439813_2163996.extracted_kraken2_read_2.fastq.gz",
                "extracted_reads/kraken2/SRR13439813_2169643.extracted_kraken2_read_1.fastq.gz",
                "extracted_reads/kraken2/SRR13439813_2169643.extracted_kraken2_read_2.fastq.gz",
                "extracted_reads/kraken2/SRR13439813_2178928.extracted_kraken2_read_1.fastq.gz",
                "extracted_reads/kraken2/SRR13439813_2178928.extracted_kraken2_read_2.fastq.gz",
                "extracted_reads/kraken2/SRR13439813_2182354.extracted_kraken2_read_1.fastq.gz",
                "extracted_reads/kraken2/SRR13439813_2182354.extracted_kraken2_read_2.fastq.gz",
                "extracted_reads/kraken2/SRR13439813_2200756.extracted_kraken2_read_1.fastq.gz",
                "extracted_reads/kraken2/SRR13439813_2200756.extracted_kraken2_read_2.fastq.gz",
                "extracted_reads/kraken2/SRR13439813_2219214.extracted_kraken2_read_1.fastq.gz",
                "extracted_reads/kraken2/SRR13439813_2219214.extracted_kraken2_read_2.fastq.gz",
                "extracted_reads/kraken2/SRR13439813_2234086.extracted_kraken2_read_1.fastq.gz",
                "extracted_reads/kraken2/SRR13439813_2234086.extracted_kraken2_read_2.fastq.gz",
                "extracted_reads/kraken2/SRR13439813_2250291.extracted_kraken2_read_1.fastq.gz",
                "extracted_reads/kraken2/SRR13439813_2250291.extracted_kraken2_read_2.fastq.gz",
                "extracted_reads/kraken2/SRR13439813_2301721.extracted_kraken2_read_1.fastq.gz",
                "extracted_reads/kraken2/SRR13439813_2301721.extracted_kraken2_read_2.fastq.gz",
                "extracted_reads/kraken2/SRR13439813_2304001.extracted_kraken2_read_1.fastq.gz",
                "extracted_reads/kraken2/SRR13439813_2304001.extracted_kraken2_read_2.fastq.gz",
                "extracted_reads/kraken2/SRR13439813_2316013.extracted_kraken2_read_1.fastq.gz",
                "extracted_reads/kraken2/SRR13439813_2316013.extracted_kraken2_read_2.fastq.gz",
                "extracted_reads/kraken2/SRR13439813_2419682.extracted_kraken2_read_1.fastq.gz",
                "extracted_reads/kraken2/SRR13439813_2419682.extracted_kraken2_read_2.fastq.gz",
                "extracted_reads/kraken2/SRR13439813_2419754.extracted_kraken2_read_1.fastq.gz",
                "extracted_reads/kraken2/SRR13439813_2419754.extracted_kraken2_read_2.fastq.gz",
                "extracted_reads/kraken2/SRR13439813_2491323.extracted_kraken2_read_1.fastq.gz",
                "extracted_reads/kraken2/SRR13439813_2491323.extracted_kraken2_read_2.fastq.gz",
                "extracted_reads/kraken2/SRR13439813_2557875.extracted_kraken2_read_1.fastq.gz",
                "extracted_reads/kraken2/SRR13439813_2557875.extracted_kraken2_read_2.fastq.gz",
                "extracted_reads/kraken2/SRR13439813_2560197.extracted_kraken2_read_1.fastq.gz",
                "extracted_reads/kraken2/SRR13439813_2560197.extracted_kraken2_read_2.fastq.gz",
                "extracted_reads/kraken2/SRR13439813_2562235.extracted_kraken2_read_1.fastq.gz",
                "extracted_reads/kraken2/SRR13439813_2562235.extracted_kraken2_read_2.fastq.gz",
                "extracted_reads/kraken2/SRR13439813_2570374.extracted_kraken2_read_1.fastq.gz",
                "extracted_reads/kraken2/SRR13439813_2570374.extracted_kraken2_read_2.fastq.gz",
                "extracted_reads/kraken2/SRR13439813_2572526.extracted_kraken2_read_1.fastq.gz",
                "extracted_reads/kraken2/SRR13439813_2572526.extracted_kraken2_read_2.fastq.gz",
                "extracted_reads/kraken2/SRR13439813_2596674.extracted_kraken2_read_1.fastq.gz",
                "extracted_reads/kraken2/SRR13439813_2596674.extracted_kraken2_read_2.fastq.gz",
                "extracted_reads/kraken2/SRR13439813_2596714.extracted_kraken2_read_1.fastq.gz",
                "extracted_reads/kraken2/SRR13439813_2596714.extracted_kraken2_read_2.fastq.gz",
                "extracted_reads/kraken2/SRR13439813_2601643.extracted_kraken2_read_1.fastq.gz",
                "extracted_reads/kraken2/SRR13439813_2601643.extracted_kraken2_read_2.fastq.gz",
                "extracted_reads/kraken2/SRR13439813_2603260.extracted_kraken2_read_1.fastq.gz",
                "extracted_reads/kraken2/SRR13439813_2603260.extracted_kraken2_read_2.fastq.gz",
                "extracted_reads/kraken2/SRR13439813_2664939.extracted_kraken2_read_1.fastq.gz",
                "extracted_reads/kraken2/SRR13439813_2664939.extracted_kraken2_read_2.fastq.gz",
                "extracted_reads/kraken2/SRR13439813_2674970.extracted_kraken2_read_1.fastq.gz",
                "extracted_reads/kraken2/SRR13439813_2674970.extracted_kraken2_read_2.fastq.gz",
                "extracted_reads/kraken2/SRR13439813_2678563.extracted_kraken2_read_1.fastq.gz",
                "extracted_reads/kraken2/SRR13439813_2678563.extracted_kraken2_read_2.fastq.gz",
                "extracted_reads/kraken2/SRR13439813_2681674.extracted_kraken2_read_1.fastq.gz",
                "extracted_reads/kraken2/SRR13439813_2681674.extracted_kraken2_read_2.fastq.gz",
                "extracted_reads/kraken2/SRR13439813_268746.extracted_kraken2_read_1.fastq.gz",
                "extracted_reads/kraken2/SRR13439813_268746.extracted_kraken2_read_2.fastq.gz",
                "extracted_reads/kraken2/SRR13439813_2690230.extracted_kraken2_read_1.fastq.gz",
                "extracted_reads/kraken2/SRR13439813_2690230.extracted_kraken2_read_2.fastq.gz",
                "extracted_reads/kraken2/SRR13439813_2698927.extracted_kraken2_read_1.fastq.gz",
                "extracted_reads/kraken2/SRR13439813_2698927.extracted_kraken2_read_2.fastq.gz",
                "extracted_reads/kraken2/SRR13439813_2719181.extracted_kraken2_read_1.fastq.gz",
                "extracted_reads/kraken2/SRR13439813_2719181.extracted_kraken2_read_2.fastq.gz",
                "extracted_reads/kraken2/SRR13439813_2731619.extracted_kraken2_read_1.fastq.gz",
                "extracted_reads/kraken2/SRR13439813_2731619.extracted_kraken2_read_2.fastq.gz",
                "extracted_reads/kraken2/SRR13439813_2731643.extracted_kraken2_read_1.fastq.gz",
                "extracted_reads/kraken2/SRR13439813_2731643.extracted_kraken2_read_2.fastq.gz",
                "extracted_reads/kraken2/SRR13439813_2731941.extracted_kraken2_read_1.fastq.gz",
                "extracted_reads/kraken2/SRR13439813_2731941.extracted_kraken2_read_2.fastq.gz",
                "extracted_reads/kraken2/SRR13439813_2733095.extracted_kraken2_read_1.fastq.gz",
                "extracted_reads/kraken2/SRR13439813_2733095.extracted_kraken2_read_2.fastq.gz",
                "extracted_reads/kraken2/SRR13439813_2736288.extracted_kraken2_read_1.fastq.gz",
                "extracted_reads/kraken2/SRR13439813_2736288.extracted_kraken2_read_2.fastq.gz",
                "extracted_reads/kraken2/SRR13439813_2749261.extracted_kraken2_read_1.fastq.gz",
                "extracted_reads/kraken2/SRR13439813_2749261.extracted_kraken2_read_2.fastq.gz",
                "extracted_reads/kraken2/SRR13439813_2750853.extracted_kraken2_read_1.fastq.gz",
                "extracted_reads/kraken2/SRR13439813_2750853.extracted_kraken2_read_2.fastq.gz",
                "extracted_reads/kraken2/SRR13439813_2770328.extracted_kraken2_read_1.fastq.gz",
                "extracted_reads/kraken2/SRR13439813_2770328.extracted_kraken2_read_2.fastq.gz",
                "extracted_reads/kraken2/SRR13439813_2783859.extracted_kraken2_read_1.fastq.gz",
                "extracted_reads/kraken2/SRR13439813_2783859.extracted_kraken2_read_2.fastq.gz",
                "extracted_reads/kraken2/SRR13439813_2787014.extracted_kraken2_read_1.fastq.gz",
                "extracted_reads/kraken2/SRR13439813_2787014.extracted_kraken2_read_2.fastq.gz",
                "extracted_reads/kraken2/SRR13439813_2810370.extracted_kraken2_read_1.fastq.gz",
                "extracted_reads/kraken2/SRR13439813_2810370.extracted_kraken2_read_2.fastq.gz",
                "extracted_reads/kraken2/SRR13439813_2836086.extracted_kraken2_read_1.fastq.gz",
                "extracted_reads/kraken2/SRR13439813_2836086.extracted_kraken2_read_2.fastq.gz",
                "extracted_reads/kraken2/SRR13439813_2842329.extracted_kraken2_read_1.fastq.gz",
                "extracted_reads/kraken2/SRR13439813_2842329.extracted_kraken2_read_2.fastq.gz",
                "extracted_reads/kraken2/SRR13439813_2842412.extracted_kraken2_read_1.fastq.gz",
                "extracted_reads/kraken2/SRR13439813_2842412.extracted_kraken2_read_2.fastq.gz",
                "extracted_reads/kraken2/SRR13439813_2842586.extracted_kraken2_read_1.fastq.gz",
                "extracted_reads/kraken2/SRR13439813_2842586.extracted_kraken2_read_2.fastq.gz",
                "extracted_reads/kraken2/SRR13439813_2842888.extracted_kraken2_read_1.fastq.gz",
                "extracted_reads/kraken2/SRR13439813_2842888.extracted_kraken2_read_2.fastq.gz",
                "extracted_reads/kraken2/SRR13439813_2842972.extracted_kraken2_read_1.fastq.gz",
                "extracted_reads/kraken2/SRR13439813_2842972.extracted_kraken2_read_2.fastq.gz",
                "extracted_reads/kraken2/SRR13439813_2842976.extracted_kraken2_read_1.fastq.gz",
                "extracted_reads/kraken2/SRR13439813_2842976.extracted_kraken2_read_2.fastq.gz",
                "extracted_reads/kraken2/SRR13439813_2842979.extracted_kraken2_read_1.fastq.gz",
                "extracted_reads/kraken2/SRR13439813_2842979.extracted_kraken2_read_2.fastq.gz",
                "extracted_reads/kraken2/SRR13439813_2843419.extracted_kraken2_read_1.fastq.gz",
                "extracted_reads/kraken2/SRR13439813_2843419.extracted_kraken2_read_2.fastq.gz",
                "extracted_reads/kraken2/SRR13439813_2843956.extracted_kraken2_read_1.fastq.gz",
                "extracted_reads/kraken2/SRR13439813_2843956.extracted_kraken2_read_2.fastq.gz",
                "extracted_reads/kraken2/SRR13439813_2849741.extracted_kraken2_read_1.fastq.gz",
                "extracted_reads/kraken2/SRR13439813_2849741.extracted_kraken2_read_2.fastq.gz",
                "extracted_reads/kraken2/SRR13439813_2852703.extracted_kraken2_read_1.fastq.gz",
                "extracted_reads/kraken2/SRR13439813_2852703.extracted_kraken2_read_2.fastq.gz",
                "extracted_reads/kraken2/SRR13439813_2853091.extracted_kraken2_read_1.fastq.gz",
                "extracted_reads/kraken2/SRR13439813_2853091.extracted_kraken2_read_2.fastq.gz",
                "extracted_reads/kraken2/SRR13439813_2859653.extracted_kraken2_read_1.fastq.gz",
                "extracted_reads/kraken2/SRR13439813_2859653.extracted_kraken2_read_2.fastq.gz",
                "extracted_reads/kraken2/SRR13439813_2859655.extracted_kraken2_read_1.fastq.gz",
                "extracted_reads/kraken2/SRR13439813_2859655.extracted_kraken2_read_2.fastq.gz",
                "extracted_reads/kraken2/SRR13439813_2859656.extracted_kraken2_read_1.fastq.gz",
                "extracted_reads/kraken2/SRR13439813_2859656.extracted_kraken2_read_2.fastq.gz",
                "extracted_reads/kraken2/SRR13439813_2863194.extracted_kraken2_read_1.fastq.gz",
                "extracted_reads/kraken2/SRR13439813_2863194.extracted_kraken2_read_2.fastq.gz",
                "extracted_reads/kraken2/SRR13439813_2873460.extracted_kraken2_read_1.fastq.gz",
                "extracted_reads/kraken2/SRR13439813_2873460.extracted_kraken2_read_2.fastq.gz",
                "extracted_reads/kraken2/SRR13439813_2874884.extracted_kraken2_read_1.fastq.gz",
                "extracted_reads/kraken2/SRR13439813_2874884.extracted_kraken2_read_2.fastq.gz",
                "extracted_reads/kraken2/SRR13439813_2877946.extracted_kraken2_read_1.fastq.gz",
                "extracted_reads/kraken2/SRR13439813_2877946.extracted_kraken2_read_2.fastq.gz",
                "extracted_reads/kraken2/SRR13439813_2886042.extracted_kraken2_read_1.fastq.gz",
                "extracted_reads/kraken2/SRR13439813_2886042.extracted_kraken2_read_2.fastq.gz",
                "extracted_reads/kraken2/SRR13439813_2886925.extracted_kraken2_read_1.fastq.gz",
                "extracted_reads/kraken2/SRR13439813_2886925.extracted_kraken2_read_2.fastq.gz",
                "extracted_reads/kraken2/SRR13439813_2923009.extracted_kraken2_read_1.fastq.gz",
                "extracted_reads/kraken2/SRR13439813_2923009.extracted_kraken2_read_2.fastq.gz",
                "extracted_reads/kraken2/SRR13439813_2928680.extracted_kraken2_read_1.fastq.gz",
                "extracted_reads/kraken2/SRR13439813_2928680.extracted_kraken2_read_2.fastq.gz",
                "extracted_reads/kraken2/SRR13439813_2928682.extracted_kraken2_read_1.fastq.gz",
                "extracted_reads/kraken2/SRR13439813_2928682.extracted_kraken2_read_2.fastq.gz",
                "extracted_reads/kraken2/SRR13439813_2932867.extracted_kraken2_read_1.fastq.gz",
                "extracted_reads/kraken2/SRR13439813_2932867.extracted_kraken2_read_2.fastq.gz",
                "extracted_reads/kraken2/SRR13439813_2936919.extracted_kraken2_read_1.fastq.gz",
                "extracted_reads/kraken2/SRR13439813_2936919.extracted_kraken2_read_2.fastq.gz",
                "extracted_reads/kraken2/SRR13439813_2943016.extracted_kraken2_read_1.fastq.gz",
                "extracted_reads/kraken2/SRR13439813_2943016.extracted_kraken2_read_2.fastq.gz",
                "extracted_reads/kraken2/SRR13439813_2946646.extracted_kraken2_read_1.fastq.gz",
                "extracted_reads/kraken2/SRR13439813_2946646.extracted_kraken2_read_2.fastq.gz",
                "extracted_reads/kraken2/SRR13439813_2946820.extracted_kraken2_read_1.fastq.gz",
                "extracted_reads/kraken2/SRR13439813_2946820.extracted_kraken2_read_2.fastq.gz",
                "extracted_reads/kraken2/SRR13439813_2948781.extracted_kraken2_read_1.fastq.gz",
                "extracted_reads/kraken2/SRR13439813_2948781.extracted_kraken2_read_2.fastq.gz",
                "extracted_reads/kraken2/SRR13439813_2982171.extracted_kraken2_read_1.fastq.gz",
                "extracted_reads/kraken2/SRR13439813_2982171.extracted_kraken2_read_2.fastq.gz",
                "extracted_reads/kraken2/SRR13439813_2985324.extracted_kraken2_read_1.fastq.gz",
                "extracted_reads/kraken2/SRR13439813_2985324.extracted_kraken2_read_2.fastq.gz",
                "extracted_reads/kraken2/SRR13439813_2991860.extracted_kraken2_read_1.fastq.gz",
                "extracted_reads/kraken2/SRR13439813_2991860.extracted_kraken2_read_2.fastq.gz",
                "extracted_reads/kraken2/SRR13439813_3052771.extracted_kraken2_read_1.fastq.gz",
                "extracted_reads/kraken2/SRR13439813_3052771.extracted_kraken2_read_2.fastq.gz",
                "extracted_reads/kraken2/SRR13439813_35269.extracted_kraken2_read_1.fastq.gz",
                "extracted_reads/kraken2/SRR13439813_35269.extracted_kraken2_read_2.fastq.gz",
                "extracted_reads/kraken2/SRR13439813_44561.extracted_kraken2_read_1.fastq.gz",
                "extracted_reads/kraken2/SRR13439813_44561.extracted_kraken2_read_2.fastq.gz",
                "extracted_reads/kraken2/SRR13439813_445684.extracted_kraken2_read_1.fastq.gz",
                "extracted_reads/kraken2/SRR13439813_445684.extracted_kraken2_read_2.fastq.gz",
                "extracted_reads/kraken2/SRR13439813_490913.extracted_kraken2_read_1.fastq.gz",
                "extracted_reads/kraken2/SRR13439813_490913.extracted_kraken2_read_2.fastq.gz",
                "extracted_reads/kraken2/SRR13439813_532075.extracted_kraken2_read_1.fastq.gz",
                "extracted_reads/kraken2/SRR13439813_532075.extracted_kraken2_read_2.fastq.gz",
                "extracted_reads/kraken2/SRR13439813_543153.extracted_kraken2_read_1.fastq.gz",
                "extracted_reads/kraken2/SRR13439813_543153.extracted_kraken2_read_2.fastq.gz",
                "extracted_reads/kraken2/SRR13439813_68416.extracted_kraken2_read_1.fastq.gz",
                "extracted_reads/kraken2/SRR13439813_68416.extracted_kraken2_read_2.fastq.gz",
                "extracted_reads/kraken2/SRR13439813_698487.extracted_kraken2_read_1.fastq.gz",
                "extracted_reads/kraken2/SRR13439813_698487.extracted_kraken2_read_2.fastq.gz",
                "extracted_reads/kraken2/SRR13439813_754075.extracted_kraken2_read_1.fastq.gz",
                "extracted_reads/kraken2/SRR13439813_754075.extracted_kraken2_read_2.fastq.gz",
                "extracted_reads/kraken2/SRR13439813_889338.extracted_kraken2_read_1.fastq.gz",
                "extracted_reads/kraken2/SRR13439813_889338.extracted_kraken2_read_2.fastq.gz",
                "extracted_reads/kraken2/SRR13439813_998086.extracted_kraken2_read_1.fastq.gz",
                "extracted_reads/kraken2/SRR13439813_998086.extracted_kraken2_read_2.fastq.gz",
                "fastqc/input/SRR13439790_10804_kraken2_1_fastqc.html",
                "fastqc/input/SRR13439790_10804_kraken2_2_fastqc.html",
                "fastqc/input/SRR13439790_1173749_kraken2_1_fastqc.html",
                "fastqc/input/SRR13439790_1173749_kraken2_2_fastqc.html",
                "fastqc/input/SRR13439790_1498172_kraken2_1_fastqc.html",
                "fastqc/input/SRR13439790_1498172_kraken2_2_fastqc.html",
                "fastqc/input/SRR13439790_1654780_kraken2_1_fastqc.html",
                "fastqc/input/SRR13439790_1654780_kraken2_2_fastqc.html",
                "fastqc/input/SRR13439790_1914850_kraken2_1_fastqc.html",
                "fastqc/input/SRR13439790_1914850_kraken2_2_fastqc.html",
                "fastqc/input/SRR13439790_1920753_kraken2_1_fastqc.html",
                "fastqc/input/SRR13439790_1920753_kraken2_2_fastqc.html",
                "fastqc/input/SRR13439790_2491323_kraken2_1_fastqc.html",
                "fastqc/input/SRR13439790_2491323_kraken2_2_fastqc.html",
                "fastqc/input/SRR13439790_2886042_kraken2_1_fastqc.html",
                "fastqc/input/SRR13439790_2886042_kraken2_2_fastqc.html",
                "fastqc/input/SRR13439790_335341_kraken2_1_fastqc.html",
                "fastqc/input/SRR13439790_335341_kraken2_2_fastqc.html",
                "fastqc/input/SRR13439790_687358_kraken2_1_fastqc.html",
                "fastqc/input/SRR13439790_687358_kraken2_2_fastqc.html",
                "fastqc/input/SRR13439799_211044_kraken2_fastqc.html",
                "fastqc/input/SRR13439802_11676_kraken2_1_fastqc.html",
                "fastqc/input/SRR13439802_11676_kraken2_2_fastqc.html",
                "fastqc/input/SRR13439802_1458841_kraken2_1_fastqc.html",
                "fastqc/input/SRR13439802_1458841_kraken2_2_fastqc.html",
                "fastqc/input/SRR13439802_1605721_kraken2_1_fastqc.html",
                "fastqc/input/SRR13439802_1605721_kraken2_2_fastqc.html",
                "fastqc/input/SRR13439802_2695847_kraken2_1_fastqc.html",
                "fastqc/input/SRR13439802_2695847_kraken2_2_fastqc.html",
                "fastqc/input/SRR13439802_2787014_kraken2_1_fastqc.html",
                "fastqc/input/SRR13439802_2787014_kraken2_2_fastqc.html",
                "fastqc/input/SRR13439802_2874884_kraken2_1_fastqc.html",
                "fastqc/input/SRR13439802_2874884_kraken2_2_fastqc.html",
                "fastqc/input/SRR13439802_2886042_kraken2_1_fastqc.html",
                "fastqc/input/SRR13439802_2886042_kraken2_2_fastqc.html",
                "fastqc/input/SRR13439802_56947_kraken2_1_fastqc.html",
                "fastqc/input/SRR13439802_56947_kraken2_2_fastqc.html",
                "fastqc/input/SRR13439802_687369_kraken2_1_fastqc.html",
                "fastqc/input/SRR13439802_687369_kraken2_2_fastqc.html",
                "fastqc/input/SRR13439813_10404_kraken2_1_fastqc.html",
                "fastqc/input/SRR13439813_10404_kraken2_2_fastqc.html",
                "fastqc/input/SRR13439813_10405_kraken2_1_fastqc.html",
                "fastqc/input/SRR13439813_10405_kraken2_2_fastqc.html",
                "fastqc/input/SRR13439813_10406_kraken2_1_fastqc.html",
                "fastqc/input/SRR13439813_10406_kraken2_2_fastqc.html",
                "fastqc/input/SRR13439813_1054461_kraken2_1_fastqc.html",
                "fastqc/input/SRR13439813_1054461_kraken2_2_fastqc.html",
                "fastqc/input/SRR13439813_10704_kraken2_1_fastqc.html",
                "fastqc/input/SRR13439813_10704_kraken2_2_fastqc.html",
                "fastqc/input/SRR13439813_1116482_kraken2_1_fastqc.html",
                "fastqc/input/SRR13439813_1116482_kraken2_2_fastqc.html",
                "fastqc/input/SRR13439813_1141135_kraken2_1_fastqc.html",
                "fastqc/input/SRR13439813_1141135_kraken2_2_fastqc.html",
                "fastqc/input/SRR13439813_1162290_kraken2_1_fastqc.html",
                "fastqc/input/SRR13439813_1162290_kraken2_2_fastqc.html",
                "fastqc/input/SRR13439813_11676_kraken2_1_fastqc.html",
                "fastqc/input/SRR13439813_11676_kraken2_2_fastqc.html",
                "fastqc/input/SRR13439813_1173749_kraken2_1_fastqc.html",
                "fastqc/input/SRR13439813_1173749_kraken2_2_fastqc.html",
                "fastqc/input/SRR13439813_1204528_kraken2_1_fastqc.html",
                "fastqc/input/SRR13439813_1204528_kraken2_2_fastqc.html",
                "fastqc/input/SRR13439813_1239384_kraken2_1_fastqc.html",
                "fastqc/input/SRR13439813_1239384_kraken2_2_fastqc.html",
                "fastqc/input/SRR13439813_1258572_kraken2_1_fastqc.html",
                "fastqc/input/SRR13439813_1258572_kraken2_2_fastqc.html",
                "fastqc/input/SRR13439813_1282995_kraken2_1_fastqc.html",
                "fastqc/input/SRR13439813_1282995_kraken2_2_fastqc.html",
                "fastqc/input/SRR13439813_1293539_kraken2_1_fastqc.html",
                "fastqc/input/SRR13439813_1293539_kraken2_2_fastqc.html",
                "fastqc/input/SRR13439813_1335230_kraken2_1_fastqc.html",
                "fastqc/input/SRR13439813_1335230_kraken2_2_fastqc.html",
                "fastqc/input/SRR13439813_1349409_kraken2_1_fastqc.html",
                "fastqc/input/SRR13439813_1349409_kraken2_2_fastqc.html",
                "fastqc/input/SRR13439813_1391223_kraken2_1_fastqc.html",
                "fastqc/input/SRR13439813_1391223_kraken2_2_fastqc.html",
                "fastqc/input/SRR13439813_1391428_kraken2_1_fastqc.html",
                "fastqc/input/SRR13439813_1391428_kraken2_2_fastqc.html",
                "fastqc/input/SRR13439813_1395983_kraken2_1_fastqc.html",
                "fastqc/input/SRR13439813_1395983_kraken2_2_fastqc.html",
                "fastqc/input/SRR13439813_1415147_kraken2_1_fastqc.html",
                "fastqc/input/SRR13439813_1415147_kraken2_2_fastqc.html",
                "fastqc/input/SRR13439813_1415148_kraken2_1_fastqc.html",
                "fastqc/input/SRR13439813_1415148_kraken2_2_fastqc.html",
                "fastqc/input/SRR13439813_1458848_kraken2_1_fastqc.html",
                "fastqc/input/SRR13439813_1458848_kraken2_2_fastqc.html",
                "fastqc/input/SRR13439813_1498172_kraken2_1_fastqc.html",
                "fastqc/input/SRR13439813_1498172_kraken2_2_fastqc.html",
                "fastqc/input/SRR13439813_1508710_kraken2_1_fastqc.html",
                "fastqc/input/SRR13439813_1508710_kraken2_2_fastqc.html",
                "fastqc/input/SRR13439813_1508711_kraken2_1_fastqc.html",
                "fastqc/input/SRR13439813_1508711_kraken2_2_fastqc.html",
                "fastqc/input/SRR13439813_1527519_kraken2_1_fastqc.html",
                "fastqc/input/SRR13439813_1527519_kraken2_2_fastqc.html",
                "fastqc/input/SRR13439813_1527524_kraken2_1_fastqc.html",
                "fastqc/input/SRR13439813_1527524_kraken2_2_fastqc.html",
                "fastqc/input/SRR13439813_1541887_kraken2_1_fastqc.html",
                "fastqc/input/SRR13439813_1541887_kraken2_2_fastqc.html",
                "fastqc/input/SRR13439813_1543203_kraken2_1_fastqc.html",
                "fastqc/input/SRR13439813_1543203_kraken2_2_fastqc.html",
                "fastqc/input/SRR13439813_1587907_kraken2_1_fastqc.html",
                "fastqc/input/SRR13439813_1587907_kraken2_2_fastqc.html",
                "fastqc/input/SRR13439813_1604356_kraken2_1_fastqc.html",
                "fastqc/input/SRR13439813_1604356_kraken2_2_fastqc.html",
                "fastqc/input/SRR13439813_1605379_kraken2_1_fastqc.html",
                "fastqc/input/SRR13439813_1605379_kraken2_2_fastqc.html",
                "fastqc/input/SRR13439813_1623283_kraken2_1_fastqc.html",
                "fastqc/input/SRR13439813_1623283_kraken2_2_fastqc.html",
                "fastqc/input/SRR13439813_1623289_kraken2_1_fastqc.html",
                "fastqc/input/SRR13439813_1623289_kraken2_2_fastqc.html",
                "fastqc/input/SRR13439813_1636618_kraken2_1_fastqc.html",
                "fastqc/input/SRR13439813_1636618_kraken2_2_fastqc.html",
                "fastqc/input/SRR13439813_1647385_kraken2_1_fastqc.html",
                "fastqc/input/SRR13439813_1647385_kraken2_2_fastqc.html",
                "fastqc/input/SRR13439813_1654888_kraken2_1_fastqc.html",
                "fastqc/input/SRR13439813_1654888_kraken2_2_fastqc.html",
                "fastqc/input/SRR13439813_1654890_kraken2_1_fastqc.html",
                "fastqc/input/SRR13439813_1654890_kraken2_2_fastqc.html",
                "fastqc/input/SRR13439813_1675029_kraken2_1_fastqc.html",
                "fastqc/input/SRR13439813_1675029_kraken2_2_fastqc.html",
                "fastqc/input/SRR13439813_1678078_kraken2_1_fastqc.html",
                "fastqc/input/SRR13439813_1678078_kraken2_2_fastqc.html",
                "fastqc/input/SRR13439813_1689679_kraken2_1_fastqc.html",
                "fastqc/input/SRR13439813_1689679_kraken2_2_fastqc.html",
                "fastqc/input/SRR13439813_1701257_kraken2_1_fastqc.html",
                "fastqc/input/SRR13439813_1701257_kraken2_2_fastqc.html",
                "fastqc/input/SRR13439813_1729937_kraken2_1_fastqc.html",
                "fastqc/input/SRR13439813_1729937_kraken2_2_fastqc.html",
                "fastqc/input/SRR13439813_1772291_kraken2_1_fastqc.html",
                "fastqc/input/SRR13439813_1772291_kraken2_2_fastqc.html",
                "fastqc/input/SRR13439813_1777069_kraken2_1_fastqc.html",
                "fastqc/input/SRR13439813_1777069_kraken2_2_fastqc.html",
                "fastqc/input/SRR13439813_1813781_kraken2_1_fastqc.html",
                "fastqc/input/SRR13439813_1813781_kraken2_2_fastqc.html",
                "fastqc/input/SRR13439813_1852622_kraken2_1_fastqc.html",
                "fastqc/input/SRR13439813_1852622_kraken2_2_fastqc.html",
                "fastqc/input/SRR13439813_1871313_kraken2_1_fastqc.html",
                "fastqc/input/SRR13439813_1871313_kraken2_2_fastqc.html",
                "fastqc/input/SRR13439813_187217_kraken2_1_fastqc.html",
                "fastqc/input/SRR13439813_187217_kraken2_2_fastqc.html",
                "fastqc/input/SRR13439813_1897739_kraken2_1_fastqc.html",
                "fastqc/input/SRR13439813_1897739_kraken2_2_fastqc.html",
                "fastqc/input/SRR13439813_1910976_kraken2_1_fastqc.html",
                "fastqc/input/SRR13439813_1910976_kraken2_2_fastqc.html",
                "fastqc/input/SRR13439813_1910991_kraken2_1_fastqc.html",
                "fastqc/input/SRR13439813_1910991_kraken2_2_fastqc.html",
                "fastqc/input/SRR13439813_1910992_kraken2_1_fastqc.html",
                "fastqc/input/SRR13439813_1910992_kraken2_2_fastqc.html",
                "fastqc/input/SRR13439813_1910993_kraken2_1_fastqc.html",
                "fastqc/input/SRR13439813_1910993_kraken2_2_fastqc.html",
                "fastqc/input/SRR13439813_1911928_kraken2_1_fastqc.html",
                "fastqc/input/SRR13439813_1911928_kraken2_2_fastqc.html",
                "fastqc/input/SRR13439813_1914850_kraken2_1_fastqc.html",
                "fastqc/input/SRR13439813_1914850_kraken2_2_fastqc.html",
                "fastqc/input/SRR13439813_1914851_kraken2_1_fastqc.html",
                "fastqc/input/SRR13439813_1914851_kraken2_2_fastqc.html",
                "fastqc/input/SRR13439813_1920753_kraken2_1_fastqc.html",
                "fastqc/input/SRR13439813_1920753_kraken2_2_fastqc.html",
                "fastqc/input/SRR13439813_1921407_kraken2_1_fastqc.html",
                "fastqc/input/SRR13439813_1921407_kraken2_2_fastqc.html",
                "fastqc/input/SRR13439813_1923889_kraken2_1_fastqc.html",
                "fastqc/input/SRR13439813_1923889_kraken2_2_fastqc.html",
                "fastqc/input/SRR13439813_1958913_kraken2_1_fastqc.html",
                "fastqc/input/SRR13439813_1958913_kraken2_2_fastqc.html",
                "fastqc/input/SRR13439813_1982099_kraken2_1_fastqc.html",
                "fastqc/input/SRR13439813_1982099_kraken2_2_fastqc.html",
                "fastqc/input/SRR13439813_1982576_kraken2_1_fastqc.html",
                "fastqc/input/SRR13439813_1982576_kraken2_2_fastqc.html",
                "fastqc/input/SRR13439813_1983557_kraken2_1_fastqc.html",
                "fastqc/input/SRR13439813_1983557_kraken2_2_fastqc.html",
                "fastqc/input/SRR13439813_1984776_kraken2_1_fastqc.html",
                "fastqc/input/SRR13439813_1984776_kraken2_2_fastqc.html",
                "fastqc/input/SRR13439813_2015839_kraken2_1_fastqc.html",
                "fastqc/input/SRR13439813_2015839_kraken2_2_fastqc.html",
                "fastqc/input/SRR13439813_2024312_kraken2_1_fastqc.html",
                "fastqc/input/SRR13439813_2024312_kraken2_2_fastqc.html",
                "fastqc/input/SRR13439813_2041350_kraken2_1_fastqc.html",
                "fastqc/input/SRR13439813_2041350_kraken2_2_fastqc.html",
                "fastqc/input/SRR13439813_2047764_kraken2_1_fastqc.html",
                "fastqc/input/SRR13439813_2047764_kraken2_2_fastqc.html",
                "fastqc/input/SRR13439813_2047765_kraken2_1_fastqc.html",
                "fastqc/input/SRR13439813_2047765_kraken2_2_fastqc.html",
                "fastqc/input/SRR13439813_2048975_kraken2_1_fastqc.html",
                "fastqc/input/SRR13439813_2048975_kraken2_2_fastqc.html",
                "fastqc/input/SRR13439813_2049933_kraken2_1_fastqc.html",
                "fastqc/input/SRR13439813_2049933_kraken2_2_fastqc.html",
                "fastqc/input/SRR13439813_2050037_kraken2_1_fastqc.html",
                "fastqc/input/SRR13439813_2050037_kraken2_2_fastqc.html",
                "fastqc/input/SRR13439813_2053702_kraken2_1_fastqc.html",
                "fastqc/input/SRR13439813_2053702_kraken2_2_fastqc.html",
                "fastqc/input/SRR13439813_2054272_kraken2_1_fastqc.html",
                "fastqc/input/SRR13439813_2054272_kraken2_2_fastqc.html",
                "fastqc/input/SRR13439813_2079581_kraken2_1_fastqc.html",
                "fastqc/input/SRR13439813_2079581_kraken2_2_fastqc.html",
                "fastqc/input/SRR13439813_2099850_kraken2_1_fastqc.html",
                "fastqc/input/SRR13439813_2099850_kraken2_2_fastqc.html",
                "fastqc/input/SRR13439813_2107574_kraken2_1_fastqc.html",
                "fastqc/input/SRR13439813_2107574_kraken2_2_fastqc.html",
                "fastqc/input/SRR13439813_2107708_kraken2_1_fastqc.html",
                "fastqc/input/SRR13439813_2107708_kraken2_2_fastqc.html",
                "fastqc/input/SRR13439813_2108109_kraken2_1_fastqc.html",
                "fastqc/input/SRR13439813_2108109_kraken2_2_fastqc.html",
                "fastqc/input/SRR13439813_2108116_kraken2_1_fastqc.html",
                "fastqc/input/SRR13439813_2108116_kraken2_2_fastqc.html",
                "fastqc/input/SRR13439813_2108120_kraken2_1_fastqc.html",
                "fastqc/input/SRR13439813_2108120_kraken2_2_fastqc.html",
                "fastqc/input/SRR13439813_212035_kraken2_1_fastqc.html",
                "fastqc/input/SRR13439813_212035_kraken2_2_fastqc.html",
                "fastqc/input/SRR13439813_2144178_kraken2_1_fastqc.html",
                "fastqc/input/SRR13439813_2144178_kraken2_2_fastqc.html",
                "fastqc/input/SRR13439813_2163996_kraken2_1_fastqc.html",
                "fastqc/input/SRR13439813_2163996_kraken2_2_fastqc.html",
                "fastqc/input/SRR13439813_2169643_kraken2_1_fastqc.html",
                "fastqc/input/SRR13439813_2169643_kraken2_2_fastqc.html",
                "fastqc/input/SRR13439813_2178928_kraken2_1_fastqc.html",
                "fastqc/input/SRR13439813_2178928_kraken2_2_fastqc.html",
                "fastqc/input/SRR13439813_2182354_kraken2_1_fastqc.html",
                "fastqc/input/SRR13439813_2182354_kraken2_2_fastqc.html",
                "fastqc/input/SRR13439813_2200756_kraken2_1_fastqc.html",
                "fastqc/input/SRR13439813_2200756_kraken2_2_fastqc.html",
                "fastqc/input/SRR13439813_2219214_kraken2_1_fastqc.html",
                "fastqc/input/SRR13439813_2219214_kraken2_2_fastqc.html",
                "fastqc/input/SRR13439813_2234086_kraken2_1_fastqc.html",
                "fastqc/input/SRR13439813_2234086_kraken2_2_fastqc.html",
                "fastqc/input/SRR13439813_2250291_kraken2_1_fastqc.html",
                "fastqc/input/SRR13439813_2250291_kraken2_2_fastqc.html",
                "fastqc/input/SRR13439813_2301721_kraken2_1_fastqc.html",
                "fastqc/input/SRR13439813_2301721_kraken2_2_fastqc.html",
                "fastqc/input/SRR13439813_2304001_kraken2_1_fastqc.html",
                "fastqc/input/SRR13439813_2304001_kraken2_2_fastqc.html",
                "fastqc/input/SRR13439813_2316013_kraken2_1_fastqc.html",
                "fastqc/input/SRR13439813_2316013_kraken2_2_fastqc.html",
                "fastqc/input/SRR13439813_2419682_kraken2_1_fastqc.html",
                "fastqc/input/SRR13439813_2419682_kraken2_2_fastqc.html",
                "fastqc/input/SRR13439813_2419754_kraken2_1_fastqc.html",
                "fastqc/input/SRR13439813_2419754_kraken2_2_fastqc.html",
                "fastqc/input/SRR13439813_2491323_kraken2_1_fastqc.html",
                "fastqc/input/SRR13439813_2491323_kraken2_2_fastqc.html",
                "fastqc/input/SRR13439813_2557875_kraken2_1_fastqc.html",
                "fastqc/input/SRR13439813_2557875_kraken2_2_fastqc.html",
                "fastqc/input/SRR13439813_2560197_kraken2_1_fastqc.html",
                "fastqc/input/SRR13439813_2560197_kraken2_2_fastqc.html",
                "fastqc/input/SRR13439813_2562235_kraken2_1_fastqc.html",
                "fastqc/input/SRR13439813_2562235_kraken2_2_fastqc.html",
                "fastqc/input/SRR13439813_2570374_kraken2_1_fastqc.html",
                "fastqc/input/SRR13439813_2570374_kraken2_2_fastqc.html",
                "fastqc/input/SRR13439813_2572526_kraken2_1_fastqc.html",
                "fastqc/input/SRR13439813_2572526_kraken2_2_fastqc.html",
                "fastqc/input/SRR13439813_2596674_kraken2_1_fastqc.html",
                "fastqc/input/SRR13439813_2596674_kraken2_2_fastqc.html",
                "fastqc/input/SRR13439813_2596714_kraken2_1_fastqc.html",
                "fastqc/input/SRR13439813_2596714_kraken2_2_fastqc.html",
                "fastqc/input/SRR13439813_2601643_kraken2_1_fastqc.html",
                "fastqc/input/SRR13439813_2601643_kraken2_2_fastqc.html",
                "fastqc/input/SRR13439813_2603260_kraken2_1_fastqc.html",
                "fastqc/input/SRR13439813_2603260_kraken2_2_fastqc.html",
                "fastqc/input/SRR13439813_2664939_kraken2_1_fastqc.html",
                "fastqc/input/SRR13439813_2664939_kraken2_2_fastqc.html",
                "fastqc/input/SRR13439813_2674970_kraken2_1_fastqc.html",
                "fastqc/input/SRR13439813_2674970_kraken2_2_fastqc.html",
                "fastqc/input/SRR13439813_2678563_kraken2_1_fastqc.html",
                "fastqc/input/SRR13439813_2678563_kraken2_2_fastqc.html",
                "fastqc/input/SRR13439813_2681674_kraken2_1_fastqc.html",
                "fastqc/input/SRR13439813_2681674_kraken2_2_fastqc.html",
                "fastqc/input/SRR13439813_268746_kraken2_1_fastqc.html",
                "fastqc/input/SRR13439813_268746_kraken2_2_fastqc.html",
                "fastqc/input/SRR13439813_2690230_kraken2_1_fastqc.html",
                "fastqc/input/SRR13439813_2690230_kraken2_2_fastqc.html",
                "fastqc/input/SRR13439813_2698927_kraken2_1_fastqc.html",
                "fastqc/input/SRR13439813_2698927_kraken2_2_fastqc.html",
                "fastqc/input/SRR13439813_2719181_kraken2_1_fastqc.html",
                "fastqc/input/SRR13439813_2719181_kraken2_2_fastqc.html",
                "fastqc/input/SRR13439813_2731619_kraken2_1_fastqc.html",
                "fastqc/input/SRR13439813_2731619_kraken2_2_fastqc.html",
                "fastqc/input/SRR13439813_2731643_kraken2_1_fastqc.html",
                "fastqc/input/SRR13439813_2731643_kraken2_2_fastqc.html",
                "fastqc/input/SRR13439813_2731941_kraken2_1_fastqc.html",
                "fastqc/input/SRR13439813_2731941_kraken2_2_fastqc.html",
                "fastqc/input/SRR13439813_2733095_kraken2_1_fastqc.html",
                "fastqc/input/SRR13439813_2733095_kraken2_2_fastqc.html",
                "fastqc/input/SRR13439813_2736288_kraken2_1_fastqc.html",
                "fastqc/input/SRR13439813_2736288_kraken2_2_fastqc.html",
                "fastqc/input/SRR13439813_2749261_kraken2_1_fastqc.html",
                "fastqc/input/SRR13439813_2749261_kraken2_2_fastqc.html",
                "fastqc/input/SRR13439813_2750853_kraken2_1_fastqc.html",
                "fastqc/input/SRR13439813_2750853_kraken2_2_fastqc.html",
                "fastqc/input/SRR13439813_2770328_kraken2_1_fastqc.html",
                "fastqc/input/SRR13439813_2770328_kraken2_2_fastqc.html",
                "fastqc/input/SRR13439813_2783859_kraken2_1_fastqc.html",
                "fastqc/input/SRR13439813_2783859_kraken2_2_fastqc.html",
                "fastqc/input/SRR13439813_2787014_kraken2_1_fastqc.html",
                "fastqc/input/SRR13439813_2787014_kraken2_2_fastqc.html",
                "fastqc/input/SRR13439813_2810370_kraken2_1_fastqc.html",
                "fastqc/input/SRR13439813_2810370_kraken2_2_fastqc.html",
                "fastqc/input/SRR13439813_2836086_kraken2_1_fastqc.html",
                "fastqc/input/SRR13439813_2836086_kraken2_2_fastqc.html",
                "fastqc/input/SRR13439813_2842329_kraken2_1_fastqc.html",
                "fastqc/input/SRR13439813_2842329_kraken2_2_fastqc.html",
                "fastqc/input/SRR13439813_2842412_kraken2_1_fastqc.html",
                "fastqc/input/SRR13439813_2842412_kraken2_2_fastqc.html",
                "fastqc/input/SRR13439813_2842586_kraken2_1_fastqc.html",
                "fastqc/input/SRR13439813_2842586_kraken2_2_fastqc.html",
                "fastqc/input/SRR13439813_2842888_kraken2_1_fastqc.html",
                "fastqc/input/SRR13439813_2842888_kraken2_2_fastqc.html",
                "fastqc/input/SRR13439813_2842972_kraken2_1_fastqc.html",
                "fastqc/input/SRR13439813_2842972_kraken2_2_fastqc.html",
                "fastqc/input/SRR13439813_2842976_kraken2_1_fastqc.html",
                "fastqc/input/SRR13439813_2842976_kraken2_2_fastqc.html",
                "fastqc/input/SRR13439813_2842979_kraken2_1_fastqc.html",
                "fastqc/input/SRR13439813_2842979_kraken2_2_fastqc.html",
                "fastqc/input/SRR13439813_2843419_kraken2_1_fastqc.html",
                "fastqc/input/SRR13439813_2843419_kraken2_2_fastqc.html",
                "fastqc/input/SRR13439813_2843956_kraken2_1_fastqc.html",
                "fastqc/input/SRR13439813_2843956_kraken2_2_fastqc.html",
                "fastqc/input/SRR13439813_2849741_kraken2_1_fastqc.html",
                "fastqc/input/SRR13439813_2849741_kraken2_2_fastqc.html",
                "fastqc/input/SRR13439813_2852703_kraken2_1_fastqc.html",
                "fastqc/input/SRR13439813_2852703_kraken2_2_fastqc.html",
                "fastqc/input/SRR13439813_2853091_kraken2_1_fastqc.html",
                "fastqc/input/SRR13439813_2853091_kraken2_2_fastqc.html",
                "fastqc/input/SRR13439813_2859653_kraken2_1_fastqc.html",
                "fastqc/input/SRR13439813_2859653_kraken2_2_fastqc.html",
                "fastqc/input/SRR13439813_2859655_kraken2_1_fastqc.html",
                "fastqc/input/SRR13439813_2859655_kraken2_2_fastqc.html",
                "fastqc/input/SRR13439813_2859656_kraken2_1_fastqc.html",
                "fastqc/input/SRR13439813_2859656_kraken2_2_fastqc.html",
                "fastqc/input/SRR13439813_2863194_kraken2_1_fastqc.html",
                "fastqc/input/SRR13439813_2863194_kraken2_2_fastqc.html",
                "fastqc/input/SRR13439813_2873460_kraken2_1_fastqc.html",
                "fastqc/input/SRR13439813_2873460_kraken2_2_fastqc.html",
                "fastqc/input/SRR13439813_2874884_kraken2_1_fastqc.html",
                "fastqc/input/SRR13439813_2874884_kraken2_2_fastqc.html",
                "fastqc/input/SRR13439813_2877946_kraken2_1_fastqc.html",
                "fastqc/input/SRR13439813_2877946_kraken2_2_fastqc.html",
                "fastqc/input/SRR13439813_2886042_kraken2_1_fastqc.html",
                "fastqc/input/SRR13439813_2886042_kraken2_2_fastqc.html",
                "fastqc/input/SRR13439813_2886925_kraken2_1_fastqc.html",
                "fastqc/input/SRR13439813_2886925_kraken2_2_fastqc.html",
                "fastqc/input/SRR13439813_2923009_kraken2_1_fastqc.html",
                "fastqc/input/SRR13439813_2923009_kraken2_2_fastqc.html",
                "fastqc/input/SRR13439813_2928680_kraken2_1_fastqc.html",
                "fastqc/input/SRR13439813_2928680_kraken2_2_fastqc.html",
                "fastqc/input/SRR13439813_2928682_kraken2_1_fastqc.html",
                "fastqc/input/SRR13439813_2928682_kraken2_2_fastqc.html",
                "fastqc/input/SRR13439813_2932867_kraken2_1_fastqc.html",
                "fastqc/input/SRR13439813_2932867_kraken2_2_fastqc.html",
                "fastqc/input/SRR13439813_2936919_kraken2_1_fastqc.html",
                "fastqc/input/SRR13439813_2936919_kraken2_2_fastqc.html",
                "fastqc/input/SRR13439813_2943016_kraken2_1_fastqc.html",
                "fastqc/input/SRR13439813_2943016_kraken2_2_fastqc.html",
                "fastqc/input/SRR13439813_2946646_kraken2_1_fastqc.html",
                "fastqc/input/SRR13439813_2946646_kraken2_2_fastqc.html",
                "fastqc/input/SRR13439813_2946820_kraken2_1_fastqc.html",
                "fastqc/input/SRR13439813_2946820_kraken2_2_fastqc.html",
                "fastqc/input/SRR13439813_2948781_kraken2_1_fastqc.html",
                "fastqc/input/SRR13439813_2948781_kraken2_2_fastqc.html",
                "fastqc/input/SRR13439813_2982171_kraken2_1_fastqc.html",
                "fastqc/input/SRR13439813_2982171_kraken2_2_fastqc.html",
                "fastqc/input/SRR13439813_2985324_kraken2_1_fastqc.html",
                "fastqc/input/SRR13439813_2985324_kraken2_2_fastqc.html",
                "fastqc/input/SRR13439813_2991860_kraken2_1_fastqc.html",
                "fastqc/input/SRR13439813_2991860_kraken2_2_fastqc.html",
                "fastqc/input/SRR13439813_3052771_kraken2_1_fastqc.html",
                "fastqc/input/SRR13439813_3052771_kraken2_2_fastqc.html",
                "fastqc/input/SRR13439813_35269_kraken2_1_fastqc.html",
                "fastqc/input/SRR13439813_35269_kraken2_2_fastqc.html",
                "fastqc/input/SRR13439813_44561_kraken2_1_fastqc.html",
                "fastqc/input/SRR13439813_44561_kraken2_2_fastqc.html",
                "fastqc/input/SRR13439813_445684_kraken2_1_fastqc.html",
                "fastqc/input/SRR13439813_445684_kraken2_2_fastqc.html",
                "fastqc/input/SRR13439813_490913_kraken2_1_fastqc.html",
                "fastqc/input/SRR13439813_490913_kraken2_2_fastqc.html",
                "fastqc/input/SRR13439813_532075_kraken2_1_fastqc.html",
                "fastqc/input/SRR13439813_532075_kraken2_2_fastqc.html",
                "fastqc/input/SRR13439813_543153_kraken2_1_fastqc.html",
                "fastqc/input/SRR13439813_543153_kraken2_2_fastqc.html",
                "fastqc/input/SRR13439813_68416_kraken2_1_fastqc.html",
                "fastqc/input/SRR13439813_68416_kraken2_2_fastqc.html",
                "fastqc/input/SRR13439813_698487_kraken2_1_fastqc.html",
                "fastqc/input/SRR13439813_698487_kraken2_2_fastqc.html",
                "fastqc/input/SRR13439813_754075_kraken2_1_fastqc.html",
                "fastqc/input/SRR13439813_754075_kraken2_2_fastqc.html",
                "fastqc/input/SRR13439813_889338_kraken2_1_fastqc.html",
                "fastqc/input/SRR13439813_889338_kraken2_2_fastqc.html",
                "fastqc/input/SRR13439813_998086_kraken2_1_fastqc.html",
                "fastqc/input/SRR13439813_998086_kraken2_2_fastqc.html",
                "multiqc/multiqc_data/BETA-multiqc.parquet",
                "multiqc/multiqc_data/fastqc-status-check-heatmap.txt",
                "multiqc/multiqc_data/fastqc_adapter_content_plot.txt",
                "multiqc/multiqc_data/fastqc_overrepresented_sequences_plot.txt",
                "multiqc/multiqc_data/fastqc_per_base_n_content_plot.txt",
                "multiqc/multiqc_data/fastqc_per_base_sequence_quality_plot.txt",
                "multiqc/multiqc_data/fastqc_per_sequence_gc_content_plot_Counts.txt",
                "multiqc/multiqc_data/fastqc_per_sequence_gc_content_plot_Percentages.txt",
                "multiqc/multiqc_data/fastqc_per_sequence_quality_scores_plot.txt",
                "multiqc/multiqc_data/fastqc_sequence_counts_plot.txt",
                "multiqc/multiqc_data/fastqc_sequence_duplication_levels_plot.txt",
                "multiqc/multiqc_data/fastqc_sequence_length_distribution_plot.txt",
                "multiqc/multiqc_data/fastqc_top_overrepresented_sequences_table.txt",
                "multiqc/multiqc_data/llms-full.txt",
                "multiqc/multiqc_data/multiqc.log",
                "multiqc/multiqc_data/multiqc_citations.txt",
                "multiqc/multiqc_data/multiqc_data.json",
                "multiqc/multiqc_data/multiqc_fastqc.txt",
                "multiqc/multiqc_data/multiqc_general_stats.txt",
                "multiqc/multiqc_data/multiqc_software_versions.txt",
                "multiqc/multiqc_data/multiqc_sources.txt",
                "multiqc/multiqc_report.html",
                "pipeline_info/genomic-medicine-sweden_metaval_software_mqc_versions.yml",
                "viral_taxids/SRR13439790_kraken2_viral_taxids.tsv",
                "viral_taxids/SRR13439799_kraken2_viral_taxids.tsv",
                "viral_taxids/SRR13439802_kraken2_viral_taxids.tsv",
                "viral_taxids/SRR13439813_kraken2_viral_taxids.tsv"
            ]
        ],
        "meta": {
            "nf-test": "0.9.2",
            "nextflow": "25.04.2"
        },
        "timestamp": "2025-07-23T11:05:56.988297337"
    },
    "fastqc": {
        "content": [
            [
                
            ],
            [
                "input/SRR13439790_10804_kraken2_1_fastqc.html",
                "input/SRR13439790_10804_kraken2_2_fastqc.html",
                "input/SRR13439790_1173749_kraken2_1_fastqc.html",
                "input/SRR13439790_1173749_kraken2_2_fastqc.html",
                "input/SRR13439790_1498172_kraken2_1_fastqc.html",
                "input/SRR13439790_1498172_kraken2_2_fastqc.html",
                "input/SRR13439790_1654780_kraken2_1_fastqc.html",
                "input/SRR13439790_1654780_kraken2_2_fastqc.html",
                "input/SRR13439790_1914850_kraken2_1_fastqc.html",
                "input/SRR13439790_1914850_kraken2_2_fastqc.html",
                "input/SRR13439790_1920753_kraken2_1_fastqc.html",
                "input/SRR13439790_1920753_kraken2_2_fastqc.html",
                "input/SRR13439790_2491323_kraken2_1_fastqc.html",
                "input/SRR13439790_2491323_kraken2_2_fastqc.html",
                "input/SRR13439790_2886042_kraken2_1_fastqc.html",
                "input/SRR13439790_2886042_kraken2_2_fastqc.html",
                "input/SRR13439790_335341_kraken2_1_fastqc.html",
                "input/SRR13439790_335341_kraken2_2_fastqc.html",
                "input/SRR13439790_687358_kraken2_1_fastqc.html",
                "input/SRR13439790_687358_kraken2_2_fastqc.html",
                "input/SRR13439799_211044_kraken2_fastqc.html",
                "input/SRR13439802_11676_kraken2_1_fastqc.html",
                "input/SRR13439802_11676_kraken2_2_fastqc.html",
                "input/SRR13439802_1458841_kraken2_1_fastqc.html",
                "input/SRR13439802_1458841_kraken2_2_fastqc.html",
                "input/SRR13439802_1605721_kraken2_1_fastqc.html",
                "input/SRR13439802_1605721_kraken2_2_fastqc.html",
                "input/SRR13439802_2695847_kraken2_1_fastqc.html",
                "input/SRR13439802_2695847_kraken2_2_fastqc.html",
                "input/SRR13439802_2787014_kraken2_1_fastqc.html",
                "input/SRR13439802_2787014_kraken2_2_fastqc.html",
                "input/SRR13439802_2874884_kraken2_1_fastqc.html",
                "input/SRR13439802_2874884_kraken2_2_fastqc.html",
                "input/SRR13439802_2886042_kraken2_1_fastqc.html",
                "input/SRR13439802_2886042_kraken2_2_fastqc.html",
                "input/SRR13439802_56947_kraken2_1_fastqc.html",
                "input/SRR13439802_56947_kraken2_2_fastqc.html",
                "input/SRR13439802_687369_kraken2_1_fastqc.html",
                "input/SRR13439802_687369_kraken2_2_fastqc.html",
                "input/SRR13439813_10404_kraken2_1_fastqc.html",
                "input/SRR13439813_10404_kraken2_2_fastqc.html",
                "input/SRR13439813_10405_kraken2_1_fastqc.html",
                "input/SRR13439813_10405_kraken2_2_fastqc.html",
                "input/SRR13439813_10406_kraken2_1_fastqc.html",
                "input/SRR13439813_10406_kraken2_2_fastqc.html",
                "input/SRR13439813_1054461_kraken2_1_fastqc.html",
                "input/SRR13439813_1054461_kraken2_2_fastqc.html",
                "input/SRR13439813_10704_kraken2_1_fastqc.html",
                "input/SRR13439813_10704_kraken2_2_fastqc.html",
                "input/SRR13439813_1116482_kraken2_1_fastqc.html",
                "input/SRR13439813_1116482_kraken2_2_fastqc.html",
                "input/SRR13439813_1141135_kraken2_1_fastqc.html",
                "input/SRR13439813_1141135_kraken2_2_fastqc.html",
                "input/SRR13439813_1162290_kraken2_1_fastqc.html",
                "input/SRR13439813_1162290_kraken2_2_fastqc.html",
                "input/SRR13439813_11676_kraken2_1_fastqc.html",
                "input/SRR13439813_11676_kraken2_2_fastqc.html",
                "input/SRR13439813_1173749_kraken2_1_fastqc.html",
                "input/SRR13439813_1173749_kraken2_2_fastqc.html",
                "input/SRR13439813_1204528_kraken2_1_fastqc.html",
                "input/SRR13439813_1204528_kraken2_2_fastqc.html",
                "input/SRR13439813_1239384_kraken2_1_fastqc.html",
                "input/SRR13439813_1239384_kraken2_2_fastqc.html",
                "input/SRR13439813_1258572_kraken2_1_fastqc.html",
                "input/SRR13439813_1258572_kraken2_2_fastqc.html",
                "input/SRR13439813_1282995_kraken2_1_fastqc.html",
                "input/SRR13439813_1282995_kraken2_2_fastqc.html",
                "input/SRR13439813_1293539_kraken2_1_fastqc.html",
                "input/SRR13439813_1293539_kraken2_2_fastqc.html",
                "input/SRR13439813_1335230_kraken2_1_fastqc.html",
                "input/SRR13439813_1335230_kraken2_2_fastqc.html",
                "input/SRR13439813_1349409_kraken2_1_fastqc.html",
                "input/SRR13439813_1349409_kraken2_2_fastqc.html",
                "input/SRR13439813_1391223_kraken2_1_fastqc.html",
                "input/SRR13439813_1391223_kraken2_2_fastqc.html",
                "input/SRR13439813_1391428_kraken2_1_fastqc.html",
                "input/SRR13439813_1391428_kraken2_2_fastqc.html",
                "input/SRR13439813_1395983_kraken2_1_fastqc.html",
                "input/SRR13439813_1395983_kraken2_2_fastqc.html",
                "input/SRR13439813_1415147_kraken2_1_fastqc.html",
                "input/SRR13439813_1415147_kraken2_2_fastqc.html",
                "input/SRR13439813_1415148_kraken2_1_fastqc.html",
                "input/SRR13439813_1415148_kraken2_2_fastqc.html",
                "input/SRR13439813_1458848_kraken2_1_fastqc.html",
                "input/SRR13439813_1458848_kraken2_2_fastqc.html",
                "input/SRR13439813_1498172_kraken2_1_fastqc.html",
                "input/SRR13439813_1498172_kraken2_2_fastqc.html",
                "input/SRR13439813_1508710_kraken2_1_fastqc.html",
                "input/SRR13439813_1508710_kraken2_2_fastqc.html",
                "input/SRR13439813_1508711_kraken2_1_fastqc.html",
                "input/SRR13439813_1508711_kraken2_2_fastqc.html",
                "input/SRR13439813_1527519_kraken2_1_fastqc.html",
                "input/SRR13439813_1527519_kraken2_2_fastqc.html",
                "input/SRR13439813_1527524_kraken2_1_fastqc.html",
                "input/SRR13439813_1527524_kraken2_2_fastqc.html",
                "input/SRR13439813_1541887_kraken2_1_fastqc.html",
                "input/SRR13439813_1541887_kraken2_2_fastqc.html",
                "input/SRR13439813_1543203_kraken2_1_fastqc.html",
                "input/SRR13439813_1543203_kraken2_2_fastqc.html",
                "input/SRR13439813_1587907_kraken2_1_fastqc.html",
                "input/SRR13439813_1587907_kraken2_2_fastqc.html",
                "input/SRR13439813_1604356_kraken2_1_fastqc.html",
                "input/SRR13439813_1604356_kraken2_2_fastqc.html",
                "input/SRR13439813_1605379_kraken2_1_fastqc.html",
                "input/SRR13439813_1605379_kraken2_2_fastqc.html",
                "input/SRR13439813_1623283_kraken2_1_fastqc.html",
                "input/SRR13439813_1623283_kraken2_2_fastqc.html",
                "input/SRR13439813_1623289_kraken2_1_fastqc.html",
                "input/SRR13439813_1623289_kraken2_2_fastqc.html",
                "input/SRR13439813_1636618_kraken2_1_fastqc.html",
                "input/SRR13439813_1636618_kraken2_2_fastqc.html",
                "input/SRR13439813_1647385_kraken2_1_fastqc.html",
                "input/SRR13439813_1647385_kraken2_2_fastqc.html",
                "input/SRR13439813_1654888_kraken2_1_fastqc.html",
                "input/SRR13439813_1654888_kraken2_2_fastqc.html",
                "input/SRR13439813_1654890_kraken2_1_fastqc.html",
                "input/SRR13439813_1654890_kraken2_2_fastqc.html",
                "input/SRR13439813_1675029_kraken2_1_fastqc.html",
                "input/SRR13439813_1675029_kraken2_2_fastqc.html",
                "input/SRR13439813_1678078_kraken2_1_fastqc.html",
                "input/SRR13439813_1678078_kraken2_2_fastqc.html",
                "input/SRR13439813_1689679_kraken2_1_fastqc.html",
                "input/SRR13439813_1689679_kraken2_2_fastqc.html",
                "input/SRR13439813_1701257_kraken2_1_fastqc.html",
                "input/SRR13439813_1701257_kraken2_2_fastqc.html",
                "input/SRR13439813_1729937_kraken2_1_fastqc.html",
                "input/SRR13439813_1729937_kraken2_2_fastqc.html",
                "input/SRR13439813_1772291_kraken2_1_fastqc.html",
                "input/SRR13439813_1772291_kraken2_2_fastqc.html",
                "input/SRR13439813_1777069_kraken2_1_fastqc.html",
                "input/SRR13439813_1777069_kraken2_2_fastqc.html",
                "input/SRR13439813_1813781_kraken2_1_fastqc.html",
                "input/SRR13439813_1813781_kraken2_2_fastqc.html",
                "input/SRR13439813_1852622_kraken2_1_fastqc.html",
                "input/SRR13439813_1852622_kraken2_2_fastqc.html",
                "input/SRR13439813_1871313_kraken2_1_fastqc.html",
                "input/SRR13439813_1871313_kraken2_2_fastqc.html",
                "input/SRR13439813_187217_kraken2_1_fastqc.html",
                "input/SRR13439813_187217_kraken2_2_fastqc.html",
                "input/SRR13439813_1897739_kraken2_1_fastqc.html",
                "input/SRR13439813_1897739_kraken2_2_fastqc.html",
                "input/SRR13439813_1910976_kraken2_1_fastqc.html",
                "input/SRR13439813_1910976_kraken2_2_fastqc.html",
                "input/SRR13439813_1910991_kraken2_1_fastqc.html",
                "input/SRR13439813_1910991_kraken2_2_fastqc.html",
                "input/SRR13439813_1910992_kraken2_1_fastqc.html",
                "input/SRR13439813_1910992_kraken2_2_fastqc.html",
                "input/SRR13439813_1910993_kraken2_1_fastqc.html",
                "input/SRR13439813_1910993_kraken2_2_fastqc.html",
                "input/SRR13439813_1911928_kraken2_1_fastqc.html",
                "input/SRR13439813_1911928_kraken2_2_fastqc.html",
                "input/SRR13439813_1914850_kraken2_1_fastqc.html",
                "input/SRR13439813_1914850_kraken2_2_fastqc.html",
                "input/SRR13439813_1914851_kraken2_1_fastqc.html",
                "input/SRR13439813_1914851_kraken2_2_fastqc.html",
                "input/SRR13439813_1920753_kraken2_1_fastqc.html",
                "input/SRR13439813_1920753_kraken2_2_fastqc.html",
                "input/SRR13439813_1921407_kraken2_1_fastqc.html",
                "input/SRR13439813_1921407_kraken2_2_fastqc.html",
                "input/SRR13439813_1923889_kraken2_1_fastqc.html",
                "input/SRR13439813_1923889_kraken2_2_fastqc.html",
                "input/SRR13439813_1958913_kraken2_1_fastqc.html",
                "input/SRR13439813_1958913_kraken2_2_fastqc.html",
                "input/SRR13439813_1982099_kraken2_1_fastqc.html",
                "input/SRR13439813_1982099_kraken2_2_fastqc.html",
                "input/SRR13439813_1982576_kraken2_1_fastqc.html",
                "input/SRR13439813_1982576_kraken2_2_fastqc.html",
                "input/SRR13439813_1983557_kraken2_1_fastqc.html",
                "input/SRR13439813_1983557_kraken2_2_fastqc.html",
                "input/SRR13439813_1984776_kraken2_1_fastqc.html",
                "input/SRR13439813_1984776_kraken2_2_fastqc.html",
                "input/SRR13439813_2015839_kraken2_1_fastqc.html",
                "input/SRR13439813_2015839_kraken2_2_fastqc.html",
                "input/SRR13439813_2024312_kraken2_1_fastqc.html",
                "input/SRR13439813_2024312_kraken2_2_fastqc.html",
                "input/SRR13439813_2041350_kraken2_1_fastqc.html",
                "input/SRR13439813_2041350_kraken2_2_fastqc.html",
                "input/SRR13439813_2047764_kraken2_1_fastqc.html",
                "input/SRR13439813_2047764_kraken2_2_fastqc.html",
                "input/SRR13439813_2047765_kraken2_1_fastqc.html",
                "input/SRR13439813_2047765_kraken2_2_fastqc.html",
                "input/SRR13439813_2048975_kraken2_1_fastqc.html",
                "input/SRR13439813_2048975_kraken2_2_fastqc.html",
                "input/SRR13439813_2049933_kraken2_1_fastqc.html",
                "input/SRR13439813_2049933_kraken2_2_fastqc.html",
                "input/SRR13439813_2050037_kraken2_1_fastqc.html",
                "input/SRR13439813_2050037_kraken2_2_fastqc.html",
                "input/SRR13439813_2053702_kraken2_1_fastqc.html",
                "input/SRR13439813_2053702_kraken2_2_fastqc.html",
                "input/SRR13439813_2054272_kraken2_1_fastqc.html",
                "input/SRR13439813_2054272_kraken2_2_fastqc.html",
                "input/SRR13439813_2079581_kraken2_1_fastqc.html",
                "input/SRR13439813_2079581_kraken2_2_fastqc.html",
                "input/SRR13439813_2099850_kraken2_1_fastqc.html",
                "input/SRR13439813_2099850_kraken2_2_fastqc.html",
                "input/SRR13439813_2107574_kraken2_1_fastqc.html",
                "input/SRR13439813_2107574_kraken2_2_fastqc.html",
                "input/SRR13439813_2107708_kraken2_1_fastqc.html",
                "input/SRR13439813_2107708_kraken2_2_fastqc.html",
                "input/SRR13439813_2108109_kraken2_1_fastqc.html",
                "input/SRR13439813_2108109_kraken2_2_fastqc.html",
                "input/SRR13439813_2108116_kraken2_1_fastqc.html",
                "input/SRR13439813_2108116_kraken2_2_fastqc.html",
                "input/SRR13439813_2108120_kraken2_1_fastqc.html",
                "input/SRR13439813_2108120_kraken2_2_fastqc.html",
                "input/SRR13439813_212035_kraken2_1_fastqc.html",
                "input/SRR13439813_212035_kraken2_2_fastqc.html",
                "input/SRR13439813_2144178_kraken2_1_fastqc.html",
                "input/SRR13439813_2144178_kraken2_2_fastqc.html",
                "input/SRR13439813_2163996_kraken2_1_fastqc.html",
                "input/SRR13439813_2163996_kraken2_2_fastqc.html",
                "input/SRR13439813_2169643_kraken2_1_fastqc.html",
                "input/SRR13439813_2169643_kraken2_2_fastqc.html",
                "input/SRR13439813_2178928_kraken2_1_fastqc.html",
                "input/SRR13439813_2178928_kraken2_2_fastqc.html",
                "input/SRR13439813_2182354_kraken2_1_fastqc.html",
                "input/SRR13439813_2182354_kraken2_2_fastqc.html",
                "input/SRR13439813_2200756_kraken2_1_fastqc.html",
                "input/SRR13439813_2200756_kraken2_2_fastqc.html",
                "input/SRR13439813_2219214_kraken2_1_fastqc.html",
                "input/SRR13439813_2219214_kraken2_2_fastqc.html",
                "input/SRR13439813_2234086_kraken2_1_fastqc.html",
                "input/SRR13439813_2234086_kraken2_2_fastqc.html",
                "input/SRR13439813_2250291_kraken2_1_fastqc.html",
                "input/SRR13439813_2250291_kraken2_2_fastqc.html",
                "input/SRR13439813_2301721_kraken2_1_fastqc.html",
                "input/SRR13439813_2301721_kraken2_2_fastqc.html",
                "input/SRR13439813_2304001_kraken2_1_fastqc.html",
                "input/SRR13439813_2304001_kraken2_2_fastqc.html",
                "input/SRR13439813_2316013_kraken2_1_fastqc.html",
                "input/SRR13439813_2316013_kraken2_2_fastqc.html",
                "input/SRR13439813_2419682_kraken2_1_fastqc.html",
                "input/SRR13439813_2419682_kraken2_2_fastqc.html",
                "input/SRR13439813_2419754_kraken2_1_fastqc.html",
                "input/SRR13439813_2419754_kraken2_2_fastqc.html",
                "input/SRR13439813_2491323_kraken2_1_fastqc.html",
                "input/SRR13439813_2491323_kraken2_2_fastqc.html",
                "input/SRR13439813_2557875_kraken2_1_fastqc.html",
                "input/SRR13439813_2557875_kraken2_2_fastqc.html",
                "input/SRR13439813_2560197_kraken2_1_fastqc.html",
                "input/SRR13439813_2560197_kraken2_2_fastqc.html",
                "input/SRR13439813_2562235_kraken2_1_fastqc.html",
                "input/SRR13439813_2562235_kraken2_2_fastqc.html",
                "input/SRR13439813_2570374_kraken2_1_fastqc.html",
                "input/SRR13439813_2570374_kraken2_2_fastqc.html",
                "input/SRR13439813_2572526_kraken2_1_fastqc.html",
                "input/SRR13439813_2572526_kraken2_2_fastqc.html",
                "input/SRR13439813_2596674_kraken2_1_fastqc.html",
                "input/SRR13439813_2596674_kraken2_2_fastqc.html",
                "input/SRR13439813_2596714_kraken2_1_fastqc.html",
                "input/SRR13439813_2596714_kraken2_2_fastqc.html",
                "input/SRR13439813_2601643_kraken2_1_fastqc.html",
                "input/SRR13439813_2601643_kraken2_2_fastqc.html",
                "input/SRR13439813_2603260_kraken2_1_fastqc.html",
                "input/SRR13439813_2603260_kraken2_2_fastqc.html",
                "input/SRR13439813_2664939_kraken2_1_fastqc.html",
                "input/SRR13439813_2664939_kraken2_2_fastqc.html",
                "input/SRR13439813_2674970_kraken2_1_fastqc.html",
                "input/SRR13439813_2674970_kraken2_2_fastqc.html",
                "input/SRR13439813_2678563_kraken2_1_fastqc.html",
                "input/SRR13439813_2678563_kraken2_2_fastqc.html",
                "input/SRR13439813_2681674_kraken2_1_fastqc.html",
                "input/SRR13439813_2681674_kraken2_2_fastqc.html",
                "input/SRR13439813_268746_kraken2_1_fastqc.html",
                "input/SRR13439813_268746_kraken2_2_fastqc.html",
                "input/SRR13439813_2690230_kraken2_1_fastqc.html",
                "input/SRR13439813_2690230_kraken2_2_fastqc.html",
                "input/SRR13439813_2698927_kraken2_1_fastqc.html",
                "input/SRR13439813_2698927_kraken2_2_fastqc.html",
                "input/SRR13439813_2719181_kraken2_1_fastqc.html",
                "input/SRR13439813_2719181_kraken2_2_fastqc.html",
                "input/SRR13439813_2731619_kraken2_1_fastqc.html",
                "input/SRR13439813_2731619_kraken2_2_fastqc.html",
                "input/SRR13439813_2731643_kraken2_1_fastqc.html",
                "input/SRR13439813_2731643_kraken2_2_fastqc.html",
                "input/SRR13439813_2731941_kraken2_1_fastqc.html",
                "input/SRR13439813_2731941_kraken2_2_fastqc.html",
                "input/SRR13439813_2733095_kraken2_1_fastqc.html",
                "input/SRR13439813_2733095_kraken2_2_fastqc.html",
                "input/SRR13439813_2736288_kraken2_1_fastqc.html",
                "input/SRR13439813_2736288_kraken2_2_fastqc.html",
                "input/SRR13439813_2749261_kraken2_1_fastqc.html",
                "input/SRR13439813_2749261_kraken2_2_fastqc.html",
                "input/SRR13439813_2750853_kraken2_1_fastqc.html",
                "input/SRR13439813_2750853_kraken2_2_fastqc.html",
                "input/SRR13439813_2770328_kraken2_1_fastqc.html",
                "input/SRR13439813_2770328_kraken2_2_fastqc.html",
                "input/SRR13439813_2783859_kraken2_1_fastqc.html",
                "input/SRR13439813_2783859_kraken2_2_fastqc.html",
                "input/SRR13439813_2787014_kraken2_1_fastqc.html",
                "input/SRR13439813_2787014_kraken2_2_fastqc.html",
                "input/SRR13439813_2810370_kraken2_1_fastqc.html",
                "input/SRR13439813_2810370_kraken2_2_fastqc.html",
                "input/SRR13439813_2836086_kraken2_1_fastqc.html",
                "input/SRR13439813_2836086_kraken2_2_fastqc.html",
                "input/SRR13439813_2842329_kraken2_1_fastqc.html",
                "input/SRR13439813_2842329_kraken2_2_fastqc.html",
                "input/SRR13439813_2842412_kraken2_1_fastqc.html",
                "input/SRR13439813_2842412_kraken2_2_fastqc.html",
                "input/SRR13439813_2842586_kraken2_1_fastqc.html",
                "input/SRR13439813_2842586_kraken2_2_fastqc.html",
                "input/SRR13439813_2842888_kraken2_1_fastqc.html",
                "input/SRR13439813_2842888_kraken2_2_fastqc.html",
                "input/SRR13439813_2842972_kraken2_1_fastqc.html",
                "input/SRR13439813_2842972_kraken2_2_fastqc.html",
                "input/SRR13439813_2842976_kraken2_1_fastqc.html",
                "input/SRR13439813_2842976_kraken2_2_fastqc.html",
                "input/SRR13439813_2842979_kraken2_1_fastqc.html",
                "input/SRR13439813_2842979_kraken2_2_fastqc.html",
                "input/SRR13439813_2843419_kraken2_1_fastqc.html",
                "input/SRR13439813_2843419_kraken2_2_fastqc.html",
                "input/SRR13439813_2843956_kraken2_1_fastqc.html",
                "input/SRR13439813_2843956_kraken2_2_fastqc.html",
                "input/SRR13439813_2849741_kraken2_1_fastqc.html",
                "input/SRR13439813_2849741_kraken2_2_fastqc.html",
                "input/SRR13439813_2852703_kraken2_1_fastqc.html",
                "input/SRR13439813_2852703_kraken2_2_fastqc.html",
                "input/SRR13439813_2853091_kraken2_1_fastqc.html",
                "input/SRR13439813_2853091_kraken2_2_fastqc.html",
                "input/SRR13439813_2859653_kraken2_1_fastqc.html",
                "input/SRR13439813_2859653_kraken2_2_fastqc.html",
                "input/SRR13439813_2859655_kraken2_1_fastqc.html",
                "input/SRR13439813_2859655_kraken2_2_fastqc.html",
                "input/SRR13439813_2859656_kraken2_1_fastqc.html",
                "input/SRR13439813_2859656_kraken2_2_fastqc.html",
                "input/SRR13439813_2863194_kraken2_1_fastqc.html",
                "input/SRR13439813_2863194_kraken2_2_fastqc.html",
                "input/SRR13439813_2873460_kraken2_1_fastqc.html",
                "input/SRR13439813_2873460_kraken2_2_fastqc.html",
                "input/SRR13439813_2874884_kraken2_1_fastqc.html",
                "input/SRR13439813_2874884_kraken2_2_fastqc.html",
                "input/SRR13439813_2877946_kraken2_1_fastqc.html",
                "input/SRR13439813_2877946_kraken2_2_fastqc.html",
                "input/SRR13439813_2886042_kraken2_1_fastqc.html",
                "input/SRR13439813_2886042_kraken2_2_fastqc.html",
                "input/SRR13439813_2886925_kraken2_1_fastqc.html",
                "input/SRR13439813_2886925_kraken2_2_fastqc.html",
                "input/SRR13439813_2923009_kraken2_1_fastqc.html",
                "input/SRR13439813_2923009_kraken2_2_fastqc.html",
                "input/SRR13439813_2928680_kraken2_1_fastqc.html",
                "input/SRR13439813_2928680_kraken2_2_fastqc.html",
                "input/SRR13439813_2928682_kraken2_1_fastqc.html",
                "input/SRR13439813_2928682_kraken2_2_fastqc.html",
                "input/SRR13439813_2932867_kraken2_1_fastqc.html",
                "input/SRR13439813_2932867_kraken2_2_fastqc.html",
                "input/SRR13439813_2936919_kraken2_1_fastqc.html",
                "input/SRR13439813_2936919_kraken2_2_fastqc.html",
                "input/SRR13439813_2943016_kraken2_1_fastqc.html",
                "input/SRR13439813_2943016_kraken2_2_fastqc.html",
                "input/SRR13439813_2946646_kraken2_1_fastqc.html",
                "input/SRR13439813_2946646_kraken2_2_fastqc.html",
                "input/SRR13439813_2946820_kraken2_1_fastqc.html",
                "input/SRR13439813_2946820_kraken2_2_fastqc.html",
                "input/SRR13439813_2948781_kraken2_1_fastqc.html",
                "input/SRR13439813_2948781_kraken2_2_fastqc.html",
                "input/SRR13439813_2982171_kraken2_1_fastqc.html",
                "input/SRR13439813_2982171_kraken2_2_fastqc.html",
                "input/SRR13439813_2985324_kraken2_1_fastqc.html",
                "input/SRR13439813_2985324_kraken2_2_fastqc.html",
                "input/SRR13439813_2991860_kraken2_1_fastqc.html",
                "input/SRR13439813_2991860_kraken2_2_fastqc.html",
                "input/SRR13439813_3052771_kraken2_1_fastqc.html",
                "input/SRR13439813_3052771_kraken2_2_fastqc.html",
                "input/SRR13439813_35269_kraken2_1_fastqc.html",
                "input/SRR13439813_35269_kraken2_2_fastqc.html",
                "input/SRR13439813_44561_kraken2_1_fastqc.html",
                "input/SRR13439813_44561_kraken2_2_fastqc.html",
                "input/SRR13439813_445684_kraken2_1_fastqc.html",
                "input/SRR13439813_445684_kraken2_2_fastqc.html",
                "input/SRR13439813_490913_kraken2_1_fastqc.html",
                "input/SRR13439813_490913_kraken2_2_fastqc.html",
                "input/SRR13439813_532075_kraken2_1_fastqc.html",
                "input/SRR13439813_532075_kraken2_2_fastqc.html",
                "input/SRR13439813_543153_kraken2_1_fastqc.html",
                "input/SRR13439813_543153_kraken2_2_fastqc.html",
                "input/SRR13439813_68416_kraken2_1_fastqc.html",
                "input/SRR13439813_68416_kraken2_2_fastqc.html",
                "input/SRR13439813_698487_kraken2_1_fastqc.html",
                "input/SRR13439813_698487_kraken2_2_fastqc.html",
                "input/SRR13439813_754075_kraken2_1_fastqc.html",
                "input/SRR13439813_754075_kraken2_2_fastqc.html",
                "input/SRR13439813_889338_kraken2_1_fastqc.html",
                "input/SRR13439813_889338_kraken2_2_fastqc.html",
                "input/SRR13439813_998086_kraken2_1_fastqc.html",
                "input/SRR13439813_998086_kraken2_2_fastqc.html"
            ]
        ],
        "meta": {
            "nf-test": "0.9.2",
            "nextflow": "25.04.2"
        },
        "timestamp": "2025-07-23T11:05:57.044914756"
    },
    "-profile test_extract_kraken2_reads": {
        "content": [
            391,
            {
                "FASTQC": {
                    "fastqc": "0.12.1"
                },
                "Workflow": {
                    "genomic-medicine-sweden/metaval": "v1.0dev"
                }
            }
        ],
        "meta": {
            "nf-test": "0.9.2",
            "nextflow": "25.04.2"
        },
        "timestamp": "2025-07-23T11:05:56.970734046"
    },
    "multiqc": {
        "content": [
            [
                "multiqc_data/BETA-multiqc.parquet",
                "multiqc_data/fastqc-status-check-heatmap.txt",
                "multiqc_data/fastqc_adapter_content_plot.txt",
                "multiqc_data/fastqc_overrepresented_sequences_plot.txt",
                "multiqc_data/fastqc_per_base_n_content_plot.txt",
                "multiqc_data/fastqc_per_base_sequence_quality_plot.txt",
                "multiqc_data/fastqc_per_sequence_gc_content_plot_Counts.txt",
                "multiqc_data/fastqc_per_sequence_gc_content_plot_Percentages.txt",
                "multiqc_data/fastqc_per_sequence_quality_scores_plot.txt",
                "multiqc_data/fastqc_sequence_counts_plot.txt",
                "multiqc_data/fastqc_sequence_duplication_levels_plot.txt",
                "multiqc_data/fastqc_sequence_length_distribution_plot.txt",
                "multiqc_data/fastqc_top_overrepresented_sequences_table.txt",
                "multiqc_data/llms-full.txt",
                "multiqc_data/multiqc.log",
                "multiqc_data/multiqc_citations.txt",
                "multiqc_data/multiqc_data.json",
                "multiqc_data/multiqc_fastqc.txt",
                "multiqc_data/multiqc_general_stats.txt",
                "multiqc_data/multiqc_software_versions.txt",
                "multiqc_data/multiqc_sources.txt",
                "multiqc_report.html"
            ],
            [
                
            ]
        ],
        "meta": {
            "nf-test": "0.9.2",
            "nextflow": "25.04.2"
        },
        "timestamp": "2025-07-23T11:05:57.087894899"
    }
}