{
    "-profile test_taxid": {
        "content": [
            {
                "BEDTOOLS_GENOMECOV": {
                    "bedtools": "2.31.1"
                },
                "BLAST_BLASTN": {
                    "blastn": "2.17.0+"
                },
                "BOWTIE2_ALIGN": {
                    "bowtie2": "2.5.4",
                    "pigz": 2.8,
                    "samtools": 1.21
                },
                "BOWTIE2_BUILD": {
                    "bowtie2": "2.5.4"
                },
                "DIAMOND_BLASTX": {
                    "diamond": "2.1.16"
                },
                "EXTRACTCENTRIFUGEREADS": {
                    "pigz": 2.8,
                    "seqkit": "2.9.0"
                },
                "EXTRACTDIAMONDREADS": {
                    "pigz": 2.8,
                    "python": "3.13.1"
                },
                "FASTQC": {
                    "fastqc": "0.12.1"
                },
                "FILTER_BLASTN": {
                    "python": "3.12.3"
                },
                "FILTER_BLASTX": {
                    "python": "3.12.3"
                },
                "FILTER_CONSENSUS_LONGREAD": {
                    "python": "3.13.2"
                },
                "FILTER_CONSENSUS_SHORTREAD": {
                    "python": "3.13.2"
                },
                "KRAKENTOOLS_EXTRACTKRAKENREADS": {
                    "extract_kraken_reads.py": "1.2.1"
                },
                "MEDAKA": {
                    "medaka": "2.0.1",
                    "seqkit": "2.9.0"
                },
                "MINIMAP2_ALIGN": {
                    "minimap2": "2.29-r1283"
                },
                "MINIMAP2_INDEX": {
                    "minimap2": "2.29-r1283"
                },
                "PIGZ_UNCOMPRESS": {
                    "pigz": 2.8
                },
                "SAMTOOLS_CONSENSUS_SHORTREAD": {
                    "samtools": "1.23.1"
                },
                "SAMTOOLS_FAIDX": {
                    "samtools": "1.23.1"
                },
                "SAMTOOLS_FASTA": {
                    "samtools": "1.23.1"
                },
                "SAMTOOLS_FLAGSTAT": {
                    "samtools": "1.23.1"
                },
                "SAMTOOLS_IDXSTATS": {
                    "samtools": "1.23.1"
                },
                "SAMTOOLS_INDEX": {
                    "samtools": "1.23.1"
                },
                "SAMTOOLS_INDEX_FAIL": {
                    "samtools": "1.23.1"
                },
                "SAMTOOLS_INDEX_PASS": {
                    "samtools": "1.23.1"
                },
                "SAMTOOLS_SORT": {
                    "samtools": "1.23.1"
                },
                "SAMTOOLS_SORT_FAIL": {
                    "samtools": "1.23.1"
                },
                "SAMTOOLS_SORT_LONGREAD": {
                    "samtools": "1.23.1"
                },
                "SAMTOOLS_SORT_PASS": {
                    "samtools": "1.23.1"
                },
                "SAMTOOLS_SORT_SHORTREAD": {
                    "samtools": "1.23.1"
                },
                "SAMTOOLS_STATS": {
                    "samtools": "1.23.1"
                },
                "SEQKIT_FQ2FA": {
                    "seqkit": "2.9.0"
                },
                "SEQKIT_FQ2FA_READS": {
                    "seqkit": "2.9.0"
                },
                "SPADES": {
                    "spades": "4.1.0"
                },
                "SUBSET_BAM_FAIL": {
                    "samtools": 1.21
                },
                "SUBSET_BAM_PASS": {
                    "samtools": 1.21
                },
                "UNTAR_BLASTN": {
                    "untar": 1.34
                },
                "Workflow": {
                    "genomic-medicine-sweden/metaval": "v1.0dev"
                }
            }
        ],
        "meta": {
            "nf-test": "0.9.3",
            "nextflow": "25.10.4"
        },
        "timestamp": "2026-04-17T16:20:54.361111908"
    },
    "blastn": {
        "content": [
            [
                "SRR13439790_taxid_1920753_Gamaleyavirus_blast_filtered.txt(kraken2) contains string:true",
                "SRR13439790_taxid_1920753_Gamaleyavirus_blast_filtered_summary.txt(kraken2) contains string:true",
                "SRR13439790_taxid_2886042_Shigella-virus-Moo19_blast_filtered.txt(kraken2) contains string:true",
                "SRR13439790_taxid_2886042_Shigella-virus-Moo19_blast_filtered_summary.txt(kraken2) contains string:true",
                "SRR13439799_taxid_211044_Influenza-A-virus-A-Puerto-Rico-8-1934-H1N1_blast_filtered.txt(kraken2) contains string:true",
                "SRR13439799_taxid_211044_Influenza-A-virus-A-Puerto-Rico-8-1934-H1N1_blast_filtered_summary.txt(kraken2) contains string:true",
                "SRR13439802_taxid_2886042_Shigella-virus-Moo19_blast_filtered.txt(kraken2) contains string:true",
                "SRR13439802_taxid_2886042_Shigella-virus-Moo19_blast_filtered_summary.txt(kraken2) contains string:true",
                "SRR13439813_taxid_1054461_Escherichia-phage-vB-EcoP-G7C_blast_filtered.txt(kraken2) contains string:true",
                "SRR13439813_taxid_1054461_Escherichia-phage-vB-EcoP-G7C_blast_filtered_summary.txt(kraken2) contains string:true",
                "SRR13439813_taxid_1204528_Salmonella-phage-SKML-39_blast_filtered.txt(kraken2) contains string:true",
                "SRR13439813_taxid_1204528_Salmonella-phage-SKML-39_blast_filtered_summary.txt(kraken2) contains string:true",
                "SRR13439813_taxid_1239384_Escherichia-phage-IME11_blast_filtered.txt(kraken2) contains string:true",
                "SRR13439813_taxid_1239384_Escherichia-phage-IME11_blast_filtered_summary.txt(kraken2) contains string:true",
                "SRR13439813_taxid_1391223_Escherichia-phage-vB-EcoP-PhAPEC7_blast_filtered.txt(kraken2) contains string:true",
                "SRR13439813_taxid_1391223_Escherichia-phage-vB-EcoP-PhAPEC7_blast_filtered_summary.txt(kraken2) contains string:true",
                "SRR13439813_taxid_1395983_Escherichia-phage-vB-EcoP-PhAPEC5_blast_filtered.txt(kraken2) contains string:true",
                "SRR13439813_taxid_1395983_Escherichia-phage-vB-EcoP-PhAPEC5_blast_filtered_summary.txt(kraken2) contains string:true",
                "SRR13439813_taxid_1458848_Escherichia-phage-Bp4_blast_filtered.txt(kraken2) contains string:true",
                "SRR13439813_taxid_1458848_Escherichia-phage-Bp4_blast_filtered_summary.txt(kraken2) contains string:true",
                "SRR13439813_taxid_1604356_Escherichia-phage-ECBP1_blast_filtered.txt(kraken2) contains string:true",
                "SRR13439813_taxid_1604356_Escherichia-phage-ECBP1_blast_filtered_summary.txt(kraken2) contains string:true",
                "SRR13439813_taxid_1910976_Guernseyvirinae_blast_filtered.txt(kraken2) contains string:false",
                "SRR13439813_taxid_1910976_Guernseyvirinae_blast_filtered_summary.txt(kraken2) contains string:false",
                "SRR13439813_taxid_1910993_Cornellvirus_blast_filtered.txt(kraken2) contains string:false",
                "SRR13439813_taxid_1910993_Cornellvirus_blast_filtered_summary.txt(kraken2) contains string:false",
                "SRR13439813_taxid_1920753_Gamaleyavirus_blast_filtered.txt(kraken2) contains string:true",
                "SRR13439813_taxid_1920753_Gamaleyavirus_blast_filtered_summary.txt(kraken2) contains string:true",
                "SRR13439813_taxid_2024312_Salmonella-phage-St162_blast_filtered.txt(kraken2) contains string:false",
                "SRR13439813_taxid_2024312_Salmonella-phage-St162_blast_filtered_summary.txt(kraken2) contains string:false",
                "SRR13439813_taxid_2047764_unclassified-Gamaleyavirus_blast_filtered.txt(kraken2) contains string:true",
                "SRR13439813_taxid_2047764_unclassified-Gamaleyavirus_blast_filtered_summary.txt(kraken2) contains string:true",
                "SRR13439813_taxid_2047765_Escherichia-phage-St11Ph5_blast_filtered.txt(kraken2) contains string:true",
                "SRR13439813_taxid_2047765_Escherichia-phage-St11Ph5_blast_filtered_summary.txt(kraken2) contains string:true",
                "SRR13439813_taxid_2099850_Klebsiella-phage-KP8_blast_filtered.txt(kraken2) contains string:true",
                "SRR13439813_taxid_2099850_Klebsiella-phage-KP8_blast_filtered_summary.txt(kraken2) contains string:true",
                "SRR13439813_taxid_2234086_Escherichia-phage-phi-G17_blast_filtered.txt(kraken2) contains string:true",
                "SRR13439813_taxid_2234086_Escherichia-phage-phi-G17_blast_filtered_summary.txt(kraken2) contains string:true",
                "SRR13439813_taxid_2301721_Salmonella-virus-VSiP_blast_filtered.txt(kraken2) contains string:false",
                "SRR13439813_taxid_2301721_Salmonella-virus-VSiP_blast_filtered_summary.txt(kraken2) contains string:false",
                "SRR13439813_taxid_2304001_unclassified-Cornellvirus_blast_filtered.txt(kraken2) contains string:false",
                "SRR13439813_taxid_2304001_unclassified-Cornellvirus_blast_filtered_summary.txt(kraken2) contains string:false",
                "SRR13439813_taxid_2731619_Caudoviricetes_blast_filtered.txt(kraken2) contains string:true",
                "SRR13439813_taxid_2731619_Caudoviricetes_blast_filtered_summary.txt(kraken2) contains string:true",
                "SRR13439813_taxid_2750853_Escherichia-phage-vB-EcoP-SP5M_blast_filtered.txt(kraken2) contains string:true",
                "SRR13439813_taxid_2750853_Escherichia-phage-vB-EcoP-SP5M_blast_filtered_summary.txt(kraken2) contains string:true",
                "SRR13439813_taxid_2810370_Escherichia-phage-vB-EcoP-ZQ2_blast_filtered.txt(kraken2) contains string:true",
                "SRR13439813_taxid_2810370_Escherichia-phage-vB-EcoP-ZQ2_blast_filtered_summary.txt(kraken2) contains string:true",
                "SRR13439813_taxid_2836086_Rhizobium-phage-RHph-X2-28B_blast_filtered.txt(kraken2) contains string:true",
                "SRR13439813_taxid_2836086_Rhizobium-phage-RHph-X2-28B_blast_filtered_summary.txt(kraken2) contains string:true",
                "SRR13439813_taxid_2842329_Schitoviridae_blast_filtered.txt(kraken2) contains string:true",
                "SRR13439813_taxid_2842329_Schitoviridae_blast_filtered_summary.txt(kraken2) contains string:true",
                "SRR13439813_taxid_2842412_Enquatrovirinae_blast_filtered.txt(kraken2) contains string:true",
                "SRR13439813_taxid_2842412_Enquatrovirinae_blast_filtered_summary.txt(kraken2) contains string:true",
                "SRR13439813_taxid_2842972_Pokkenvirus_blast_filtered.txt(kraken2) contains string:false",
                "SRR13439813_taxid_2842972_Pokkenvirus_blast_filtered_summary.txt(kraken2) contains string:false",
                "SRR13439813_taxid_2842976_Pourcelvirus_blast_filtered.txt(kraken2) contains string:false",
                "SRR13439813_taxid_2842976_Pourcelvirus_blast_filtered_summary.txt(kraken2) contains string:false",
                "SRR13439813_taxid_2852703_unclassified-Pokkenvirus_blast_filtered.txt(kraken2) contains string:false",
                "SRR13439813_taxid_2852703_unclassified-Pokkenvirus_blast_filtered_summary.txt(kraken2) contains string:false",
                "SRR13439813_taxid_2853091_Escherichia-phage-U1G_blast_filtered.txt(kraken2) contains string:true",
                "SRR13439813_taxid_2853091_Escherichia-phage-U1G_blast_filtered_summary.txt(kraken2) contains string:true",
                "SRR13439813_taxid_2859656_Stenotrophomonas-phage-Piffle_blast_filtered.txt(kraken2) contains string:false",
                "SRR13439813_taxid_2859656_Stenotrophomonas-phage-Piffle_blast_filtered_summary.txt(kraken2) contains string:false",
                "SRR13439813_taxid_2886042_Shigella-virus-Moo19_blast_filtered.txt(kraken2) contains string:true",
                "SRR13439813_taxid_2886042_Shigella-virus-Moo19_blast_filtered_summary.txt(kraken2) contains string:true",
                "SRR13439813_taxid_2886925_Escherichia-phage-N4_blast_filtered.txt(kraken2) contains string:true",
                "SRR13439813_taxid_2886925_Escherichia-phage-N4_blast_filtered_summary.txt(kraken2) contains string:true"
            ],
            [
                "SRR13439790_taxid_10752_Enquatrovirus-N4_blast_filtered.txt(centrifuge) contains string:true",
                "SRR13439790_taxid_10752_Enquatrovirus-N4_blast_filtered_summary.txt(centrifuge) contains string:true",
                "SRR13439790_taxid_1204528_Salmonella-phage-SKML-39_blast_filtered.txt(centrifuge) contains string:true",
                "SRR13439790_taxid_1204528_Salmonella-phage-SKML-39_blast_filtered_summary.txt(centrifuge) contains string:true",
                "SRR13439790_taxid_1239384_Escherichia-phage-IME11_blast_filtered.txt(centrifuge) contains string:true",
                "SRR13439790_taxid_1239384_Escherichia-phage-IME11_blast_filtered_summary.txt(centrifuge) contains string:true",
                "SRR13439790_taxid_1391223_Escherichia-phage-vB-EcoP-PhAPEC7_blast_filtered.txt(centrifuge) contains string:true",
                "SRR13439790_taxid_1391223_Escherichia-phage-vB-EcoP-PhAPEC7_blast_filtered_summary.txt(centrifuge) contains string:true",
                "SRR13439790_taxid_1414738_Shigella-phage-pSb-1_blast_filtered.txt(centrifuge) contains string:true",
                "SRR13439790_taxid_1414738_Shigella-phage-pSb-1_blast_filtered_summary.txt(centrifuge) contains string:true",
                "SRR13439790_taxid_1604356_Escherichia-phage-ECBP1_blast_filtered.txt(centrifuge) contains string:true",
                "SRR13439790_taxid_1604356_Escherichia-phage-ECBP1_blast_filtered_summary.txt(centrifuge) contains string:true",
                "SRR13439799_taxid_211044_Influenza-A-virus-A-Puerto-Rico-8-1934-H1N1_blast_filtered.txt(centrifuge) contains string:true",
                "SRR13439799_taxid_211044_Influenza-A-virus-A-Puerto-Rico-8-1934-H1N1_blast_filtered_summary.txt(centrifuge) contains string:true",
                "SRR13439813_taxid_1051675_Erwinia-phage-vB-EamP-S6_blast_filtered.txt(centrifuge) contains string:true",
                "SRR13439813_taxid_1051675_Erwinia-phage-vB-EamP-S6_blast_filtered_summary.txt(centrifuge) contains string:true",
                "SRR13439813_taxid_1054461_Escherichia-phage-vB-EcoP-G7C_blast_filtered.txt(centrifuge) contains string:true",
                "SRR13439813_taxid_1054461_Escherichia-phage-vB-EcoP-G7C_blast_filtered_summary.txt(centrifuge) contains string:true",
                "SRR13439813_taxid_10752_Enquatrovirus-N4_blast_filtered.txt(centrifuge) contains string:true",
                "SRR13439813_taxid_10752_Enquatrovirus-N4_blast_filtered_summary.txt(centrifuge) contains string:true",
                "SRR13439813_taxid_1173749_Salmonella-phage-FSL-SP-031_blast_filtered.txt(centrifuge) contains string:false",
                "SRR13439813_taxid_1173749_Salmonella-phage-FSL-SP-031_blast_filtered_summary.txt(centrifuge) contains string:false",
                "SRR13439813_taxid_1204528_Salmonella-phage-SKML-39_blast_filtered.txt(centrifuge) contains string:true",
                "SRR13439813_taxid_1204528_Salmonella-phage-SKML-39_blast_filtered_summary.txt(centrifuge) contains string:true",
                "SRR13439813_taxid_1239384_Escherichia-phage-IME11_blast_filtered.txt(centrifuge) contains string:true",
                "SRR13439813_taxid_1239384_Escherichia-phage-IME11_blast_filtered_summary.txt(centrifuge) contains string:true",
                "SRR13439813_taxid_1391223_Escherichia-phage-vB-EcoP-PhAPEC7_blast_filtered.txt(centrifuge) contains string:true",
                "SRR13439813_taxid_1391223_Escherichia-phage-vB-EcoP-PhAPEC7_blast_filtered_summary.txt(centrifuge) contains string:true",
                "SRR13439813_taxid_1395983_Escherichia-phage-vB-EcoP-PhAPEC5_blast_filtered.txt(centrifuge) contains string:true",
                "SRR13439813_taxid_1395983_Escherichia-phage-vB-EcoP-PhAPEC5_blast_filtered_summary.txt(centrifuge) contains string:true",
                "SRR13439813_taxid_1414738_Shigella-phage-pSb-1_blast_filtered.txt(centrifuge) contains string:true",
                "SRR13439813_taxid_1414738_Shigella-phage-pSb-1_blast_filtered_summary.txt(centrifuge) contains string:true",
                "SRR13439813_taxid_1416009_Achromobacter-phage-JWAlpha_blast_filtered.txt(centrifuge) contains string:true",
                "SRR13439813_taxid_1416009_Achromobacter-phage-JWAlpha_blast_filtered_summary.txt(centrifuge) contains string:true",
                "SRR13439813_taxid_1429767_Erwinia-phage-Ea9-2_blast_filtered.txt(centrifuge) contains string:true",
                "SRR13439813_taxid_1429767_Erwinia-phage-Ea9-2_blast_filtered_summary.txt(centrifuge) contains string:true",
                "SRR13439813_taxid_1458848_Escherichia-phage-Bp4_blast_filtered.txt(centrifuge) contains string:true",
                "SRR13439813_taxid_1458848_Escherichia-phage-Bp4_blast_filtered_summary.txt(centrifuge) contains string:true",
                "SRR13439813_taxid_1566995_Pseudomonas-phage-YH6_blast_filtered.txt(centrifuge) contains string:false",
                "SRR13439813_taxid_1566995_Pseudomonas-phage-YH6_blast_filtered_summary.txt(centrifuge) contains string:false",
                "SRR13439813_taxid_1604356_Escherichia-phage-ECBP1_blast_filtered.txt(centrifuge) contains string:true",
                "SRR13439813_taxid_1604356_Escherichia-phage-ECBP1_blast_filtered_summary.txt(centrifuge) contains string:true",
                "SRR13439813_taxid_371730_Enquatrovirus_blast_filtered.txt(centrifuge) contains string:true",
                "SRR13439813_taxid_371730_Enquatrovirus_blast_filtered_summary.txt(centrifuge) contains string:true",
                "SRR13439813_taxid_754073_Vibrio-phage-VBP47_blast_filtered.txt(centrifuge) contains string:true",
                "SRR13439813_taxid_754073_Vibrio-phage-VBP47_blast_filtered_summary.txt(centrifuge) contains string:true",
                "SRR13439813_taxid_881953_Lactococcus-phage-949_blast_filtered.txt(centrifuge) contains string:true",
                "SRR13439813_taxid_881953_Lactococcus-phage-949_blast_filtered_summary.txt(centrifuge) contains string:true",
                "SRR13439813_taxid_948870_Escherichia-phage-phi92_blast_filtered.txt(centrifuge) contains string:true",
                "SRR13439813_taxid_948870_Escherichia-phage-phi92_blast_filtered_summary.txt(centrifuge) contains string:true"
            ],
            [
                "SRR13439790_taxid_2842412_Enquatrovirinae_blast_filtered.txt(diamond) contains string:true",
                "SRR13439790_taxid_2842412_Enquatrovirinae_blast_filtered_summary.txt(diamond) contains string:true",
                "SRR13439790_taxid_2886042_Shigella-virus-Moo19_blast_filtered.txt(diamond) contains string:true",
                "SRR13439790_taxid_2886042_Shigella-virus-Moo19_blast_filtered_summary.txt(diamond) contains string:true",
                "SRR13439799_taxid_11320_Influenza-A-virus_blast_filtered.txt(diamond) contains string:true",
                "SRR13439799_taxid_11320_Influenza-A-virus_blast_filtered_summary.txt(diamond) contains string:true",
                "SRR13439802_taxid_2886042_Shigella-virus-Moo19_blast_filtered.txt(diamond) contains string:true",
                "SRR13439802_taxid_2886042_Shigella-virus-Moo19_blast_filtered_summary.txt(diamond) contains string:true",
                "SRR13439813_taxid_1054461_Escherichia-phage-vB-EcoP-G7C_blast_filtered.txt(diamond) contains string:true",
                "SRR13439813_taxid_1054461_Escherichia-phage-vB-EcoP-G7C_blast_filtered_summary.txt(diamond) contains string:true",
                "SRR13439813_taxid_1239384_Escherichia-phage-IME11_blast_filtered.txt(diamond) contains string:true",
                "SRR13439813_taxid_1239384_Escherichia-phage-IME11_blast_filtered_summary.txt(diamond) contains string:true",
                "SRR13439813_taxid_1910976_Guernseyvirinae_blast_filtered.txt(diamond) exists:true",
                "SRR13439813_taxid_1910976_Guernseyvirinae_blast_filtered_summary.txt(diamond) exists:true",
                "SRR13439813_taxid_1910993_Cornellvirus_blast_filtered.txt(diamond) exists:true",
                "SRR13439813_taxid_1910993_Cornellvirus_blast_filtered_summary.txt(diamond) exists:true",
                "SRR13439813_taxid_1920753_Gamaleyavirus_blast_filtered.txt(diamond) contains string:true",
                "SRR13439813_taxid_1920753_Gamaleyavirus_blast_filtered_summary.txt(diamond) contains string:true",
                "SRR13439813_taxid_2731619_Caudoviricetes_blast_filtered.txt(diamond) exists:true",
                "SRR13439813_taxid_2731619_Caudoviricetes_blast_filtered_summary.txt(diamond) exists:true",
                "SRR13439813_taxid_2842329_Schitoviridae_blast_filtered.txt(diamond) contains string:true",
                "SRR13439813_taxid_2842329_Schitoviridae_blast_filtered_summary.txt(diamond) contains string:true",
                "SRR13439813_taxid_2842412_Enquatrovirinae_blast_filtered.txt(diamond) contains string:true",
                "SRR13439813_taxid_2842412_Enquatrovirinae_blast_filtered_summary.txt(diamond) contains string:true",
                "SRR13439813_taxid_2886042_Shigella-virus-Moo19_blast_filtered.txt(diamond) contains string:true",
                "SRR13439813_taxid_2886042_Shigella-virus-Moo19_blast_filtered_summary.txt(diamond) contains string:true"
            ],
            [
                
            ]
        ],
        "meta": {
            "nf-test": "0.9.3",
            "nextflow": "25.10.4"
        },
        "timestamp": "2026-04-17T16:20:54.706324651"
    }
}