{
    "all_files": {
        "content": [
            [
                "extracted_reads/diamond/SRR13439790_10804.extracted_diamond_read1.fastq.gz",
                "extracted_reads/diamond/SRR13439790_10804.extracted_diamond_read2.fastq.gz",
                "extracted_reads/diamond/SRR13439790_11320.extracted_diamond_read1.fastq.gz",
                "extracted_reads/diamond/SRR13439790_11320.extracted_diamond_read2.fastq.gz",
                "extracted_reads/diamond/SRR13439790_1239384.extracted_diamond_read1.fastq.gz",
                "extracted_reads/diamond/SRR13439790_1239384.extracted_diamond_read2.fastq.gz",
                "extracted_reads/diamond/SRR13439790_1910976.extracted_diamond_read1.fastq.gz",
                "extracted_reads/diamond/SRR13439790_1910976.extracted_diamond_read2.fastq.gz",
                "extracted_reads/diamond/SRR13439790_1910993.extracted_diamond_read1.fastq.gz",
                "extracted_reads/diamond/SRR13439790_1910993.extracted_diamond_read2.fastq.gz",
                "extracted_reads/diamond/SRR13439790_1911928.extracted_diamond_read1.fastq.gz",
                "extracted_reads/diamond/SRR13439790_1911928.extracted_diamond_read2.fastq.gz",
                "extracted_reads/diamond/SRR13439790_1920753.extracted_diamond_read1.fastq.gz",
                "extracted_reads/diamond/SRR13439790_1920753.extracted_diamond_read2.fastq.gz",
                "extracted_reads/diamond/SRR13439790_2842329.extracted_diamond_read1.fastq.gz",
                "extracted_reads/diamond/SRR13439790_2842329.extracted_diamond_read2.fastq.gz",
                "extracted_reads/diamond/SRR13439790_2842412.extracted_diamond_read1.fastq.gz",
                "extracted_reads/diamond/SRR13439790_2842412.extracted_diamond_read2.fastq.gz",
                "extracted_reads/diamond/SRR13439790_2886042.extracted_diamond_read1.fastq.gz",
                "extracted_reads/diamond/SRR13439790_2886042.extracted_diamond_read2.fastq.gz",
                "extracted_reads/diamond/SRR13439799_11320.extracted_diamond_reads.fastq.gz",
                "extracted_reads/diamond/SRR13439802_11646.extracted_diamond_read1.fastq.gz",
                "extracted_reads/diamond/SRR13439802_11646.extracted_diamond_read2.fastq.gz",
                "extracted_reads/diamond/SRR13439802_11676.extracted_diamond_read1.fastq.gz",
                "extracted_reads/diamond/SRR13439802_11676.extracted_diamond_read2.fastq.gz",
                "extracted_reads/diamond/SRR13439802_1910993.extracted_diamond_read1.fastq.gz",
                "extracted_reads/diamond/SRR13439802_1910993.extracted_diamond_read2.fastq.gz",
                "extracted_reads/diamond/SRR13439802_2731643.extracted_diamond_read1.fastq.gz",
                "extracted_reads/diamond/SRR13439802_2731643.extracted_diamond_read2.fastq.gz",
                "extracted_reads/diamond/SRR13439802_2886042.extracted_diamond_read1.fastq.gz",
                "extracted_reads/diamond/SRR13439802_2886042.extracted_diamond_read2.fastq.gz",
                "extracted_reads/diamond/SRR13439813_10404.extracted_diamond_read1.fastq.gz",
                "extracted_reads/diamond/SRR13439813_10404.extracted_diamond_read2.fastq.gz",
                "extracted_reads/diamond/SRR13439813_10405.extracted_diamond_read1.fastq.gz",
                "extracted_reads/diamond/SRR13439813_10405.extracted_diamond_read2.fastq.gz",
                "extracted_reads/diamond/SRR13439813_1054461.extracted_diamond_read1.fastq.gz",
                "extracted_reads/diamond/SRR13439813_1054461.extracted_diamond_read2.fastq.gz",
                "extracted_reads/diamond/SRR13439813_10704.extracted_diamond_read1.fastq.gz",
                "extracted_reads/diamond/SRR13439813_10704.extracted_diamond_read2.fastq.gz",
                "extracted_reads/diamond/SRR13439813_1239384.extracted_diamond_read1.fastq.gz",
                "extracted_reads/diamond/SRR13439813_1239384.extracted_diamond_read2.fastq.gz",
                "extracted_reads/diamond/SRR13439813_1282995.extracted_diamond_read1.fastq.gz",
                "extracted_reads/diamond/SRR13439813_1282995.extracted_diamond_read2.fastq.gz",
                "extracted_reads/diamond/SRR13439813_1415147.extracted_diamond_read1.fastq.gz",
                "extracted_reads/diamond/SRR13439813_1415147.extracted_diamond_read2.fastq.gz",
                "extracted_reads/diamond/SRR13439813_1415148.extracted_diamond_read1.fastq.gz",
                "extracted_reads/diamond/SRR13439813_1415148.extracted_diamond_read2.fastq.gz",
                "extracted_reads/diamond/SRR13439813_1458863.extracted_diamond_read1.fastq.gz",
                "extracted_reads/diamond/SRR13439813_1458863.extracted_diamond_read2.fastq.gz",
                "extracted_reads/diamond/SRR13439813_153135.extracted_diamond_read1.fastq.gz",
                "extracted_reads/diamond/SRR13439813_153135.extracted_diamond_read2.fastq.gz",
                "extracted_reads/diamond/SRR13439813_1623283.extracted_diamond_read1.fastq.gz",
                "extracted_reads/diamond/SRR13439813_1623283.extracted_diamond_read2.fastq.gz",
                "extracted_reads/diamond/SRR13439813_1654888.extracted_diamond_read1.fastq.gz",
                "extracted_reads/diamond/SRR13439813_1654888.extracted_diamond_read2.fastq.gz",
                "extracted_reads/diamond/SRR13439813_1654890.extracted_diamond_read1.fastq.gz",
                "extracted_reads/diamond/SRR13439813_1654890.extracted_diamond_read2.fastq.gz",
                "extracted_reads/diamond/SRR13439813_1701257.extracted_diamond_read1.fastq.gz",
                "extracted_reads/diamond/SRR13439813_1701257.extracted_diamond_read2.fastq.gz",
                "extracted_reads/diamond/SRR13439813_1772291.extracted_diamond_read1.fastq.gz",
                "extracted_reads/diamond/SRR13439813_1772291.extracted_diamond_read2.fastq.gz",
                "extracted_reads/diamond/SRR13439813_1852622.extracted_diamond_read1.fastq.gz",
                "extracted_reads/diamond/SRR13439813_1852622.extracted_diamond_read2.fastq.gz",
                "extracted_reads/diamond/SRR13439813_1910976.extracted_diamond_read1.fastq.gz",
                "extracted_reads/diamond/SRR13439813_1910976.extracted_diamond_read2.fastq.gz",
                "extracted_reads/diamond/SRR13439813_1910992.extracted_diamond_read1.fastq.gz",
                "extracted_reads/diamond/SRR13439813_1910992.extracted_diamond_read2.fastq.gz",
                "extracted_reads/diamond/SRR13439813_1910993.extracted_diamond_read1.fastq.gz",
                "extracted_reads/diamond/SRR13439813_1910993.extracted_diamond_read2.fastq.gz",
                "extracted_reads/diamond/SRR13439813_1911928.extracted_diamond_read1.fastq.gz",
                "extracted_reads/diamond/SRR13439813_1911928.extracted_diamond_read2.fastq.gz",
                "extracted_reads/diamond/SRR13439813_1914850.extracted_diamond_read1.fastq.gz",
                "extracted_reads/diamond/SRR13439813_1914850.extracted_diamond_read2.fastq.gz",
                "extracted_reads/diamond/SRR13439813_1918725.extracted_diamond_read1.fastq.gz",
                "extracted_reads/diamond/SRR13439813_1918725.extracted_diamond_read2.fastq.gz",
                "extracted_reads/diamond/SRR13439813_1920753.extracted_diamond_read1.fastq.gz",
                "extracted_reads/diamond/SRR13439813_1920753.extracted_diamond_read2.fastq.gz",
                "extracted_reads/diamond/SRR13439813_1923889.extracted_diamond_read1.fastq.gz",
                "extracted_reads/diamond/SRR13439813_1923889.extracted_diamond_read2.fastq.gz",
                "extracted_reads/diamond/SRR13439813_1932883.extracted_diamond_read1.fastq.gz",
                "extracted_reads/diamond/SRR13439813_1932883.extracted_diamond_read2.fastq.gz",
                "extracted_reads/diamond/SRR13439813_1980922.extracted_diamond_read1.fastq.gz",
                "extracted_reads/diamond/SRR13439813_1980922.extracted_diamond_read2.fastq.gz",
                "extracted_reads/diamond/SRR13439813_1982099.extracted_diamond_read1.fastq.gz",
                "extracted_reads/diamond/SRR13439813_1982099.extracted_diamond_read2.fastq.gz",
                "extracted_reads/diamond/SRR13439813_2006668.extracted_diamond_read1.fastq.gz",
                "extracted_reads/diamond/SRR13439813_2006668.extracted_diamond_read2.fastq.gz",
                "extracted_reads/diamond/SRR13439813_2015839.extracted_diamond_read1.fastq.gz",
                "extracted_reads/diamond/SRR13439813_2015839.extracted_diamond_read2.fastq.gz",
                "extracted_reads/diamond/SRR13439813_2163996.extracted_diamond_read1.fastq.gz",
                "extracted_reads/diamond/SRR13439813_2163996.extracted_diamond_read2.fastq.gz",
                "extracted_reads/diamond/SRR13439813_2175004.extracted_diamond_read1.fastq.gz",
                "extracted_reads/diamond/SRR13439813_2175004.extracted_diamond_read2.fastq.gz",
                "extracted_reads/diamond/SRR13439813_2301721.extracted_diamond_read1.fastq.gz",
                "extracted_reads/diamond/SRR13439813_2301721.extracted_diamond_read2.fastq.gz",
                "extracted_reads/diamond/SRR13439813_2304001.extracted_diamond_read1.fastq.gz",
                "extracted_reads/diamond/SRR13439813_2304001.extracted_diamond_read2.fastq.gz",
                "extracted_reads/diamond/SRR13439813_2316013.extracted_diamond_read1.fastq.gz",
                "extracted_reads/diamond/SRR13439813_2316013.extracted_diamond_read2.fastq.gz",
                "extracted_reads/diamond/SRR13439813_2596714.extracted_diamond_read1.fastq.gz",
                "extracted_reads/diamond/SRR13439813_2596714.extracted_diamond_read2.fastq.gz",
                "extracted_reads/diamond/SRR13439813_2603849.extracted_diamond_read1.fastq.gz",
                "extracted_reads/diamond/SRR13439813_2603849.extracted_diamond_read2.fastq.gz",
                "extracted_reads/diamond/SRR13439813_2731619.extracted_diamond_read1.fastq.gz",
                "extracted_reads/diamond/SRR13439813_2731619.extracted_diamond_read2.fastq.gz",
                "extracted_reads/diamond/SRR13439813_2731643.extracted_diamond_read1.fastq.gz",
                "extracted_reads/diamond/SRR13439813_2731643.extracted_diamond_read2.fastq.gz",
                "extracted_reads/diamond/SRR13439813_2731646.extracted_diamond_read1.fastq.gz",
                "extracted_reads/diamond/SRR13439813_2731646.extracted_diamond_read2.fastq.gz",
                "extracted_reads/diamond/SRR13439813_2731653.extracted_diamond_read1.fastq.gz",
                "extracted_reads/diamond/SRR13439813_2731653.extracted_diamond_read2.fastq.gz",
                "extracted_reads/diamond/SRR13439813_2731932.extracted_diamond_read1.fastq.gz",
                "extracted_reads/diamond/SRR13439813_2731932.extracted_diamond_read2.fastq.gz",
                "extracted_reads/diamond/SRR13439813_2731941.extracted_diamond_read1.fastq.gz",
                "extracted_reads/diamond/SRR13439813_2731941.extracted_diamond_read2.fastq.gz",
                "extracted_reads/diamond/SRR13439813_2732686.extracted_diamond_read1.fastq.gz",
                "extracted_reads/diamond/SRR13439813_2732686.extracted_diamond_read2.fastq.gz",
                "extracted_reads/diamond/SRR13439813_2733122.extracted_diamond_read1.fastq.gz",
                "extracted_reads/diamond/SRR13439813_2733122.extracted_diamond_read2.fastq.gz",
                "extracted_reads/diamond/SRR13439813_2836048.extracted_diamond_read1.fastq.gz",
                "extracted_reads/diamond/SRR13439813_2836048.extracted_diamond_read2.fastq.gz",
                "extracted_reads/diamond/SRR13439813_2842329.extracted_diamond_read1.fastq.gz",
                "extracted_reads/diamond/SRR13439813_2842329.extracted_diamond_read2.fastq.gz",
                "extracted_reads/diamond/SRR13439813_2842412.extracted_diamond_read1.fastq.gz",
                "extracted_reads/diamond/SRR13439813_2842412.extracted_diamond_read2.fastq.gz",
                "extracted_reads/diamond/SRR13439813_2842727.extracted_diamond_read1.fastq.gz",
                "extracted_reads/diamond/SRR13439813_2842727.extracted_diamond_read2.fastq.gz",
                "extracted_reads/diamond/SRR13439813_2842972.extracted_diamond_read1.fastq.gz",
                "extracted_reads/diamond/SRR13439813_2842972.extracted_diamond_read2.fastq.gz",
                "extracted_reads/diamond/SRR13439813_2842979.extracted_diamond_read1.fastq.gz",
                "extracted_reads/diamond/SRR13439813_2842979.extracted_diamond_read2.fastq.gz",
                "extracted_reads/diamond/SRR13439813_2842993.extracted_diamond_read1.fastq.gz",
                "extracted_reads/diamond/SRR13439813_2842993.extracted_diamond_read2.fastq.gz",
                "extracted_reads/diamond/SRR13439813_2852703.extracted_diamond_read1.fastq.gz",
                "extracted_reads/diamond/SRR13439813_2852703.extracted_diamond_read2.fastq.gz",
                "extracted_reads/diamond/SRR13439813_2853013.extracted_diamond_read1.fastq.gz",
                "extracted_reads/diamond/SRR13439813_2853013.extracted_diamond_read2.fastq.gz",
                "extracted_reads/diamond/SRR13439813_2859653.extracted_diamond_read1.fastq.gz",
                "extracted_reads/diamond/SRR13439813_2859653.extracted_diamond_read2.fastq.gz",
                "extracted_reads/diamond/SRR13439813_2859656.extracted_diamond_read1.fastq.gz",
                "extracted_reads/diamond/SRR13439813_2859656.extracted_diamond_read2.fastq.gz",
                "extracted_reads/diamond/SRR13439813_2873460.extracted_diamond_read1.fastq.gz",
                "extracted_reads/diamond/SRR13439813_2873460.extracted_diamond_read2.fastq.gz",
                "extracted_reads/diamond/SRR13439813_2874884.extracted_diamond_read1.fastq.gz",
                "extracted_reads/diamond/SRR13439813_2874884.extracted_diamond_read2.fastq.gz",
                "extracted_reads/diamond/SRR13439813_2886042.extracted_diamond_read1.fastq.gz",
                "extracted_reads/diamond/SRR13439813_2886042.extracted_diamond_read2.fastq.gz",
                "extracted_reads/diamond/SRR13439813_2912296.extracted_diamond_read1.fastq.gz",
                "extracted_reads/diamond/SRR13439813_2912296.extracted_diamond_read2.fastq.gz",
                "extracted_reads/diamond/SRR13439813_2923009.extracted_diamond_read1.fastq.gz",
                "extracted_reads/diamond/SRR13439813_2923009.extracted_diamond_read2.fastq.gz",
                "extracted_reads/diamond/SRR13439813_2943001.extracted_diamond_read1.fastq.gz",
                "extracted_reads/diamond/SRR13439813_2943001.extracted_diamond_read2.fastq.gz",
                "extracted_reads/diamond/SRR13439813_2943016.extracted_diamond_read1.fastq.gz",
                "extracted_reads/diamond/SRR13439813_2943016.extracted_diamond_read2.fastq.gz",
                "extracted_reads/diamond/SRR13439813_2946170.extracted_diamond_read1.fastq.gz",
                "extracted_reads/diamond/SRR13439813_2946170.extracted_diamond_read2.fastq.gz",
                "extracted_reads/diamond/SRR13439813_2946820.extracted_diamond_read1.fastq.gz",
                "extracted_reads/diamond/SRR13439813_2946820.extracted_diamond_read2.fastq.gz",
                "extracted_reads/diamond/SRR13439813_2948694.extracted_diamond_read1.fastq.gz",
                "extracted_reads/diamond/SRR13439813_2948694.extracted_diamond_read2.fastq.gz",
                "extracted_reads/diamond/SRR13439813_2985324.extracted_diamond_read1.fastq.gz",
                "extracted_reads/diamond/SRR13439813_2985324.extracted_diamond_read2.fastq.gz",
                "extracted_reads/diamond/SRR13439813_665032.extracted_diamond_read1.fastq.gz",
                "extracted_reads/diamond/SRR13439813_665032.extracted_diamond_read2.fastq.gz",
                "fastqc/input/SRR13439790_10804_diamond_1_fastqc.html",
                "fastqc/input/SRR13439790_10804_diamond_2_fastqc.html",
                "fastqc/input/SRR13439790_11320_diamond_1_fastqc.html",
                "fastqc/input/SRR13439790_11320_diamond_2_fastqc.html",
                "fastqc/input/SRR13439790_1239384_diamond_1_fastqc.html",
                "fastqc/input/SRR13439790_1239384_diamond_2_fastqc.html",
                "fastqc/input/SRR13439790_1910976_diamond_1_fastqc.html",
                "fastqc/input/SRR13439790_1910976_diamond_2_fastqc.html",
                "fastqc/input/SRR13439790_1910993_diamond_1_fastqc.html",
                "fastqc/input/SRR13439790_1910993_diamond_2_fastqc.html",
                "fastqc/input/SRR13439790_1911928_diamond_1_fastqc.html",
                "fastqc/input/SRR13439790_1911928_diamond_2_fastqc.html",
                "fastqc/input/SRR13439790_1920753_diamond_1_fastqc.html",
                "fastqc/input/SRR13439790_1920753_diamond_2_fastqc.html",
                "fastqc/input/SRR13439790_2842329_diamond_1_fastqc.html",
                "fastqc/input/SRR13439790_2842329_diamond_2_fastqc.html",
                "fastqc/input/SRR13439790_2842412_diamond_1_fastqc.html",
                "fastqc/input/SRR13439790_2842412_diamond_2_fastqc.html",
                "fastqc/input/SRR13439790_2886042_diamond_1_fastqc.html",
                "fastqc/input/SRR13439790_2886042_diamond_2_fastqc.html",
                "fastqc/input/SRR13439799_11320_diamond_fastqc.html",
                "fastqc/input/SRR13439802_11646_diamond_1_fastqc.html",
                "fastqc/input/SRR13439802_11646_diamond_2_fastqc.html",
                "fastqc/input/SRR13439802_11676_diamond_1_fastqc.html",
                "fastqc/input/SRR13439802_11676_diamond_2_fastqc.html",
                "fastqc/input/SRR13439802_1910993_diamond_1_fastqc.html",
                "fastqc/input/SRR13439802_1910993_diamond_2_fastqc.html",
                "fastqc/input/SRR13439802_2731643_diamond_1_fastqc.html",
                "fastqc/input/SRR13439802_2731643_diamond_2_fastqc.html",
                "fastqc/input/SRR13439802_2886042_diamond_1_fastqc.html",
                "fastqc/input/SRR13439802_2886042_diamond_2_fastqc.html",
                "fastqc/input/SRR13439813_10404_diamond_1_fastqc.html",
                "fastqc/input/SRR13439813_10404_diamond_2_fastqc.html",
                "fastqc/input/SRR13439813_10405_diamond_1_fastqc.html",
                "fastqc/input/SRR13439813_10405_diamond_2_fastqc.html",
                "fastqc/input/SRR13439813_1054461_diamond_1_fastqc.html",
                "fastqc/input/SRR13439813_1054461_diamond_2_fastqc.html",
                "fastqc/input/SRR13439813_10704_diamond_1_fastqc.html",
                "fastqc/input/SRR13439813_10704_diamond_2_fastqc.html",
                "fastqc/input/SRR13439813_1239384_diamond_1_fastqc.html",
                "fastqc/input/SRR13439813_1239384_diamond_2_fastqc.html",
                "fastqc/input/SRR13439813_1282995_diamond_1_fastqc.html",
                "fastqc/input/SRR13439813_1282995_diamond_2_fastqc.html",
                "fastqc/input/SRR13439813_1415147_diamond_1_fastqc.html",
                "fastqc/input/SRR13439813_1415147_diamond_2_fastqc.html",
                "fastqc/input/SRR13439813_1415148_diamond_1_fastqc.html",
                "fastqc/input/SRR13439813_1415148_diamond_2_fastqc.html",
                "fastqc/input/SRR13439813_1458863_diamond_1_fastqc.html",
                "fastqc/input/SRR13439813_1458863_diamond_2_fastqc.html",
                "fastqc/input/SRR13439813_153135_diamond_1_fastqc.html",
                "fastqc/input/SRR13439813_153135_diamond_2_fastqc.html",
                "fastqc/input/SRR13439813_1623283_diamond_1_fastqc.html",
                "fastqc/input/SRR13439813_1623283_diamond_2_fastqc.html",
                "fastqc/input/SRR13439813_1654888_diamond_1_fastqc.html",
                "fastqc/input/SRR13439813_1654888_diamond_2_fastqc.html",
                "fastqc/input/SRR13439813_1654890_diamond_1_fastqc.html",
                "fastqc/input/SRR13439813_1654890_diamond_2_fastqc.html",
                "fastqc/input/SRR13439813_1701257_diamond_1_fastqc.html",
                "fastqc/input/SRR13439813_1701257_diamond_2_fastqc.html",
                "fastqc/input/SRR13439813_1772291_diamond_1_fastqc.html",
                "fastqc/input/SRR13439813_1772291_diamond_2_fastqc.html",
                "fastqc/input/SRR13439813_1852622_diamond_1_fastqc.html",
                "fastqc/input/SRR13439813_1852622_diamond_2_fastqc.html",
                "fastqc/input/SRR13439813_1910976_diamond_1_fastqc.html",
                "fastqc/input/SRR13439813_1910976_diamond_2_fastqc.html",
                "fastqc/input/SRR13439813_1910992_diamond_1_fastqc.html",
                "fastqc/input/SRR13439813_1910992_diamond_2_fastqc.html",
                "fastqc/input/SRR13439813_1910993_diamond_1_fastqc.html",
                "fastqc/input/SRR13439813_1910993_diamond_2_fastqc.html",
                "fastqc/input/SRR13439813_1911928_diamond_1_fastqc.html",
                "fastqc/input/SRR13439813_1911928_diamond_2_fastqc.html",
                "fastqc/input/SRR13439813_1914850_diamond_1_fastqc.html",
                "fastqc/input/SRR13439813_1914850_diamond_2_fastqc.html",
                "fastqc/input/SRR13439813_1918725_diamond_1_fastqc.html",
                "fastqc/input/SRR13439813_1918725_diamond_2_fastqc.html",
                "fastqc/input/SRR13439813_1920753_diamond_1_fastqc.html",
                "fastqc/input/SRR13439813_1920753_diamond_2_fastqc.html",
                "fastqc/input/SRR13439813_1923889_diamond_1_fastqc.html",
                "fastqc/input/SRR13439813_1923889_diamond_2_fastqc.html",
                "fastqc/input/SRR13439813_1932883_diamond_1_fastqc.html",
                "fastqc/input/SRR13439813_1932883_diamond_2_fastqc.html",
                "fastqc/input/SRR13439813_1980922_diamond_1_fastqc.html",
                "fastqc/input/SRR13439813_1980922_diamond_2_fastqc.html",
                "fastqc/input/SRR13439813_1982099_diamond_1_fastqc.html",
                "fastqc/input/SRR13439813_1982099_diamond_2_fastqc.html",
                "fastqc/input/SRR13439813_2006668_diamond_1_fastqc.html",
                "fastqc/input/SRR13439813_2006668_diamond_2_fastqc.html",
                "fastqc/input/SRR13439813_2015839_diamond_1_fastqc.html",
                "fastqc/input/SRR13439813_2015839_diamond_2_fastqc.html",
                "fastqc/input/SRR13439813_2163996_diamond_1_fastqc.html",
                "fastqc/input/SRR13439813_2163996_diamond_2_fastqc.html",
                "fastqc/input/SRR13439813_2175004_diamond_1_fastqc.html",
                "fastqc/input/SRR13439813_2175004_diamond_2_fastqc.html",
                "fastqc/input/SRR13439813_2301721_diamond_1_fastqc.html",
                "fastqc/input/SRR13439813_2301721_diamond_2_fastqc.html",
                "fastqc/input/SRR13439813_2304001_diamond_1_fastqc.html",
                "fastqc/input/SRR13439813_2304001_diamond_2_fastqc.html",
                "fastqc/input/SRR13439813_2316013_diamond_1_fastqc.html",
                "fastqc/input/SRR13439813_2316013_diamond_2_fastqc.html",
                "fastqc/input/SRR13439813_2596714_diamond_1_fastqc.html",
                "fastqc/input/SRR13439813_2596714_diamond_2_fastqc.html",
                "fastqc/input/SRR13439813_2603849_diamond_1_fastqc.html",
                "fastqc/input/SRR13439813_2603849_diamond_2_fastqc.html",
                "fastqc/input/SRR13439813_2731619_diamond_1_fastqc.html",
                "fastqc/input/SRR13439813_2731619_diamond_2_fastqc.html",
                "fastqc/input/SRR13439813_2731643_diamond_1_fastqc.html",
                "fastqc/input/SRR13439813_2731643_diamond_2_fastqc.html",
                "fastqc/input/SRR13439813_2731646_diamond_1_fastqc.html",
                "fastqc/input/SRR13439813_2731646_diamond_2_fastqc.html",
                "fastqc/input/SRR13439813_2731653_diamond_1_fastqc.html",
                "fastqc/input/SRR13439813_2731653_diamond_2_fastqc.html",
                "fastqc/input/SRR13439813_2731932_diamond_1_fastqc.html",
                "fastqc/input/SRR13439813_2731932_diamond_2_fastqc.html",
                "fastqc/input/SRR13439813_2731941_diamond_1_fastqc.html",
                "fastqc/input/SRR13439813_2731941_diamond_2_fastqc.html",
                "fastqc/input/SRR13439813_2732686_diamond_1_fastqc.html",
                "fastqc/input/SRR13439813_2732686_diamond_2_fastqc.html",
                "fastqc/input/SRR13439813_2733122_diamond_1_fastqc.html",
                "fastqc/input/SRR13439813_2733122_diamond_2_fastqc.html",
                "fastqc/input/SRR13439813_2836048_diamond_1_fastqc.html",
                "fastqc/input/SRR13439813_2836048_diamond_2_fastqc.html",
                "fastqc/input/SRR13439813_2842329_diamond_1_fastqc.html",
                "fastqc/input/SRR13439813_2842329_diamond_2_fastqc.html",
                "fastqc/input/SRR13439813_2842412_diamond_1_fastqc.html",
                "fastqc/input/SRR13439813_2842412_diamond_2_fastqc.html",
                "fastqc/input/SRR13439813_2842727_diamond_1_fastqc.html",
                "fastqc/input/SRR13439813_2842727_diamond_2_fastqc.html",
                "fastqc/input/SRR13439813_2842972_diamond_1_fastqc.html",
                "fastqc/input/SRR13439813_2842972_diamond_2_fastqc.html",
                "fastqc/input/SRR13439813_2842979_diamond_1_fastqc.html",
                "fastqc/input/SRR13439813_2842979_diamond_2_fastqc.html",
                "fastqc/input/SRR13439813_2842993_diamond_1_fastqc.html",
                "fastqc/input/SRR13439813_2842993_diamond_2_fastqc.html",
                "fastqc/input/SRR13439813_2852703_diamond_1_fastqc.html",
                "fastqc/input/SRR13439813_2852703_diamond_2_fastqc.html",
                "fastqc/input/SRR13439813_2853013_diamond_1_fastqc.html",
                "fastqc/input/SRR13439813_2853013_diamond_2_fastqc.html",
                "fastqc/input/SRR13439813_2859653_diamond_1_fastqc.html",
                "fastqc/input/SRR13439813_2859653_diamond_2_fastqc.html",
                "fastqc/input/SRR13439813_2859656_diamond_1_fastqc.html",
                "fastqc/input/SRR13439813_2859656_diamond_2_fastqc.html",
                "fastqc/input/SRR13439813_2873460_diamond_1_fastqc.html",
                "fastqc/input/SRR13439813_2873460_diamond_2_fastqc.html",
                "fastqc/input/SRR13439813_2874884_diamond_1_fastqc.html",
                "fastqc/input/SRR13439813_2874884_diamond_2_fastqc.html",
                "fastqc/input/SRR13439813_2886042_diamond_1_fastqc.html",
                "fastqc/input/SRR13439813_2886042_diamond_2_fastqc.html",
                "fastqc/input/SRR13439813_2912296_diamond_1_fastqc.html",
                "fastqc/input/SRR13439813_2912296_diamond_2_fastqc.html",
                "fastqc/input/SRR13439813_2923009_diamond_1_fastqc.html",
                "fastqc/input/SRR13439813_2923009_diamond_2_fastqc.html",
                "fastqc/input/SRR13439813_2943001_diamond_1_fastqc.html",
                "fastqc/input/SRR13439813_2943001_diamond_2_fastqc.html",
                "fastqc/input/SRR13439813_2943016_diamond_1_fastqc.html",
                "fastqc/input/SRR13439813_2943016_diamond_2_fastqc.html",
                "fastqc/input/SRR13439813_2946170_diamond_1_fastqc.html",
                "fastqc/input/SRR13439813_2946170_diamond_2_fastqc.html",
                "fastqc/input/SRR13439813_2946820_diamond_1_fastqc.html",
                "fastqc/input/SRR13439813_2946820_diamond_2_fastqc.html",
                "fastqc/input/SRR13439813_2948694_diamond_1_fastqc.html",
                "fastqc/input/SRR13439813_2948694_diamond_2_fastqc.html",
                "fastqc/input/SRR13439813_2985324_diamond_1_fastqc.html",
                "fastqc/input/SRR13439813_2985324_diamond_2_fastqc.html",
                "fastqc/input/SRR13439813_665032_diamond_1_fastqc.html",
                "fastqc/input/SRR13439813_665032_diamond_2_fastqc.html",
                "multiqc/multiqc_data/BETA-multiqc.parquet",
                "multiqc/multiqc_data/fastqc-status-check-heatmap.txt",
                "multiqc/multiqc_data/fastqc_overrepresented_sequences_plot.txt",
                "multiqc/multiqc_data/fastqc_per_base_n_content_plot.txt",
                "multiqc/multiqc_data/fastqc_per_base_sequence_quality_plot.txt",
                "multiqc/multiqc_data/fastqc_per_sequence_gc_content_plot_Counts.txt",
                "multiqc/multiqc_data/fastqc_per_sequence_gc_content_plot_Percentages.txt",
                "multiqc/multiqc_data/fastqc_per_sequence_quality_scores_plot.txt",
                "multiqc/multiqc_data/fastqc_sequence_counts_plot.txt",
                "multiqc/multiqc_data/fastqc_sequence_duplication_levels_plot.txt",
                "multiqc/multiqc_data/fastqc_sequence_length_distribution_plot.txt",
                "multiqc/multiqc_data/fastqc_top_overrepresented_sequences_table.txt",
                "multiqc/multiqc_data/llms-full.txt",
                "multiqc/multiqc_data/multiqc.log",
                "multiqc/multiqc_data/multiqc_citations.txt",
                "multiqc/multiqc_data/multiqc_data.json",
                "multiqc/multiqc_data/multiqc_fastqc.txt",
                "multiqc/multiqc_data/multiqc_general_stats.txt",
                "multiqc/multiqc_data/multiqc_software_versions.txt",
                "multiqc/multiqc_data/multiqc_sources.txt",
                "multiqc/multiqc_report.html",
                "pipeline_info/genomic-medicine-sweden_metaval_software_mqc_versions.yml",
                "spades/diamond/SRR13439802_11646.contigs.fa.gz",
                "spades/diamond/SRR13439802_11646.scaffolds.fa.gz",
                "spades/diamond/SRR13439802_11646.spades.log",
                "spades/diamond/SRR13439802_11646.warnings.log",
                "spades/diamond/SRR13439802_11676.contigs.fa.gz",
                "spades/diamond/SRR13439802_11676.scaffolds.fa.gz",
                "spades/diamond/SRR13439802_11676.spades.log",
                "spades/diamond/SRR13439813_10404.contigs.fa.gz",
                "spades/diamond/SRR13439813_10404.scaffolds.fa.gz",
                "spades/diamond/SRR13439813_10404.spades.log",
                "spades/diamond/SRR13439813_10404.warnings.log",
                "spades/diamond/SRR13439813_10405.contigs.fa.gz",
                "spades/diamond/SRR13439813_10405.scaffolds.fa.gz",
                "spades/diamond/SRR13439813_10405.spades.log",
                "spades/diamond/SRR13439813_10405.warnings.log",
                "spades/diamond/SRR13439813_1054461.contigs.fa.gz",
                "spades/diamond/SRR13439813_1054461.scaffolds.fa.gz",
                "spades/diamond/SRR13439813_1054461.spades.log",
                "spades/diamond/SRR13439813_1054461.warnings.log",
                "spades/diamond/SRR13439813_1282995.contigs.fa.gz",
                "spades/diamond/SRR13439813_1282995.scaffolds.fa.gz",
                "spades/diamond/SRR13439813_1282995.spades.log",
                "spades/diamond/SRR13439813_1623283.contigs.fa.gz",
                "spades/diamond/SRR13439813_1623283.scaffolds.fa.gz",
                "spades/diamond/SRR13439813_1623283.spades.log",
                "spades/diamond/SRR13439813_1623283.warnings.log",
                "spades/diamond/SRR13439813_1910976.contigs.fa.gz",
                "spades/diamond/SRR13439813_1910976.scaffolds.fa.gz",
                "spades/diamond/SRR13439813_1910976.spades.log",
                "spades/diamond/SRR13439813_1910992.contigs.fa.gz",
                "spades/diamond/SRR13439813_1910992.scaffolds.fa.gz",
                "spades/diamond/SRR13439813_1910992.spades.log",
                "spades/diamond/SRR13439813_1910992.warnings.log",
                "spades/diamond/SRR13439813_1910993.contigs.fa.gz",
                "spades/diamond/SRR13439813_1910993.scaffolds.fa.gz",
                "spades/diamond/SRR13439813_1910993.spades.log",
                "spades/diamond/SRR13439813_1910993.warnings.log",
                "spades/diamond/SRR13439813_1911928.contigs.fa.gz",
                "spades/diamond/SRR13439813_1911928.scaffolds.fa.gz",
                "spades/diamond/SRR13439813_1911928.spades.log",
                "spades/diamond/SRR13439813_1914850.contigs.fa.gz",
                "spades/diamond/SRR13439813_1914850.scaffolds.fa.gz",
                "spades/diamond/SRR13439813_1914850.spades.log",
                "spades/diamond/SRR13439813_1914850.warnings.log",
                "spades/diamond/SRR13439813_1982099.contigs.fa.gz",
                "spades/diamond/SRR13439813_1982099.scaffolds.fa.gz",
                "spades/diamond/SRR13439813_1982099.spades.log",
                "spades/diamond/SRR13439813_2015839.contigs.fa.gz",
                "spades/diamond/SRR13439813_2015839.scaffolds.fa.gz",
                "spades/diamond/SRR13439813_2015839.spades.log",
                "spades/diamond/SRR13439813_2163996.contigs.fa.gz",
                "spades/diamond/SRR13439813_2163996.scaffolds.fa.gz",
                "spades/diamond/SRR13439813_2163996.spades.log",
                "spades/diamond/SRR13439813_2163996.warnings.log",
                "spades/diamond/SRR13439813_2175004.contigs.fa.gz",
                "spades/diamond/SRR13439813_2175004.scaffolds.fa.gz",
                "spades/diamond/SRR13439813_2175004.spades.log",
                "spades/diamond/SRR13439813_2731619.contigs.fa.gz",
                "spades/diamond/SRR13439813_2731619.scaffolds.fa.gz",
                "spades/diamond/SRR13439813_2731619.spades.log",
                "spades/diamond/SRR13439813_2731643.contigs.fa.gz",
                "spades/diamond/SRR13439813_2731643.scaffolds.fa.gz",
                "spades/diamond/SRR13439813_2731643.spades.log",
                "spades/diamond/SRR13439813_2731643.warnings.log",
                "spades/diamond/SRR13439813_2731941.contigs.fa.gz",
                "spades/diamond/SRR13439813_2731941.scaffolds.fa.gz",
                "spades/diamond/SRR13439813_2731941.spades.log",
                "spades/diamond/SRR13439813_2731941.warnings.log",
                "spades/diamond/SRR13439813_2842329.contigs.fa.gz",
                "spades/diamond/SRR13439813_2842329.scaffolds.fa.gz",
                "spades/diamond/SRR13439813_2842329.spades.log",
                "spades/diamond/SRR13439813_2842329.warnings.log",
                "spades/diamond/SRR13439813_2842412.contigs.fa.gz",
                "spades/diamond/SRR13439813_2842412.scaffolds.fa.gz",
                "spades/diamond/SRR13439813_2842412.spades.log",
                "spades/diamond/SRR13439813_2842412.warnings.log",
                "spades/diamond/SRR13439813_2842972.contigs.fa.gz",
                "spades/diamond/SRR13439813_2842972.scaffolds.fa.gz",
                "spades/diamond/SRR13439813_2842972.spades.log",
                "spades/diamond/SRR13439813_2842972.warnings.log",
                "spades/diamond/SRR13439813_2874884.contigs.fa.gz",
                "spades/diamond/SRR13439813_2874884.scaffolds.fa.gz",
                "spades/diamond/SRR13439813_2874884.spades.log",
                "spades/diamond/SRR13439813_2874884.warnings.log",
                "spades/diamond/SRR13439813_2886042.contigs.fa.gz",
                "spades/diamond/SRR13439813_2886042.scaffolds.fa.gz",
                "spades/diamond/SRR13439813_2886042.spades.log",
                "spades/diamond/SRR13439813_2943001.contigs.fa.gz",
                "spades/diamond/SRR13439813_2943001.scaffolds.fa.gz",
                "spades/diamond/SRR13439813_2943001.spades.log",
                "spades/diamond/SRR13439813_2943001.warnings.log",
                "viral_taxids/SRR13439790_diamond_viral_taxids.tsv",
                "viral_taxids/SRR13439799_diamond_viral_taxids.tsv",
                "viral_taxids/SRR13439802_diamond_viral_taxids.tsv",
                "viral_taxids/SRR13439813_diamond_viral_taxids.tsv"
            ]
        ],
        "meta": {
            "nf-test": "0.9.2",
            "nextflow": "25.04.2"
        },
        "timestamp": "2025-07-22T10:27:52.865587047"
    },
    "fastqc": {
        "content": [
            [

            ],
            [
                "input/SRR13439790_10804_diamond_1_fastqc.html",
                "input/SRR13439790_10804_diamond_2_fastqc.html",
                "input/SRR13439790_11320_diamond_1_fastqc.html",
                "input/SRR13439790_11320_diamond_2_fastqc.html",
                "input/SRR13439790_1239384_diamond_1_fastqc.html",
                "input/SRR13439790_1239384_diamond_2_fastqc.html",
                "input/SRR13439790_1910976_diamond_1_fastqc.html",
                "input/SRR13439790_1910976_diamond_2_fastqc.html",
                "input/SRR13439790_1910993_diamond_1_fastqc.html",
                "input/SRR13439790_1910993_diamond_2_fastqc.html",
                "input/SRR13439790_1911928_diamond_1_fastqc.html",
                "input/SRR13439790_1911928_diamond_2_fastqc.html",
                "input/SRR13439790_1920753_diamond_1_fastqc.html",
                "input/SRR13439790_1920753_diamond_2_fastqc.html",
                "input/SRR13439790_2842329_diamond_1_fastqc.html",
                "input/SRR13439790_2842329_diamond_2_fastqc.html",
                "input/SRR13439790_2842412_diamond_1_fastqc.html",
                "input/SRR13439790_2842412_diamond_2_fastqc.html",
                "input/SRR13439790_2886042_diamond_1_fastqc.html",
                "input/SRR13439790_2886042_diamond_2_fastqc.html",
                "input/SRR13439799_11320_diamond_fastqc.html",
                "input/SRR13439802_11646_diamond_1_fastqc.html",
                "input/SRR13439802_11646_diamond_2_fastqc.html",
                "input/SRR13439802_11676_diamond_1_fastqc.html",
                "input/SRR13439802_11676_diamond_2_fastqc.html",
                "input/SRR13439802_1910993_diamond_1_fastqc.html",
                "input/SRR13439802_1910993_diamond_2_fastqc.html",
                "input/SRR13439802_2731643_diamond_1_fastqc.html",
                "input/SRR13439802_2731643_diamond_2_fastqc.html",
                "input/SRR13439802_2886042_diamond_1_fastqc.html",
                "input/SRR13439802_2886042_diamond_2_fastqc.html",
                "input/SRR13439813_10404_diamond_1_fastqc.html",
                "input/SRR13439813_10404_diamond_2_fastqc.html",
                "input/SRR13439813_10405_diamond_1_fastqc.html",
                "input/SRR13439813_10405_diamond_2_fastqc.html",
                "input/SRR13439813_1054461_diamond_1_fastqc.html",
                "input/SRR13439813_1054461_diamond_2_fastqc.html",
                "input/SRR13439813_10704_diamond_1_fastqc.html",
                "input/SRR13439813_10704_diamond_2_fastqc.html",
                "input/SRR13439813_1239384_diamond_1_fastqc.html",
                "input/SRR13439813_1239384_diamond_2_fastqc.html",
                "input/SRR13439813_1282995_diamond_1_fastqc.html",
                "input/SRR13439813_1282995_diamond_2_fastqc.html",
                "input/SRR13439813_1415147_diamond_1_fastqc.html",
                "input/SRR13439813_1415147_diamond_2_fastqc.html",
                "input/SRR13439813_1415148_diamond_1_fastqc.html",
                "input/SRR13439813_1415148_diamond_2_fastqc.html",
                "input/SRR13439813_1458863_diamond_1_fastqc.html",
                "input/SRR13439813_1458863_diamond_2_fastqc.html",
                "input/SRR13439813_153135_diamond_1_fastqc.html",
                "input/SRR13439813_153135_diamond_2_fastqc.html",
                "input/SRR13439813_1623283_diamond_1_fastqc.html",
                "input/SRR13439813_1623283_diamond_2_fastqc.html",
                "input/SRR13439813_1654888_diamond_1_fastqc.html",
                "input/SRR13439813_1654888_diamond_2_fastqc.html",
                "input/SRR13439813_1654890_diamond_1_fastqc.html",
                "input/SRR13439813_1654890_diamond_2_fastqc.html",
                "input/SRR13439813_1701257_diamond_1_fastqc.html",
                "input/SRR13439813_1701257_diamond_2_fastqc.html",
                "input/SRR13439813_1772291_diamond_1_fastqc.html",
                "input/SRR13439813_1772291_diamond_2_fastqc.html",
                "input/SRR13439813_1852622_diamond_1_fastqc.html",
                "input/SRR13439813_1852622_diamond_2_fastqc.html",
                "input/SRR13439813_1910976_diamond_1_fastqc.html",
                "input/SRR13439813_1910976_diamond_2_fastqc.html",
                "input/SRR13439813_1910992_diamond_1_fastqc.html",
                "input/SRR13439813_1910992_diamond_2_fastqc.html",
                "input/SRR13439813_1910993_diamond_1_fastqc.html",
                "input/SRR13439813_1910993_diamond_2_fastqc.html",
                "input/SRR13439813_1911928_diamond_1_fastqc.html",
                "input/SRR13439813_1911928_diamond_2_fastqc.html",
                "input/SRR13439813_1914850_diamond_1_fastqc.html",
                "input/SRR13439813_1914850_diamond_2_fastqc.html",
                "input/SRR13439813_1918725_diamond_1_fastqc.html",
                "input/SRR13439813_1918725_diamond_2_fastqc.html",
                "input/SRR13439813_1920753_diamond_1_fastqc.html",
                "input/SRR13439813_1920753_diamond_2_fastqc.html",
                "input/SRR13439813_1923889_diamond_1_fastqc.html",
                "input/SRR13439813_1923889_diamond_2_fastqc.html",
                "input/SRR13439813_1932883_diamond_1_fastqc.html",
                "input/SRR13439813_1932883_diamond_2_fastqc.html",
                "input/SRR13439813_1980922_diamond_1_fastqc.html",
                "input/SRR13439813_1980922_diamond_2_fastqc.html",
                "input/SRR13439813_1982099_diamond_1_fastqc.html",
                "input/SRR13439813_1982099_diamond_2_fastqc.html",
                "input/SRR13439813_2006668_diamond_1_fastqc.html",
                "input/SRR13439813_2006668_diamond_2_fastqc.html",
                "input/SRR13439813_2015839_diamond_1_fastqc.html",
                "input/SRR13439813_2015839_diamond_2_fastqc.html",
                "input/SRR13439813_2163996_diamond_1_fastqc.html",
                "input/SRR13439813_2163996_diamond_2_fastqc.html",
                "input/SRR13439813_2175004_diamond_1_fastqc.html",
                "input/SRR13439813_2175004_diamond_2_fastqc.html",
                "input/SRR13439813_2301721_diamond_1_fastqc.html",
                "input/SRR13439813_2301721_diamond_2_fastqc.html",
                "input/SRR13439813_2304001_diamond_1_fastqc.html",
                "input/SRR13439813_2304001_diamond_2_fastqc.html",
                "input/SRR13439813_2316013_diamond_1_fastqc.html",
                "input/SRR13439813_2316013_diamond_2_fastqc.html",
                "input/SRR13439813_2596714_diamond_1_fastqc.html",
                "input/SRR13439813_2596714_diamond_2_fastqc.html",
                "input/SRR13439813_2603849_diamond_1_fastqc.html",
                "input/SRR13439813_2603849_diamond_2_fastqc.html",
                "input/SRR13439813_2731619_diamond_1_fastqc.html",
                "input/SRR13439813_2731619_diamond_2_fastqc.html",
                "input/SRR13439813_2731643_diamond_1_fastqc.html",
                "input/SRR13439813_2731643_diamond_2_fastqc.html",
                "input/SRR13439813_2731646_diamond_1_fastqc.html",
                "input/SRR13439813_2731646_diamond_2_fastqc.html",
                "input/SRR13439813_2731653_diamond_1_fastqc.html",
                "input/SRR13439813_2731653_diamond_2_fastqc.html",
                "input/SRR13439813_2731932_diamond_1_fastqc.html",
                "input/SRR13439813_2731932_diamond_2_fastqc.html",
                "input/SRR13439813_2731941_diamond_1_fastqc.html",
                "input/SRR13439813_2731941_diamond_2_fastqc.html",
                "input/SRR13439813_2732686_diamond_1_fastqc.html",
                "input/SRR13439813_2732686_diamond_2_fastqc.html",
                "input/SRR13439813_2733122_diamond_1_fastqc.html",
                "input/SRR13439813_2733122_diamond_2_fastqc.html",
                "input/SRR13439813_2836048_diamond_1_fastqc.html",
                "input/SRR13439813_2836048_diamond_2_fastqc.html",
                "input/SRR13439813_2842329_diamond_1_fastqc.html",
                "input/SRR13439813_2842329_diamond_2_fastqc.html",
                "input/SRR13439813_2842412_diamond_1_fastqc.html",
                "input/SRR13439813_2842412_diamond_2_fastqc.html",
                "input/SRR13439813_2842727_diamond_1_fastqc.html",
                "input/SRR13439813_2842727_diamond_2_fastqc.html",
                "input/SRR13439813_2842972_diamond_1_fastqc.html",
                "input/SRR13439813_2842972_diamond_2_fastqc.html",
                "input/SRR13439813_2842979_diamond_1_fastqc.html",
                "input/SRR13439813_2842979_diamond_2_fastqc.html",
                "input/SRR13439813_2842993_diamond_1_fastqc.html",
                "input/SRR13439813_2842993_diamond_2_fastqc.html",
                "input/SRR13439813_2852703_diamond_1_fastqc.html",
                "input/SRR13439813_2852703_diamond_2_fastqc.html",
                "input/SRR13439813_2853013_diamond_1_fastqc.html",
                "input/SRR13439813_2853013_diamond_2_fastqc.html",
                "input/SRR13439813_2859653_diamond_1_fastqc.html",
                "input/SRR13439813_2859653_diamond_2_fastqc.html",
                "input/SRR13439813_2859656_diamond_1_fastqc.html",
                "input/SRR13439813_2859656_diamond_2_fastqc.html",
                "input/SRR13439813_2873460_diamond_1_fastqc.html",
                "input/SRR13439813_2873460_diamond_2_fastqc.html",
                "input/SRR13439813_2874884_diamond_1_fastqc.html",
                "input/SRR13439813_2874884_diamond_2_fastqc.html",
                "input/SRR13439813_2886042_diamond_1_fastqc.html",
                "input/SRR13439813_2886042_diamond_2_fastqc.html",
                "input/SRR13439813_2912296_diamond_1_fastqc.html",
                "input/SRR13439813_2912296_diamond_2_fastqc.html",
                "input/SRR13439813_2923009_diamond_1_fastqc.html",
                "input/SRR13439813_2923009_diamond_2_fastqc.html",
                "input/SRR13439813_2943001_diamond_1_fastqc.html",
                "input/SRR13439813_2943001_diamond_2_fastqc.html",
                "input/SRR13439813_2943016_diamond_1_fastqc.html",
                "input/SRR13439813_2943016_diamond_2_fastqc.html",
                "input/SRR13439813_2946170_diamond_1_fastqc.html",
                "input/SRR13439813_2946170_diamond_2_fastqc.html",
                "input/SRR13439813_2946820_diamond_1_fastqc.html",
                "input/SRR13439813_2946820_diamond_2_fastqc.html",
                "input/SRR13439813_2948694_diamond_1_fastqc.html",
                "input/SRR13439813_2948694_diamond_2_fastqc.html",
                "input/SRR13439813_2985324_diamond_1_fastqc.html",
                "input/SRR13439813_2985324_diamond_2_fastqc.html",
                "input/SRR13439813_665032_diamond_1_fastqc.html",
                "input/SRR13439813_665032_diamond_2_fastqc.html"
            ]
        ],
        "meta": {
            "nf-test": "0.9.2",
            "nextflow": "25.04.2"
        },
        "timestamp": "2025-07-22T10:27:52.895406953"
    },
    "spades": {
        "content": [
            [
                "diamond/SRR13439802_11646.contigs.fa.gz",
                "diamond/SRR13439802_11646.scaffolds.fa.gz",
                "diamond/SRR13439802_11646.spades.log",
                "diamond/SRR13439802_11646.warnings.log",
                "diamond/SRR13439802_11676.contigs.fa.gz",
                "diamond/SRR13439802_11676.scaffolds.fa.gz",
                "diamond/SRR13439802_11676.spades.log",
                "diamond/SRR13439813_10404.contigs.fa.gz",
                "diamond/SRR13439813_10404.scaffolds.fa.gz",
                "diamond/SRR13439813_10404.spades.log",
                "diamond/SRR13439813_10404.warnings.log",
                "diamond/SRR13439813_10405.contigs.fa.gz",
                "diamond/SRR13439813_10405.scaffolds.fa.gz",
                "diamond/SRR13439813_10405.spades.log",
                "diamond/SRR13439813_10405.warnings.log",
                "diamond/SRR13439813_1054461.contigs.fa.gz",
                "diamond/SRR13439813_1054461.scaffolds.fa.gz",
                "diamond/SRR13439813_1054461.spades.log",
                "diamond/SRR13439813_1054461.warnings.log",
                "diamond/SRR13439813_1282995.contigs.fa.gz",
                "diamond/SRR13439813_1282995.scaffolds.fa.gz",
                "diamond/SRR13439813_1282995.spades.log",
                "diamond/SRR13439813_1623283.contigs.fa.gz",
                "diamond/SRR13439813_1623283.scaffolds.fa.gz",
                "diamond/SRR13439813_1623283.spades.log",
                "diamond/SRR13439813_1623283.warnings.log",
                "diamond/SRR13439813_1910976.contigs.fa.gz",
                "diamond/SRR13439813_1910976.scaffolds.fa.gz",
                "diamond/SRR13439813_1910976.spades.log",
                "diamond/SRR13439813_1910992.contigs.fa.gz",
                "diamond/SRR13439813_1910992.scaffolds.fa.gz",
                "diamond/SRR13439813_1910992.spades.log",
                "diamond/SRR13439813_1910992.warnings.log",
                "diamond/SRR13439813_1910993.contigs.fa.gz",
                "diamond/SRR13439813_1910993.scaffolds.fa.gz",
                "diamond/SRR13439813_1910993.spades.log",
                "diamond/SRR13439813_1910993.warnings.log",
                "diamond/SRR13439813_1911928.contigs.fa.gz",
                "diamond/SRR13439813_1911928.scaffolds.fa.gz",
                "diamond/SRR13439813_1911928.spades.log",
                "diamond/SRR13439813_1914850.contigs.fa.gz",
                "diamond/SRR13439813_1914850.scaffolds.fa.gz",
                "diamond/SRR13439813_1914850.spades.log",
                "diamond/SRR13439813_1914850.warnings.log",
                "diamond/SRR13439813_1982099.contigs.fa.gz",
                "diamond/SRR13439813_1982099.scaffolds.fa.gz",
                "diamond/SRR13439813_1982099.spades.log",
                "diamond/SRR13439813_2015839.contigs.fa.gz",
                "diamond/SRR13439813_2015839.scaffolds.fa.gz",
                "diamond/SRR13439813_2015839.spades.log",
                "diamond/SRR13439813_2163996.contigs.fa.gz",
                "diamond/SRR13439813_2163996.scaffolds.fa.gz",
                "diamond/SRR13439813_2163996.spades.log",
                "diamond/SRR13439813_2163996.warnings.log",
                "diamond/SRR13439813_2175004.contigs.fa.gz",
                "diamond/SRR13439813_2175004.scaffolds.fa.gz",
                "diamond/SRR13439813_2175004.spades.log",
                "diamond/SRR13439813_2731619.contigs.fa.gz",
                "diamond/SRR13439813_2731619.scaffolds.fa.gz",
                "diamond/SRR13439813_2731619.spades.log",
                "diamond/SRR13439813_2731643.contigs.fa.gz",
                "diamond/SRR13439813_2731643.scaffolds.fa.gz",
                "diamond/SRR13439813_2731643.spades.log",
                "diamond/SRR13439813_2731643.warnings.log",
                "diamond/SRR13439813_2731941.contigs.fa.gz",
                "diamond/SRR13439813_2731941.scaffolds.fa.gz",
                "diamond/SRR13439813_2731941.spades.log",
                "diamond/SRR13439813_2731941.warnings.log",
                "diamond/SRR13439813_2842329.contigs.fa.gz",
                "diamond/SRR13439813_2842329.scaffolds.fa.gz",
                "diamond/SRR13439813_2842329.spades.log",
                "diamond/SRR13439813_2842329.warnings.log",
                "diamond/SRR13439813_2842412.contigs.fa.gz",
                "diamond/SRR13439813_2842412.scaffolds.fa.gz",
                "diamond/SRR13439813_2842412.spades.log",
                "diamond/SRR13439813_2842412.warnings.log",
                "diamond/SRR13439813_2842972.contigs.fa.gz",
                "diamond/SRR13439813_2842972.scaffolds.fa.gz",
                "diamond/SRR13439813_2842972.spades.log",
                "diamond/SRR13439813_2842972.warnings.log",
                "diamond/SRR13439813_2874884.contigs.fa.gz",
                "diamond/SRR13439813_2874884.scaffolds.fa.gz",
                "diamond/SRR13439813_2874884.spades.log",
                "diamond/SRR13439813_2874884.warnings.log",
                "diamond/SRR13439813_2886042.contigs.fa.gz",
                "diamond/SRR13439813_2886042.scaffolds.fa.gz",
                "diamond/SRR13439813_2886042.spades.log",
                "diamond/SRR13439813_2943001.contigs.fa.gz",
                "diamond/SRR13439813_2943001.scaffolds.fa.gz",
                "diamond/SRR13439813_2943001.spades.log",
                "diamond/SRR13439813_2943001.warnings.log"
            ],
            [

            ]
        ],
        "meta": {
            "nf-test": "0.9.2",
            "nextflow": "25.04.2"
        },
        "timestamp": "2025-07-22T10:27:52.940753469"
    },
    "-profile test_denovo": {
        "content": [
            254,
            {
                "FASTQC": {
                    "fastqc": "0.12.1"
                },
                "SEQKIT_FQ2FA": {
                    "seqkit": "2.9.0"
                },
                "SPADES": {
                    "spades": "4.1.0"
                },
                "Workflow": {
                    "genomic-medicine-sweden/metaval": "v1.0dev"
                }
            }
        ],
        "meta": {
            "nf-test": "0.9.2",
            "nextflow": "25.04.2"
        },
        "timestamp": "2025-07-22T10:27:52.852025126"
    },
    "multiqc": {
        "content": [
            [
                "multiqc_data/BETA-multiqc.parquet",
                "multiqc_data/fastqc-status-check-heatmap.txt",
                "multiqc_data/fastqc_overrepresented_sequences_plot.txt",
                "multiqc_data/fastqc_per_base_n_content_plot.txt",
                "multiqc_data/fastqc_per_base_sequence_quality_plot.txt",
                "multiqc_data/fastqc_per_sequence_gc_content_plot_Counts.txt",
                "multiqc_data/fastqc_per_sequence_gc_content_plot_Percentages.txt",
                "multiqc_data/fastqc_per_sequence_quality_scores_plot.txt",
                "multiqc_data/fastqc_sequence_counts_plot.txt",
                "multiqc_data/fastqc_sequence_duplication_levels_plot.txt",
                "multiqc_data/fastqc_sequence_length_distribution_plot.txt",
                "multiqc_data/fastqc_top_overrepresented_sequences_table.txt",
                "multiqc_data/llms-full.txt",
                "multiqc_data/multiqc.log",
                "multiqc_data/multiqc_citations.txt",
                "multiqc_data/multiqc_data.json",
                "multiqc_data/multiqc_fastqc.txt",
                "multiqc_data/multiqc_general_stats.txt",
                "multiqc_data/multiqc_software_versions.txt",
                "multiqc_data/multiqc_sources.txt",
                "multiqc_report.html"
            ],
            [

            ]
        ],
        "meta": {
            "nf-test": "0.9.2",
            "nextflow": "25.04.2"
        },
        "timestamp": "2025-07-22T10:27:52.918241401"
    }
}
