{
    "versions_diamond": {
        "content": null,
        "timestamp": "2026-08-24T21:21:17.062438",
        "meta": {
            "nf-test": "0.9.5",
            "nextflow": "25.10.4"
        }
    },
    "versions_all_classifiers": {
        "content": null,
        "timestamp": "2026-08-24T21:21:52.680068",
        "meta": {
            "nf-test": "0.9.5",
            "nextflow": "25.10.4"
        }
    },
    "versions_kraken2": {
        "content": null,
        "timestamp": "2026-08-24T21:21:28.725133",
        "meta": {
            "nf-test": "0.9.5",
            "nextflow": "25.10.4"
        }
    }
}